2026-02-18 22:02:39,294 - root - INFO - 合并后的价格数据预览：
2026-02-18 22:02:39,305 - root - INFO -               宁德时代  market_data_1_上证综指  market_data_2_深证成指  upstream_1_湖南裕能  ...  downstream_2_长城汽车  downstream_3_长安汽车  downstream_4_上汽集团        LC
2026-02-18 22:02:39,307 - root - INFO - 日期                                                                           ...
2026-02-18 22:02:39,307 - root - INFO - 2024-01-02  286.07             1345.53             1345.53            33.31  ...              83.29             144.59             111.18  108350.0
2026-02-18 22:02:39,307 - root - INFO - 2024-01-03  284.22             1344.28             1344.28            32.89  ...              81.79             141.02             111.52  106600.0
2026-02-18 22:02:39,309 - root - INFO - 2024-01-04  275.94             1333.03             1333.03            32.45  ...              80.86             137.06             111.18  100450.0
2026-02-18 22:02:39,309 - root - INFO - 2024-01-05  275.40             1353.03             1353.03            32.60  ...              80.26             133.89             110.84   98650.0
2026-02-18 22:02:39,309 - root - INFO - 2024-01-08  273.78             1338.03             1338.03            32.05  ...              78.34             133.10             109.90   97200.0
2026-02-18 22:02:39,309 - root - INFO - ...            ...                 ...                 ...              ...  ...                ...                ...                ...       ...
2026-02-18 22:02:39,310 - root - INFO - 2025-12-25  696.42             1834.74             1834.74            67.57  ...              78.10             115.64             121.71  123520.0
2026-02-18 22:02:39,310 - root - INFO - 2025-12-26  698.97             1832.24             1832.24            71.89  ...              79.93             116.36             121.93  130520.0
2026-02-18 22:02:39,310 - root - INFO - 2025-12-29  689.76             1834.74             1834.74            68.05  ...              79.42             115.64             121.41  118820.0
2026-02-18 22:02:39,311 - root - INFO - 2025-12-30  689.56             1824.74             1824.74            67.58  ...              79.09             115.64             121.33  121580.0
2026-02-18 22:02:39,311 - root - INFO - 2025-12-31  686.07             1815.99             1815.99            65.63  ...              79.48             115.33             120.78  121580.0
2026-02-18 22:02:39,311 - root - INFO - 
2026-02-18 22:02:39,311 - root - INFO - [485 rows x 10 columns]
2026-02-18 22:02:39,966 - root - INFO - 因果矩阵已生成：
2026-02-18 22:02:39,974 - root - INFO -                      宁德时代  market_data_1_上证综指  market_data_2_深证成指  upstream_1_湖南裕能  ...     LC  (0, 4)  (3, 4)  (3, 7)
2026-02-18 22:02:39,974 - root - INFO - 宁德时代                False               False               False            False  ...  False    True    True    True
2026-02-18 22:02:39,976 - root - INFO - market_data_1_上证综指  False               False               False            False  ...  False    True    True    True
2026-02-18 22:02:39,976 - root - INFO - market_data_2_深证成指  False               False               False            False  ...  False    True    True    True
2026-02-18 22:02:39,976 - root - INFO - upstream_1_湖南裕能     False               False               False            False  ...  False    True    True    True
2026-02-18 22:02:39,976 - root - INFO - upstream_2_盛新锂能     False               False               False            False  ...  False    True    True    True
2026-02-18 22:02:39,977 - root - INFO - downstream_1_比亚迪    False               False               False            False  ...  False    True    True    True
2026-02-18 22:02:39,977 - root - INFO - downstream_2_长城汽车   False               False               False            False  ...  False    True    True    True
2026-02-18 22:02:39,977 - root - INFO - downstream_3_长安汽车   False               False               False            False  ...  False    True    True    True
2026-02-18 22:02:39,977 - root - INFO - downstream_4_上汽集团   False               False               False            False  ...  False    True    True    True
2026-02-18 22:02:39,978 - root - INFO - LC                  False               False               False            False  ...  False    True    True    True
2026-02-18 22:02:39,978 - root - INFO - 
2026-02-18 22:02:39,978 - root - INFO - [10 rows x 13 columns]
2026-02-18 22:02:39,978 - root - INFO - 目标变量因果变量为：
2026-02-18 22:02:39,979 - root - INFO - [0, 4]
2026-02-18 22:02:39,980 - root - ERROR - Traceback (most recent call last):
2026-02-18 22:02:39,980 - root - ERROR -   File "D:\HuaweiMoveData\Users\86180\Desktop\new\main.py", line 59, in <module>
2026-02-18 22:02:39,981 - root - ERROR - con.visualize_granger_causal_network(causal_vector, adj_matrix)
2026-02-18 22:02:39,981 - root - ERROR -   File "D:\HuaweiMoveData\Users\86180\Desktop\new\Construction.py", line 118, in visualize_granger_causal_network
2026-02-18 22:02:39,982 - root - ERROR - for reason, result, p_value in causal_vector:
2026-02-18 22:02:39,982 - root - ERROR - ^
2026-02-18 22:02:39,982 - root - ERROR - ^
2026-02-18 22:02:39,982 - root - ERROR - ^
2026-02-18 22:02:39,982 - root - ERROR - ^
2026-02-18 22:02:39,983 - root - ERROR - ^
2026-02-18 22:02:39,983 - root - ERROR - ^
2026-02-18 22:02:39,983 - root - ERROR - ^
2026-02-18 22:02:39,983 - root - ERROR - ^
2026-02-18 22:02:39,983 - root - ERROR - ^
2026-02-18 22:02:39,983 - root - ERROR - ^
2026-02-18 22:02:39,983 - root - ERROR - ^
2026-02-18 22:02:39,983 - root - ERROR - ^
2026-02-18 22:02:39,983 - root - ERROR - ^
2026-02-18 22:02:39,983 - root - ERROR - ^
2026-02-18 22:02:39,984 - root - ERROR - ^
2026-02-18 22:02:39,984 - root - ERROR - ^
2026-02-18 22:02:39,984 - root - ERROR - ^
2026-02-18 22:02:39,984 - root - ERROR - ^
2026-02-18 22:02:39,984 - root - ERROR - ^
2026-02-18 22:02:39,984 - root - ERROR - ^
2026-02-18 22:02:39,985 - root - ERROR - ^
2026-02-18 22:02:39,985 - root - ERROR - ^
2026-02-18 22:02:39,985 - root - ERROR - ^
2026-02-18 22:02:39,985 - root - ERROR - ValueError
2026-02-18 22:02:39,985 - root - ERROR - :
2026-02-18 22:02:39,986 - root - ERROR - too many values to unpack (expected 3)
