2026-02-20 23:43:17,035 - root - ERROR - Traceback (most recent call last):
2026-02-20 23:43:17,036 - root - ERROR -   File "D:\HuaweiMoveData\Users\86180\Desktop\new\main.py", line 52, in <module>
2026-02-20 23:43:17,036 - root - ERROR - target_price_data, market_price_data, futures_price_data, price_upstream_data, price_downstream_data = pre.load_data()
2026-02-20 23:43:17,037 - root - ERROR - ^
2026-02-20 23:43:17,037 - root - ERROR - ^
2026-02-20 23:43:17,037 - root - ERROR - ^
2026-02-20 23:43:17,038 - root - ERROR - ^
2026-02-20 23:43:17,038 - root - ERROR - ^
2026-02-20 23:43:17,038 - root - ERROR - ^
2026-02-20 23:43:17,038 - root - ERROR - ^
2026-02-20 23:43:17,039 - root - ERROR - ^
2026-02-20 23:43:17,039 - root - ERROR - ^
2026-02-20 23:43:17,039 - root - ERROR - ^
2026-02-20 23:43:17,039 - root - ERROR - ^
2026-02-20 23:43:17,039 - root - ERROR - ^
2026-02-20 23:43:17,039 - root - ERROR - ^
2026-02-20 23:43:17,039 - root - ERROR - ^
2026-02-20 23:43:17,040 - root - ERROR - ^
2026-02-20 23:43:17,040 - root - ERROR -   File "D:\HuaweiMoveData\Users\86180\Desktop\new\Preprocessing.py", line 104, in load_data
2026-02-20 23:43:17,040 - root - ERROR - df = pd.read_csv(f"{cache_dir}/{filename}", encoding='utf-8-sig')
2026-02-20 23:43:17,040 - root - ERROR - ^
2026-02-20 23:43:17,041 - root - ERROR - ^
2026-02-20 23:43:17,041 - root - ERROR - ^
2026-02-20 23:43:17,041 - root - ERROR - ^
2026-02-20 23:43:17,041 - root - ERROR - ^
2026-02-20 23:43:17,041 - root - ERROR - ^
2026-02-20 23:43:17,042 - root - ERROR - ^
2026-02-20 23:43:17,042 - root - ERROR - ^
2026-02-20 23:43:17,042 - root - ERROR - ^
2026-02-20 23:43:17,042 - root - ERROR - ^
2026-02-20 23:43:17,043 - root - ERROR - ^
2026-02-20 23:43:17,043 - root - ERROR - ^
2026-02-20 23:43:17,043 - root - ERROR - ^
2026-02-20 23:43:17,043 - root - ERROR - ^
2026-02-20 23:43:17,044 - root - ERROR - ^
2026-02-20 23:43:17,044 - root - ERROR - ^
2026-02-20 23:43:17,044 - root - ERROR - ^
2026-02-20 23:43:17,044 - root - ERROR - ^
2026-02-20 23:43:17,045 - root - ERROR - ^
2026-02-20 23:43:17,045 - root - ERROR - ^
2026-02-20 23:43:17,045 - root - ERROR - ^
2026-02-20 23:43:17,045 - root - ERROR - ^
2026-02-20 23:43:17,045 - root - ERROR - ^
2026-02-20 23:43:17,045 - root - ERROR - ^
2026-02-20 23:43:17,046 - root - ERROR - ^
2026-02-20 23:43:17,046 - root - ERROR - ^
2026-02-20 23:43:17,046 - root - ERROR - ^
2026-02-20 23:43:17,046 - root - ERROR - ^
2026-02-20 23:43:17,046 - root - ERROR - ^
2026-02-20 23:43:17,046 - root - ERROR - ^
2026-02-20 23:43:17,047 - root - ERROR - ^
2026-02-20 23:43:17,047 - root - ERROR - ^
2026-02-20 23:43:17,047 - root - ERROR - ^
2026-02-20 23:43:17,047 - root - ERROR - ^
2026-02-20 23:43:17,047 - root - ERROR - ^
2026-02-20 23:43:17,047 - root - ERROR - ^
2026-02-20 23:43:17,047 - root - ERROR - ^
2026-02-20 23:43:17,047 - root - ERROR - ^
2026-02-20 23:43:17,047 - root - ERROR - ^
2026-02-20 23:43:17,049 - root - ERROR - ^
2026-02-20 23:43:17,049 - root - ERROR - ^
2026-02-20 23:43:17,049 - root - ERROR - ^
2026-02-20 23:43:17,049 - root - ERROR - ^
2026-02-20 23:43:17,049 - root - ERROR - ^
2026-02-20 23:43:17,049 - root - ERROR - ^
2026-02-20 23:43:17,050 - root - ERROR - ^
2026-02-20 23:43:17,050 - root - ERROR - ^
2026-02-20 23:43:17,050 - root - ERROR - ^
2026-02-20 23:43:17,050 - root - ERROR - ^
2026-02-20 23:43:17,050 - root - ERROR - ^
2026-02-20 23:43:17,050 - root - ERROR - ^
2026-02-20 23:43:17,051 - root - ERROR - ^
2026-02-20 23:43:17,051 - root - ERROR - ^
2026-02-20 23:43:17,051 - root - ERROR - ^
2026-02-20 23:43:17,051 - root - ERROR - ^
2026-02-20 23:43:17,051 - root - ERROR - ^
2026-02-20 23:43:17,051 - root - ERROR - ^
2026-02-20 23:43:17,052 - root - ERROR - ^
2026-02-20 23:43:17,052 - root - ERROR - ^
2026-02-20 23:43:17,052 - root - ERROR - ^
2026-02-20 23:43:17,052 - root - ERROR -   File "D:\anaconda\Lib\site-packages\pandas\io\parsers\readers.py", line 1026, in read_csv
2026-02-20 23:43:17,076 - root - ERROR - return _read(filepath_or_buffer, kwds)
2026-02-20 23:43:17,077 - root - ERROR - ^
2026-02-20 23:43:17,077 - root - ERROR - ^
2026-02-20 23:43:17,078 - root - ERROR - ^
2026-02-20 23:43:17,078 - root - ERROR - ^
2026-02-20 23:43:17,078 - root - ERROR - ^
2026-02-20 23:43:17,078 - root - ERROR - ^
2026-02-20 23:43:17,079 - root - ERROR - ^
2026-02-20 23:43:17,079 - root - ERROR - ^
2026-02-20 23:43:17,079 - root - ERROR - ^
2026-02-20 23:43:17,080 - root - ERROR - ^
2026-02-20 23:43:17,080 - root - ERROR - ^
2026-02-20 23:43:17,080 - root - ERROR - ^
2026-02-20 23:43:17,081 - root - ERROR - ^
2026-02-20 23:43:17,081 - root - ERROR - ^
2026-02-20 23:43:17,081 - root - ERROR - ^
2026-02-20 23:43:17,081 - root - ERROR - ^
2026-02-20 23:43:17,082 - root - ERROR - ^
2026-02-20 23:43:17,082 - root - ERROR - ^
2026-02-20 23:43:17,082 - root - ERROR - ^
2026-02-20 23:43:17,082 - root - ERROR - ^
2026-02-20 23:43:17,083 - root - ERROR - ^
2026-02-20 23:43:17,083 - root - ERROR - ^
2026-02-20 23:43:17,083 - root - ERROR - ^
2026-02-20 23:43:17,083 - root - ERROR - ^
2026-02-20 23:43:17,084 - root - ERROR - ^
2026-02-20 23:43:17,084 - root - ERROR - ^
2026-02-20 23:43:17,084 - root - ERROR - ^
2026-02-20 23:43:17,084 - root - ERROR - ^
2026-02-20 23:43:17,084 - root - ERROR - ^
2026-02-20 23:43:17,085 - root - ERROR - ^
2026-02-20 23:43:17,085 - root - ERROR - ^
2026-02-20 23:43:17,085 - root - ERROR -   File "D:\anaconda\Lib\site-packages\pandas\io\parsers\readers.py", line 620, in _read
2026-02-20 23:43:17,085 - root - ERROR - parser = TextFileReader(filepath_or_buffer, **kwds)
2026-02-20 23:43:17,085 - root - ERROR - ^
2026-02-20 23:43:17,086 - root - ERROR - ^
2026-02-20 23:43:17,086 - root - ERROR - ^
2026-02-20 23:43:17,086 - root - ERROR - ^
2026-02-20 23:43:17,086 - root - ERROR - ^
2026-02-20 23:43:17,086 - root - ERROR - ^
2026-02-20 23:43:17,087 - root - ERROR - ^
2026-02-20 23:43:17,087 - root - ERROR - ^
2026-02-20 23:43:17,087 - root - ERROR - ^
2026-02-20 23:43:17,088 - root - ERROR - ^
2026-02-20 23:43:17,088 - root - ERROR - ^
2026-02-20 23:43:17,088 - root - ERROR - ^
2026-02-20 23:43:17,088 - root - ERROR - ^
2026-02-20 23:43:17,088 - root - ERROR - ^
2026-02-20 23:43:17,089 - root - ERROR - ^
2026-02-20 23:43:17,089 - root - ERROR - ^
2026-02-20 23:43:17,089 - root - ERROR - ^
2026-02-20 23:43:17,089 - root - ERROR - ^
2026-02-20 23:43:17,090 - root - ERROR - ^
2026-02-20 23:43:17,090 - root - ERROR - ^
2026-02-20 23:43:17,090 - root - ERROR - ^
2026-02-20 23:43:17,090 - root - ERROR - ^
2026-02-20 23:43:17,090 - root - ERROR - ^
2026-02-20 23:43:17,091 - root - ERROR - ^
2026-02-20 23:43:17,091 - root - ERROR - ^
2026-02-20 23:43:17,091 - root - ERROR - ^
2026-02-20 23:43:17,091 - root - ERROR - ^
2026-02-20 23:43:17,092 - root - ERROR - ^
2026-02-20 23:43:17,092 - root - ERROR - ^
2026-02-20 23:43:17,092 - root - ERROR - ^
2026-02-20 23:43:17,092 - root - ERROR - ^
2026-02-20 23:43:17,092 - root - ERROR - ^
2026-02-20 23:43:17,092 - root - ERROR - ^
2026-02-20 23:43:17,092 - root - ERROR - ^
2026-02-20 23:43:17,094 - root - ERROR - ^
2026-02-20 23:43:17,094 - root - ERROR - ^
2026-02-20 23:43:17,094 - root - ERROR - ^
2026-02-20 23:43:17,094 - root - ERROR - ^
2026-02-20 23:43:17,095 - root - ERROR - ^
2026-02-20 23:43:17,095 - root - ERROR - ^
2026-02-20 23:43:17,095 - root - ERROR - ^
2026-02-20 23:43:17,095 - root - ERROR - ^
2026-02-20 23:43:17,095 - root - ERROR -   File "D:\anaconda\Lib\site-packages\pandas\io\parsers\readers.py", line 1620, in __init__
2026-02-20 23:43:17,096 - root - ERROR - self._engine = self._make_engine(f, self.engine)
2026-02-20 23:43:17,096 - root - ERROR - ^
2026-02-20 23:43:17,097 - root - ERROR - ^
2026-02-20 23:43:17,097 - root - ERROR - ^
2026-02-20 23:43:17,097 - root - ERROR - ^
2026-02-20 23:43:17,097 - root - ERROR - ^
2026-02-20 23:43:17,097 - root - ERROR - ^
2026-02-20 23:43:17,097 - root - ERROR - ^
2026-02-20 23:43:17,097 - root - ERROR - ^
2026-02-20 23:43:17,097 - root - ERROR - ^
2026-02-20 23:43:17,098 - root - ERROR - ^
2026-02-20 23:43:17,098 - root - ERROR - ^
2026-02-20 23:43:17,098 - root - ERROR - ^
2026-02-20 23:43:17,098 - root - ERROR - ^
2026-02-20 23:43:17,098 - root - ERROR - ^
2026-02-20 23:43:17,098 - root - ERROR - ^
2026-02-20 23:43:17,098 - root - ERROR - ^
2026-02-20 23:43:17,098 - root - ERROR - ^
2026-02-20 23:43:17,099 - root - ERROR - ^
2026-02-20 23:43:17,099 - root - ERROR - ^
2026-02-20 23:43:17,099 - root - ERROR - ^
2026-02-20 23:43:17,099 - root - ERROR - ^
2026-02-20 23:43:17,099 - root - ERROR - ^
2026-02-20 23:43:17,099 - root - ERROR - ^
2026-02-20 23:43:17,100 - root - ERROR - ^
2026-02-20 23:43:17,100 - root - ERROR - ^
2026-02-20 23:43:17,100 - root - ERROR - ^
2026-02-20 23:43:17,100 - root - ERROR - ^
2026-02-20 23:43:17,100 - root - ERROR - ^
2026-02-20 23:43:17,100 - root - ERROR - ^
2026-02-20 23:43:17,101 - root - ERROR - ^
2026-02-20 23:43:17,101 - root - ERROR - ^
2026-02-20 23:43:17,101 - root - ERROR - ^
2026-02-20 23:43:17,101 - root - ERROR - ^
2026-02-20 23:43:17,101 - root - ERROR -   File "D:\anaconda\Lib\site-packages\pandas\io\parsers\readers.py", line 1898, in _make_engine
2026-02-20 23:43:17,102 - root - ERROR - return mapping[engine](f, **self.options)
2026-02-20 23:43:17,102 - root - ERROR - ^
2026-02-20 23:43:17,102 - root - ERROR - ^
2026-02-20 23:43:17,102 - root - ERROR - ^
2026-02-20 23:43:17,103 - root - ERROR - ^
2026-02-20 23:43:17,103 - root - ERROR - ^
2026-02-20 23:43:17,103 - root - ERROR - ^
2026-02-20 23:43:17,103 - root - ERROR - ^
2026-02-20 23:43:17,103 - root - ERROR - ^
2026-02-20 23:43:17,103 - root - ERROR - ^
2026-02-20 23:43:17,103 - root - ERROR - ^
2026-02-20 23:43:17,103 - root - ERROR - ^
2026-02-20 23:43:17,104 - root - ERROR - ^
2026-02-20 23:43:17,104 - root - ERROR - ^
2026-02-20 23:43:17,104 - root - ERROR - ^
2026-02-20 23:43:17,104 - root - ERROR - ^
2026-02-20 23:43:17,104 - root - ERROR - ^
2026-02-20 23:43:17,104 - root - ERROR - ^
2026-02-20 23:43:17,104 - root - ERROR - ^
2026-02-20 23:43:17,105 - root - ERROR - ^
2026-02-20 23:43:17,105 - root - ERROR - ^
2026-02-20 23:43:17,105 - root - ERROR - ^
2026-02-20 23:43:17,105 - root - ERROR - ^
2026-02-20 23:43:17,105 - root - ERROR - ^
2026-02-20 23:43:17,105 - root - ERROR - ^
2026-02-20 23:43:17,105 - root - ERROR - ^
2026-02-20 23:43:17,105 - root - ERROR - ^
2026-02-20 23:43:17,106 - root - ERROR - ^
2026-02-20 23:43:17,106 - root - ERROR - ^
2026-02-20 23:43:17,106 - root - ERROR - ^
2026-02-20 23:43:17,106 - root - ERROR - ^
2026-02-20 23:43:17,106 - root - ERROR - ^
2026-02-20 23:43:17,106 - root - ERROR - ^
2026-02-20 23:43:17,106 - root - ERROR - ^
2026-02-20 23:43:17,107 - root - ERROR - ^
2026-02-20 23:43:17,107 - root - ERROR -   File "D:\anaconda\Lib\site-packages\pandas\io\parsers\c_parser_wrapper.py", line 93, in __init__
2026-02-20 23:43:17,128 - root - ERROR - self._reader = parsers.TextReader(src, **kwds)
2026-02-20 23:43:17,128 - root - ERROR - ^
2026-02-20 23:43:17,128 - root - ERROR - ^
2026-02-20 23:43:17,129 - root - ERROR - ^
2026-02-20 23:43:17,129 - root - ERROR - ^
2026-02-20 23:43:17,129 - root - ERROR - ^
2026-02-20 23:43:17,129 - root - ERROR - ^
2026-02-20 23:43:17,130 - root - ERROR - ^
2026-02-20 23:43:17,130 - root - ERROR - ^
2026-02-20 23:43:17,130 - root - ERROR - ^
2026-02-20 23:43:17,130 - root - ERROR - ^
2026-02-20 23:43:17,130 - root - ERROR - ^
2026-02-20 23:43:17,130 - root - ERROR - ^
2026-02-20 23:43:17,130 - root - ERROR - ^
2026-02-20 23:43:17,131 - root - ERROR - ^
2026-02-20 23:43:17,131 - root - ERROR - ^
2026-02-20 23:43:17,131 - root - ERROR - ^
2026-02-20 23:43:17,131 - root - ERROR - ^
2026-02-20 23:43:17,131 - root - ERROR - ^
2026-02-20 23:43:17,131 - root - ERROR - ^
2026-02-20 23:43:17,132 - root - ERROR - ^
2026-02-20 23:43:17,132 - root - ERROR - ^
2026-02-20 23:43:17,132 - root - ERROR - ^
2026-02-20 23:43:17,132 - root - ERROR - ^
2026-02-20 23:43:17,132 - root - ERROR - ^
2026-02-20 23:43:17,133 - root - ERROR - ^
2026-02-20 23:43:17,133 - root - ERROR - ^
2026-02-20 23:43:17,133 - root - ERROR - ^
2026-02-20 23:43:17,133 - root - ERROR - ^
2026-02-20 23:43:17,133 - root - ERROR - ^
2026-02-20 23:43:17,134 - root - ERROR - ^
2026-02-20 23:43:17,134 - root - ERROR - ^
2026-02-20 23:43:17,134 - root - ERROR -   File "parsers.pyx", line 581, in pandas._libs.parsers.TextReader.__cinit__
2026-02-20 23:43:17,135 - root - ERROR - pandas.errors
2026-02-20 23:43:17,135 - root - ERROR - .
2026-02-20 23:43:17,135 - root - ERROR - EmptyDataError
2026-02-20 23:43:17,135 - root - ERROR - :
2026-02-20 23:43:17,136 - root - ERROR - No columns to parse from file
