2026-03-25 14:19:36,367 - root - ERROR - Traceback (most recent call last):
2026-03-25 14:19:36,367 - root - ERROR -   File "/data/coding/main.py", line 53, in <module>
2026-03-25 14:19:36,367 - root - ERROR - earnings = pre.data_merge(target_price_data, market_price_data, price_related_data)
2026-03-25 14:19:36,367 - root - ERROR - ^
2026-03-25 14:19:36,367 - root - ERROR - ^
2026-03-25 14:19:36,368 - root - ERROR - ^
2026-03-25 14:19:36,368 - root - ERROR - ^
2026-03-25 14:19:36,368 - root - ERROR - ^
2026-03-25 14:19:36,368 - root - ERROR - ^
2026-03-25 14:19:36,368 - root - ERROR - ^
2026-03-25 14:19:36,368 - root - ERROR - ^
2026-03-25 14:19:36,368 - root - ERROR - ^
2026-03-25 14:19:36,368 - root - ERROR - ^
2026-03-25 14:19:36,368 - root - ERROR - ^
2026-03-25 14:19:36,368 - root - ERROR - ^
2026-03-25 14:19:36,368 - root - ERROR - ^
2026-03-25 14:19:36,368 - root - ERROR - ^
2026-03-25 14:19:36,368 - root - ERROR - ^
2026-03-25 14:19:36,368 - root - ERROR - ^
2026-03-25 14:19:36,368 - root - ERROR - ^
2026-03-25 14:19:36,368 - root - ERROR - ^
2026-03-25 14:19:36,368 - root - ERROR - ^
2026-03-25 14:19:36,368 - root - ERROR - ^
2026-03-25 14:19:36,368 - root - ERROR - ^
2026-03-25 14:19:36,368 - root - ERROR - ^
2026-03-25 14:19:36,368 - root - ERROR - ^
2026-03-25 14:19:36,368 - root - ERROR - ^
2026-03-25 14:19:36,369 - root - ERROR - ^
2026-03-25 14:19:36,369 - root - ERROR - ^
2026-03-25 14:19:36,369 - root - ERROR - ^
2026-03-25 14:19:36,369 - root - ERROR - ^
2026-03-25 14:19:36,369 - root - ERROR - ^
2026-03-25 14:19:36,369 - root - ERROR - ^
2026-03-25 14:19:36,369 - root - ERROR - ^
2026-03-25 14:19:36,369 - root - ERROR - ^
2026-03-25 14:19:36,369 - root - ERROR - ^
2026-03-25 14:19:36,369 - root - ERROR - ^
2026-03-25 14:19:36,369 - root - ERROR - ^
2026-03-25 14:19:36,369 - root - ERROR - ^
2026-03-25 14:19:36,369 - root - ERROR - ^
2026-03-25 14:19:36,369 - root - ERROR - ^
2026-03-25 14:19:36,369 - root - ERROR - ^
2026-03-25 14:19:36,369 - root - ERROR - ^
2026-03-25 14:19:36,369 - root - ERROR - ^
2026-03-25 14:19:36,369 - root - ERROR - ^
2026-03-25 14:19:36,369 - root - ERROR - ^
2026-03-25 14:19:36,369 - root - ERROR - ^
2026-03-25 14:19:36,369 - root - ERROR - ^
2026-03-25 14:19:36,369 - root - ERROR - ^
2026-03-25 14:19:36,369 - root - ERROR - ^
2026-03-25 14:19:36,369 - root - ERROR - ^
2026-03-25 14:19:36,370 - root - ERROR - ^
2026-03-25 14:19:36,370 - root - ERROR - ^
2026-03-25 14:19:36,370 - root - ERROR - ^
2026-03-25 14:19:36,370 - root - ERROR - ^
2026-03-25 14:19:36,370 - root - ERROR - ^
2026-03-25 14:19:36,370 - root - ERROR - ^
2026-03-25 14:19:36,370 - root - ERROR - ^
2026-03-25 14:19:36,370 - root - ERROR - ^
2026-03-25 14:19:36,370 - root - ERROR - ^
2026-03-25 14:19:36,370 - root - ERROR - ^
2026-03-25 14:19:36,370 - root - ERROR - ^
2026-03-25 14:19:36,370 - root - ERROR - ^
2026-03-25 14:19:36,370 - root - ERROR - ^
2026-03-25 14:19:36,370 - root - ERROR - ^
2026-03-25 14:19:36,370 - root - ERROR - ^
2026-03-25 14:19:36,370 - root - ERROR - ^
2026-03-25 14:19:36,370 - root - ERROR - ^
2026-03-25 14:19:36,370 - root - ERROR - ^
2026-03-25 14:19:36,370 - root - ERROR - ^
2026-03-25 14:19:36,370 - root - ERROR - ^
2026-03-25 14:19:36,370 - root - ERROR - ^
2026-03-25 14:19:36,370 - root - ERROR - ^
2026-03-25 14:19:36,370 - root - ERROR - ^
2026-03-25 14:19:36,371 - root - ERROR - ^
2026-03-25 14:19:36,371 - root - ERROR -   File "/data/coding/Preprocessing.py", line 136, in data_merge
2026-03-25 14:19:36,371 - root - ERROR - price_dict[f'{name}'] = df.set_index('date')['close'].pct_change()
2026-03-25 14:19:36,371 - root - ERROR - ^
2026-03-25 14:19:36,371 - root - ERROR - ^
2026-03-25 14:19:36,371 - root - ERROR - ^
2026-03-25 14:19:36,371 - root - ERROR - ^
2026-03-25 14:19:36,371 - root - ERROR - ^
2026-03-25 14:19:36,371 - root - ERROR - ^
2026-03-25 14:19:36,371 - root - ERROR - ^
2026-03-25 14:19:36,371 - root - ERROR - ^
2026-03-25 14:19:36,371 - root - ERROR - ^
2026-03-25 14:19:36,371 - root - ERROR - ^
2026-03-25 14:19:36,371 - root - ERROR - ^
2026-03-25 14:19:36,371 - root - ERROR - ^
2026-03-25 14:19:36,371 - root - ERROR - ^
2026-03-25 14:19:36,371 - root - ERROR - ^
2026-03-25 14:19:36,372 - root - ERROR - ^
2026-03-25 14:19:36,372 - root - ERROR - ^
2026-03-25 14:19:36,372 - root - ERROR - ^
2026-03-25 14:19:36,372 - root - ERROR - ^
2026-03-25 14:19:36,372 - root - ERROR - ^
2026-03-25 14:19:36,372 - root - ERROR - ^
2026-03-25 14:19:36,372 - root - ERROR -   File "/data/miniconda/envs/torch/lib/python3.12/site-packages/pandas/core/frame.py", line 7040, in set_index
2026-03-25 14:19:36,373 - root - ERROR - del frame[c]
2026-03-25 14:19:36,373 - root - ERROR - ~
2026-03-25 14:19:36,373 - root - ERROR - ~
2026-03-25 14:19:36,373 - root - ERROR - ~
2026-03-25 14:19:36,373 - root - ERROR - ~
2026-03-25 14:19:36,373 - root - ERROR - ~
2026-03-25 14:19:36,373 - root - ERROR - ^
2026-03-25 14:19:36,373 - root - ERROR - ^
2026-03-25 14:19:36,373 - root - ERROR - ^
2026-03-25 14:19:36,373 - root - ERROR -   File "/data/miniconda/envs/torch/lib/python3.12/site-packages/pandas/core/generic.py", line 4351, in __delitem__
2026-03-25 14:19:36,374 - root - ERROR - self._mgr = self._mgr.idelete(loc)
2026-03-25 14:19:36,374 - root - ERROR - ^
2026-03-25 14:19:36,374 - root - ERROR - ^
2026-03-25 14:19:36,374 - root - ERROR - ^
2026-03-25 14:19:36,374 - root - ERROR - ^
2026-03-25 14:19:36,374 - root - ERROR - ^
2026-03-25 14:19:36,375 - root - ERROR - ^
2026-03-25 14:19:36,375 - root - ERROR - ^
2026-03-25 14:19:36,375 - root - ERROR - ^
2026-03-25 14:19:36,375 - root - ERROR - ^
2026-03-25 14:19:36,375 - root - ERROR - ^
2026-03-25 14:19:36,375 - root - ERROR - ^
2026-03-25 14:19:36,375 - root - ERROR - ^
2026-03-25 14:19:36,375 - root - ERROR - ^
2026-03-25 14:19:36,375 - root - ERROR - ^
2026-03-25 14:19:36,375 - root - ERROR - ^
2026-03-25 14:19:36,375 - root - ERROR - ^
2026-03-25 14:19:36,375 - root - ERROR - ^
2026-03-25 14:19:36,375 - root - ERROR - ^
2026-03-25 14:19:36,375 - root - ERROR - ^
2026-03-25 14:19:36,375 - root - ERROR - ^
2026-03-25 14:19:36,375 - root - ERROR - ^
2026-03-25 14:19:36,375 - root - ERROR - ^
2026-03-25 14:19:36,375 - root - ERROR -   File "/data/miniconda/envs/torch/lib/python3.12/site-packages/pandas/core/internals/managers.py", line 1619, in idelete
2026-03-25 14:19:36,376 - root - ERROR - return type(self)(tuple(nbs), axes, verify_integrity=False)
2026-03-25 14:19:36,376 - root - ERROR - ^
2026-03-25 14:19:36,376 - root - ERROR - ^
2026-03-25 14:19:36,376 - root - ERROR - ^
2026-03-25 14:19:36,376 - root - ERROR - ^
2026-03-25 14:19:36,376 - root - ERROR - ^
2026-03-25 14:19:36,376 - root - ERROR - ^
2026-03-25 14:19:36,376 - root - ERROR - ^
2026-03-25 14:19:36,376 - root - ERROR - ^
2026-03-25 14:19:36,376 - root - ERROR - ^
2026-03-25 14:19:36,376 - root - ERROR - ^
2026-03-25 14:19:36,376 - root - ERROR -   File "/data/miniconda/envs/torch/lib/python3.12/site-packages/pandas/core/internals/managers.py", line 1005, in _slice_take_blocks_ax0
2026-03-25 14:19:36,376 - root - ERROR - yield nb
2026-03-25 14:19:36,377 - root - ERROR - KeyboardInterrupt
