2026-02-18 21:49:01,844 - root - INFO - 合并后的价格数据预览：
2026-02-18 21:49:01,866 - root - INFO -               宁德时代  market_data_1_上证综指  market_data_2_深证成指  upstream_1_湖南裕能  ...  downstream_2_长城汽车  downstream_3_长安汽车  downstream_4_上汽集团        LC
2026-02-18 21:49:01,866 - root - INFO - 日期                                                                           ...
2026-02-18 21:49:01,866 - root - INFO - 2024-01-02  286.07             1345.53             1345.53            33.31  ...              83.29             144.59             111.18  108350.0
2026-02-18 21:49:01,867 - root - INFO - 2024-01-03  284.22             1344.28             1344.28            32.89  ...              81.79             141.02             111.52  106600.0
2026-02-18 21:49:01,870 - root - INFO - 2024-01-04  275.94             1333.03             1333.03            32.45  ...              80.86             137.06             111.18  100450.0
2026-02-18 21:49:01,870 - root - INFO - 2024-01-05  275.40             1353.03             1353.03            32.60  ...              80.26             133.89             110.84   98650.0
2026-02-18 21:49:01,870 - root - INFO - 2024-01-08  273.78             1338.03             1338.03            32.05  ...              78.34             133.10             109.90   97200.0
2026-02-18 21:49:01,870 - root - INFO - ...            ...                 ...                 ...              ...  ...                ...                ...                ...       ...
2026-02-18 21:49:01,870 - root - INFO - 2025-12-25  696.42             1834.74             1834.74            67.57  ...              78.10             115.64             121.71  123520.0
2026-02-18 21:49:01,870 - root - INFO - 2025-12-26  698.97             1832.24             1832.24            71.89  ...              79.93             116.36             121.93  130520.0
2026-02-18 21:49:01,871 - root - INFO - 2025-12-29  689.76             1834.74             1834.74            68.05  ...              79.42             115.64             121.41  118820.0
2026-02-18 21:49:01,871 - root - INFO - 2025-12-30  689.56             1824.74             1824.74            67.58  ...              79.09             115.64             121.33  121580.0
2026-02-18 21:49:01,871 - root - INFO - 2025-12-31  686.07             1815.99             1815.99            65.63  ...              79.48             115.33             120.78  121580.0
2026-02-18 21:49:01,871 - root - INFO - 
2026-02-18 21:49:01,871 - root - INFO - [485 rows x 10 columns]
2026-02-18 21:49:01,981 - root - ERROR - Traceback (most recent call last):
2026-02-18 21:49:01,982 - root - ERROR -   File "D:\anaconda\Lib\site-packages\pandas\core\indexes\base.py", line 3805, in get_loc
2026-02-18 21:49:02,010 - root - ERROR - return self._engine.get_loc(casted_key)
2026-02-18 21:49:02,010 - root - ERROR - ^
2026-02-18 21:49:02,011 - root - ERROR - ^
2026-02-18 21:49:02,011 - root - ERROR - ^
2026-02-18 21:49:02,011 - root - ERROR - ^
2026-02-18 21:49:02,011 - root - ERROR - ^
2026-02-18 21:49:02,012 - root - ERROR - ^
2026-02-18 21:49:02,012 - root - ERROR - ^
2026-02-18 21:49:02,012 - root - ERROR - ^
2026-02-18 21:49:02,012 - root - ERROR - ^
2026-02-18 21:49:02,013 - root - ERROR - ^
2026-02-18 21:49:02,013 - root - ERROR - ^
2026-02-18 21:49:02,013 - root - ERROR - ^
2026-02-18 21:49:02,013 - root - ERROR - ^
2026-02-18 21:49:02,013 - root - ERROR - ^
2026-02-18 21:49:02,013 - root - ERROR - ^
2026-02-18 21:49:02,014 - root - ERROR - ^
2026-02-18 21:49:02,014 - root - ERROR - ^
2026-02-18 21:49:02,014 - root - ERROR - ^
2026-02-18 21:49:02,014 - root - ERROR - ^
2026-02-18 21:49:02,014 - root - ERROR - ^
2026-02-18 21:49:02,014 - root - ERROR - ^
2026-02-18 21:49:02,015 - root - ERROR - ^
2026-02-18 21:49:02,015 - root - ERROR - ^
2026-02-18 21:49:02,015 - root - ERROR - ^
2026-02-18 21:49:02,015 - root - ERROR - ^
2026-02-18 21:49:02,015 - root - ERROR - ^
2026-02-18 21:49:02,015 - root - ERROR - ^
2026-02-18 21:49:02,015 - root - ERROR - ^
2026-02-18 21:49:02,016 - root - ERROR - ^
2026-02-18 21:49:02,016 - root - ERROR - ^
2026-02-18 21:49:02,016 - root - ERROR - ^
2026-02-18 21:49:02,016 - root - ERROR - ^
2026-02-18 21:49:02,016 - root - ERROR -   File "index.pyx", line 167, in pandas._libs.index.IndexEngine.get_loc
2026-02-18 21:49:02,017 - root - ERROR -   File "index.pyx", line 196, in pandas._libs.index.IndexEngine.get_loc
2026-02-18 21:49:02,018 - root - ERROR -   File "pandas\\_libs\\hashtable_class_helper.pxi", line 7081, in pandas._libs.hashtable.PyObjectHashTable.get_item
2026-02-18 21:49:02,018 - root - ERROR -   File "pandas\\_libs\\hashtable_class_helper.pxi", line 7089, in pandas._libs.hashtable.PyObjectHashTable.get_item
2026-02-18 21:49:02,019 - root - ERROR - KeyError
2026-02-18 21:49:02,020 - root - ERROR - :
2026-02-18 21:49:02,020 - root - ERROR - (0, 0)
2026-02-18 21:49:02,020 - root - ERROR - The above exception was the direct cause of the following exception:
2026-02-18 21:49:02,020 - root - ERROR - Traceback (most recent call last):
2026-02-18 21:49:02,020 - root - ERROR -   File "D:\HuaweiMoveData\Users\86180\Desktop\new\main.py", line 56, in <module>
2026-02-18 21:49:02,020 - root - ERROR - causal_indices, causal_vector, adj_matrix = con.build_granger_causal_network(earnings)
2026-02-18 21:49:02,021 - root - ERROR - ^
2026-02-18 21:49:02,021 - root - ERROR - ^
2026-02-18 21:49:02,021 - root - ERROR - ^
2026-02-18 21:49:02,021 - root - ERROR - ^
2026-02-18 21:49:02,021 - root - ERROR - ^
2026-02-18 21:49:02,021 - root - ERROR - ^
2026-02-18 21:49:02,021 - root - ERROR - ^
2026-02-18 21:49:02,022 - root - ERROR - ^
2026-02-18 21:49:02,022 - root - ERROR - ^
2026-02-18 21:49:02,022 - root - ERROR - ^
2026-02-18 21:49:02,022 - root - ERROR - ^
2026-02-18 21:49:02,022 - root - ERROR - ^
2026-02-18 21:49:02,022 - root - ERROR - ^
2026-02-18 21:49:02,022 - root - ERROR - ^
2026-02-18 21:49:02,023 - root - ERROR - ^
2026-02-18 21:49:02,023 - root - ERROR - ^
2026-02-18 21:49:02,023 - root - ERROR - ^
2026-02-18 21:49:02,023 - root - ERROR - ^
2026-02-18 21:49:02,023 - root - ERROR - ^
2026-02-18 21:49:02,023 - root - ERROR - ^
2026-02-18 21:49:02,023 - root - ERROR - ^
2026-02-18 21:49:02,023 - root - ERROR - ^
2026-02-18 21:49:02,024 - root - ERROR - ^
2026-02-18 21:49:02,024 - root - ERROR - ^
2026-02-18 21:49:02,024 - root - ERROR - ^
2026-02-18 21:49:02,024 - root - ERROR - ^
2026-02-18 21:49:02,024 - root - ERROR - ^
2026-02-18 21:49:02,024 - root - ERROR - ^
2026-02-18 21:49:02,024 - root - ERROR - ^
2026-02-18 21:49:02,024 - root - ERROR - ^
2026-02-18 21:49:02,025 - root - ERROR - ^
2026-02-18 21:49:02,025 - root - ERROR - ^
2026-02-18 21:49:02,025 - root - ERROR - ^
2026-02-18 21:49:02,025 - root - ERROR - ^
2026-02-18 21:49:02,025 - root - ERROR - ^
2026-02-18 21:49:02,025 - root - ERROR - ^
2026-02-18 21:49:02,026 - root - ERROR - ^
2026-02-18 21:49:02,026 - root - ERROR - ^
2026-02-18 21:49:02,026 - root - ERROR - ^
2026-02-18 21:49:02,026 - root - ERROR - ^
2026-02-18 21:49:02,026 - root - ERROR - ^
2026-02-18 21:49:02,026 - root - ERROR - ^
2026-02-18 21:49:02,026 - root - ERROR -   File "D:\HuaweiMoveData\Users\86180\Desktop\new\Construction.py", line 77, in build_granger_causal_network
2026-02-18 21:49:02,027 - root - ERROR - if adj_matrix[i, j] > 0:
2026-02-18 21:49:02,027 - root - ERROR - ~
2026-02-18 21:49:02,028 - root - ERROR - ~
2026-02-18 21:49:02,028 - root - ERROR - ~
2026-02-18 21:49:02,028 - root - ERROR - ~
2026-02-18 21:49:02,028 - root - ERROR - ~
2026-02-18 21:49:02,028 - root - ERROR - ~
2026-02-18 21:49:02,029 - root - ERROR - ~
2026-02-18 21:49:02,029 - root - ERROR - ~
2026-02-18 21:49:02,029 - root - ERROR - ~
2026-02-18 21:49:02,029 - root - ERROR - ~
2026-02-18 21:49:02,029 - root - ERROR - ^
2026-02-18 21:49:02,029 - root - ERROR - ^
2026-02-18 21:49:02,030 - root - ERROR - ^
2026-02-18 21:49:02,030 - root - ERROR - ^
2026-02-18 21:49:02,030 - root - ERROR - ^
2026-02-18 21:49:02,030 - root - ERROR - ^
2026-02-18 21:49:02,030 - root - ERROR -   File "D:\anaconda\Lib\site-packages\pandas\core\frame.py", line 4102, in __getitem__
2026-02-18 21:49:02,096 - root - ERROR - indexer = self.columns.get_loc(key)
2026-02-18 21:49:02,097 - root - ERROR - ^
2026-02-18 21:49:02,097 - root - ERROR - ^
2026-02-18 21:49:02,098 - root - ERROR - ^
2026-02-18 21:49:02,098 - root - ERROR - ^
2026-02-18 21:49:02,098 - root - ERROR - ^
2026-02-18 21:49:02,099 - root - ERROR - ^
2026-02-18 21:49:02,099 - root - ERROR - ^
2026-02-18 21:49:02,099 - root - ERROR - ^
2026-02-18 21:49:02,099 - root - ERROR - ^
2026-02-18 21:49:02,099 - root - ERROR - ^
2026-02-18 21:49:02,100 - root - ERROR - ^
2026-02-18 21:49:02,100 - root - ERROR - ^
2026-02-18 21:49:02,100 - root - ERROR - ^
2026-02-18 21:49:02,100 - root - ERROR - ^
2026-02-18 21:49:02,100 - root - ERROR - ^
2026-02-18 21:49:02,100 - root - ERROR - ^
2026-02-18 21:49:02,100 - root - ERROR - ^
2026-02-18 21:49:02,100 - root - ERROR - ^
2026-02-18 21:49:02,101 - root - ERROR - ^
2026-02-18 21:49:02,101 - root - ERROR - ^
2026-02-18 21:49:02,101 - root - ERROR - ^
2026-02-18 21:49:02,101 - root - ERROR - ^
2026-02-18 21:49:02,101 - root - ERROR - ^
2026-02-18 21:49:02,101 - root - ERROR - ^
2026-02-18 21:49:02,101 - root - ERROR - ^
2026-02-18 21:49:02,101 - root - ERROR -   File "D:\anaconda\Lib\site-packages\pandas\core\indexes\base.py", line 3812, in get_loc
2026-02-18 21:49:02,102 - root - ERROR - raise KeyError(key) from err
2026-02-18 21:49:02,102 - root - ERROR - KeyError
2026-02-18 21:49:02,102 - root - ERROR - :
2026-02-18 21:49:02,103 - root - ERROR - (0, 0)
