2026-02-18 20:58:03,631 - root - INFO - 合并后的价格数据预览：
2026-02-18 20:58:03,639 - root - INFO -               宁德时代  market_data_1_上证综指  market_data_2_深证成指  upstream_1_湖南裕能  ...  downstream_2_长城汽车  downstream_3_长安汽车  downstream_4_上汽集团        LC
2026-02-18 20:58:03,640 - root - INFO - 日期                                                                           ...
2026-02-18 20:58:03,640 - root - INFO - 2024-01-02  286.07             1345.53             1345.53            33.31  ...              83.29             144.59             111.18  108350.0
2026-02-18 20:58:03,640 - root - INFO - 2024-01-03  284.22             1344.28             1344.28            32.89  ...              81.79             141.02             111.52  106600.0
2026-02-18 20:58:03,643 - root - INFO - 2024-01-04  275.94             1333.03             1333.03            32.45  ...              80.86             137.06             111.18  100450.0
2026-02-18 20:58:03,643 - root - INFO - 2024-01-05  275.40             1353.03             1353.03            32.60  ...              80.26             133.89             110.84   98650.0
2026-02-18 20:58:03,643 - root - INFO - 2024-01-08  273.78             1338.03             1338.03            32.05  ...              78.34             133.10             109.90   97200.0
2026-02-18 20:58:03,644 - root - INFO - ...            ...                 ...                 ...              ...  ...                ...                ...                ...       ...
2026-02-18 20:58:03,644 - root - INFO - 2025-12-25  696.42             1834.74             1834.74            67.57  ...              78.10             115.64             121.71  123520.0
2026-02-18 20:58:03,644 - root - INFO - 2025-12-26  698.97             1832.24             1832.24            71.89  ...              79.93             116.36             121.93  130520.0
2026-02-18 20:58:03,644 - root - INFO - 2025-12-29  689.76             1834.74             1834.74            68.05  ...              79.42             115.64             121.41  118820.0
2026-02-18 20:58:03,644 - root - INFO - 2025-12-30  689.56             1824.74             1824.74            67.58  ...              79.09             115.64             121.33  121580.0
2026-02-18 20:58:03,645 - root - INFO - 2025-12-31  686.07             1815.99             1815.99            65.63  ...              79.48             115.33             120.78  121580.0
2026-02-18 20:58:03,645 - root - INFO - 
2026-02-18 20:58:03,645 - root - INFO - [485 rows x 10 columns]
2026-02-18 20:58:03,647 - root - ERROR - D:\anaconda\Lib\site-packages\statsmodels\tsa\base\tsa_model.py:473: ValueWarning: A date index has been provided, but it has no associated frequency information and so will be ignored when e.g. forecasting.
2026-02-18 20:58:03,647 - root - ERROR -   self._init_dates(dates, freq)
2026-02-18 20:58:03,655 - root - ERROR - Traceback (most recent call last):
2026-02-18 20:58:03,656 - root - ERROR -   File "D:\HuaweiMoveData\Users\86180\Desktop\new\main.py", line 56, in <module>
2026-02-18 20:58:03,656 - root - ERROR - causal_indices, causal_vector, adj_matrix = con.build_granger_causal_network(earnings)
2026-02-18 20:58:03,656 - root - ERROR - ^
2026-02-18 20:58:03,657 - root - ERROR - ^
2026-02-18 20:58:03,658 - root - ERROR - ^
2026-02-18 20:58:03,658 - root - ERROR - ^
2026-02-18 20:58:03,658 - root - ERROR - ^
2026-02-18 20:58:03,658 - root - ERROR - ^
2026-02-18 20:58:03,658 - root - ERROR - ^
2026-02-18 20:58:03,658 - root - ERROR - ^
2026-02-18 20:58:03,658 - root - ERROR - ^
2026-02-18 20:58:03,659 - root - ERROR - ^
2026-02-18 20:58:03,659 - root - ERROR - ^
2026-02-18 20:58:03,659 - root - ERROR - ^
2026-02-18 20:58:03,659 - root - ERROR - ^
2026-02-18 20:58:03,660 - root - ERROR - ^
2026-02-18 20:58:03,660 - root - ERROR - ^
2026-02-18 20:58:03,660 - root - ERROR - ^
2026-02-18 20:58:03,660 - root - ERROR - ^
2026-02-18 20:58:03,661 - root - ERROR - ^
2026-02-18 20:58:03,661 - root - ERROR - ^
2026-02-18 20:58:03,661 - root - ERROR - ^
2026-02-18 20:58:03,662 - root - ERROR - ^
2026-02-18 20:58:03,662 - root - ERROR - ^
2026-02-18 20:58:03,662 - root - ERROR - ^
2026-02-18 20:58:03,662 - root - ERROR - ^
2026-02-18 20:58:03,663 - root - ERROR - ^
2026-02-18 20:58:03,663 - root - ERROR - ^
2026-02-18 20:58:03,663 - root - ERROR - ^
2026-02-18 20:58:03,663 - root - ERROR - ^
2026-02-18 20:58:03,663 - root - ERROR - ^
2026-02-18 20:58:03,664 - root - ERROR - ^
2026-02-18 20:58:03,664 - root - ERROR - ^
2026-02-18 20:58:03,664 - root - ERROR - ^
2026-02-18 20:58:03,664 - root - ERROR - ^
2026-02-18 20:58:03,664 - root - ERROR - ^
2026-02-18 20:58:03,664 - root - ERROR - ^
2026-02-18 20:58:03,665 - root - ERROR - ^
2026-02-18 20:58:03,665 - root - ERROR - ^
2026-02-18 20:58:03,665 - root - ERROR - ^
2026-02-18 20:58:03,665 - root - ERROR - ^
2026-02-18 20:58:03,665 - root - ERROR - ^
2026-02-18 20:58:03,665 - root - ERROR - ^
2026-02-18 20:58:03,666 - root - ERROR - ^
2026-02-18 20:58:03,666 - root - ERROR -   File "D:\HuaweiMoveData\Users\86180\Desktop\new\Construction.py", line 29, in build_granger_causal_network
2026-02-18 20:58:03,666 - root - ERROR - results = model.select_order(maxlags=max_lag)
2026-02-18 20:58:03,666 - root - ERROR - ^
2026-02-18 20:58:03,666 - root - ERROR - ^
2026-02-18 20:58:03,666 - root - ERROR - ^
2026-02-18 20:58:03,668 - root - ERROR - ^
2026-02-18 20:58:03,668 - root - ERROR - ^
2026-02-18 20:58:03,668 - root - ERROR - ^
2026-02-18 20:58:03,668 - root - ERROR - ^
2026-02-18 20:58:03,668 - root - ERROR - ^
2026-02-18 20:58:03,668 - root - ERROR - ^
2026-02-18 20:58:03,668 - root - ERROR - ^
2026-02-18 20:58:03,669 - root - ERROR - ^
2026-02-18 20:58:03,669 - root - ERROR - ^
2026-02-18 20:58:03,669 - root - ERROR - ^
2026-02-18 20:58:03,669 - root - ERROR - ^
2026-02-18 20:58:03,669 - root - ERROR - ^
2026-02-18 20:58:03,670 - root - ERROR - ^
2026-02-18 20:58:03,670 - root - ERROR - ^
2026-02-18 20:58:03,670 - root - ERROR - ^
2026-02-18 20:58:03,670 - root - ERROR - ^
2026-02-18 20:58:03,671 - root - ERROR - ^
2026-02-18 20:58:03,671 - root - ERROR - ^
2026-02-18 20:58:03,671 - root - ERROR - ^
2026-02-18 20:58:03,671 - root - ERROR - ^
2026-02-18 20:58:03,671 - root - ERROR - ^
2026-02-18 20:58:03,671 - root - ERROR - ^
2026-02-18 20:58:03,672 - root - ERROR - ^
2026-02-18 20:58:03,672 - root - ERROR - ^
2026-02-18 20:58:03,672 - root - ERROR - ^
2026-02-18 20:58:03,672 - root - ERROR - ^
2026-02-18 20:58:03,672 - root - ERROR - ^
2026-02-18 20:58:03,672 - root - ERROR - ^
2026-02-18 20:58:03,672 - root - ERROR - ^
2026-02-18 20:58:03,674 - root - ERROR - ^
2026-02-18 20:58:03,674 - root - ERROR - ^
2026-02-18 20:58:03,674 - root - ERROR - ^
2026-02-18 20:58:03,674 - root - ERROR -   File "D:\anaconda\Lib\site-packages\statsmodels\tsa\vector_ar\var_model.py", line 823, in select_order
2026-02-18 20:58:03,675 - root - ERROR - for k, v in result.info_criteria.items():
2026-02-18 20:58:03,675 - root - ERROR - ^
2026-02-18 20:58:03,675 - root - ERROR - ^
2026-02-18 20:58:03,677 - root - ERROR - ^
2026-02-18 20:58:03,679 - root - ERROR - ^
2026-02-18 20:58:03,679 - root - ERROR - ^
2026-02-18 20:58:03,679 - root - ERROR - ^
2026-02-18 20:58:03,679 - root - ERROR - ^
2026-02-18 20:58:03,680 - root - ERROR - ^
2026-02-18 20:58:03,680 - root - ERROR - ^
2026-02-18 20:58:03,680 - root - ERROR - ^
2026-02-18 20:58:03,680 - root - ERROR - ^
2026-02-18 20:58:03,680 - root - ERROR - ^
2026-02-18 20:58:03,680 - root - ERROR - ^
2026-02-18 20:58:03,680 - root - ERROR - ^
2026-02-18 20:58:03,681 - root - ERROR - ^
2026-02-18 20:58:03,681 - root - ERROR - ^
2026-02-18 20:58:03,681 - root - ERROR - ^
2026-02-18 20:58:03,681 - root - ERROR - ^
2026-02-18 20:58:03,681 - root - ERROR - ^
2026-02-18 20:58:03,681 - root - ERROR - ^
2026-02-18 20:58:03,681 - root - ERROR -   File "D:\anaconda\Lib\site-packages\statsmodels\base\wrapper.py", line 34, in __getattribute__
2026-02-18 20:58:03,682 - root - ERROR - obj = getattr(results, attr)
2026-02-18 20:58:03,682 - root - ERROR - ^
2026-02-18 20:58:03,682 - root - ERROR - ^
2026-02-18 20:58:03,683 - root - ERROR - ^
2026-02-18 20:58:03,683 - root - ERROR - ^
2026-02-18 20:58:03,683 - root - ERROR - ^
2026-02-18 20:58:03,683 - root - ERROR - ^
2026-02-18 20:58:03,683 - root - ERROR - ^
2026-02-18 20:58:03,683 - root - ERROR - ^
2026-02-18 20:58:03,683 - root - ERROR - ^
2026-02-18 20:58:03,683 - root - ERROR - ^
2026-02-18 20:58:03,684 - root - ERROR - ^
2026-02-18 20:58:03,684 - root - ERROR - ^
2026-02-18 20:58:03,684 - root - ERROR - ^
2026-02-18 20:58:03,684 - root - ERROR - ^
2026-02-18 20:58:03,684 - root - ERROR - ^
2026-02-18 20:58:03,684 - root - ERROR - ^
2026-02-18 20:58:03,684 - root - ERROR - ^
2026-02-18 20:58:03,684 - root - ERROR - ^
2026-02-18 20:58:03,685 - root - ERROR - ^
2026-02-18 20:58:03,685 - root - ERROR - ^
2026-02-18 20:58:03,685 - root - ERROR - ^
2026-02-18 20:58:03,685 - root - ERROR - ^
2026-02-18 20:58:03,685 - root - ERROR -   File "properties.pyx", line 36, in pandas._libs.properties.CachedProperty.__get__
2026-02-18 20:58:03,686 - root - ERROR -   File "D:\anaconda\Lib\site-packages\statsmodels\tsa\vector_ar\var_model.py", line 2289, in info_criteria
2026-02-18 20:58:03,687 - root - ERROR - ld = logdet_symm(self.sigma_u_mle)
2026-02-18 20:58:03,687 - root - ERROR - ^
2026-02-18 20:58:03,687 - root - ERROR - ^
2026-02-18 20:58:03,687 - root - ERROR - ^
2026-02-18 20:58:03,688 - root - ERROR - ^
2026-02-18 20:58:03,688 - root - ERROR - ^
2026-02-18 20:58:03,688 - root - ERROR - ^
2026-02-18 20:58:03,688 - root - ERROR - ^
2026-02-18 20:58:03,688 - root - ERROR - ^
2026-02-18 20:58:03,688 - root - ERROR - ^
2026-02-18 20:58:03,688 - root - ERROR - ^
2026-02-18 20:58:03,689 - root - ERROR - ^
2026-02-18 20:58:03,689 - root - ERROR - ^
2026-02-18 20:58:03,689 - root - ERROR - ^
2026-02-18 20:58:03,689 - root - ERROR - ^
2026-02-18 20:58:03,689 - root - ERROR - ^
2026-02-18 20:58:03,689 - root - ERROR - ^
2026-02-18 20:58:03,689 - root - ERROR - ^
2026-02-18 20:58:03,690 - root - ERROR - ^
2026-02-18 20:58:03,690 - root - ERROR - ^
2026-02-18 20:58:03,690 - root - ERROR - ^
2026-02-18 20:58:03,690 - root - ERROR - ^
2026-02-18 20:58:03,690 - root - ERROR - ^
2026-02-18 20:58:03,690 - root - ERROR - ^
2026-02-18 20:58:03,691 - root - ERROR - ^
2026-02-18 20:58:03,691 - root - ERROR - ^
2026-02-18 20:58:03,691 - root - ERROR - ^
2026-02-18 20:58:03,691 - root - ERROR - ^
2026-02-18 20:58:03,691 - root - ERROR - ^
2026-02-18 20:58:03,692 - root - ERROR - ^
2026-02-18 20:58:03,692 - root - ERROR -   File "D:\anaconda\Lib\site-packages\statsmodels\tools\linalg.py", line 28, in logdet_symm
2026-02-18 20:58:03,692 - root - ERROR - c, _ = linalg.cho_factor(m, lower=True)
2026-02-18 20:58:03,692 - root - ERROR - ^
2026-02-18 20:58:03,692 - root - ERROR - ^
2026-02-18 20:58:03,693 - root - ERROR - ^
2026-02-18 20:58:03,693 - root - ERROR - ^
2026-02-18 20:58:03,693 - root - ERROR - ^
2026-02-18 20:58:03,693 - root - ERROR - ^
2026-02-18 20:58:03,693 - root - ERROR - ^
2026-02-18 20:58:03,694 - root - ERROR - ^
2026-02-18 20:58:03,694 - root - ERROR - ^
2026-02-18 20:58:03,694 - root - ERROR - ^
2026-02-18 20:58:03,694 - root - ERROR - ^
2026-02-18 20:58:03,694 - root - ERROR - ^
2026-02-18 20:58:03,695 - root - ERROR - ^
2026-02-18 20:58:03,695 - root - ERROR - ^
2026-02-18 20:58:03,695 - root - ERROR - ^
2026-02-18 20:58:03,695 - root - ERROR - ^
2026-02-18 20:58:03,695 - root - ERROR - ^
2026-02-18 20:58:03,695 - root - ERROR - ^
2026-02-18 20:58:03,696 - root - ERROR - ^
2026-02-18 20:58:03,696 - root - ERROR - ^
2026-02-18 20:58:03,696 - root - ERROR - ^
2026-02-18 20:58:03,696 - root - ERROR - ^
2026-02-18 20:58:03,696 - root - ERROR - ^
2026-02-18 20:58:03,696 - root - ERROR - ^
2026-02-18 20:58:03,696 - root - ERROR - ^
2026-02-18 20:58:03,696 - root - ERROR - ^
2026-02-18 20:58:03,697 - root - ERROR - ^
2026-02-18 20:58:03,697 - root - ERROR - ^
2026-02-18 20:58:03,697 - root - ERROR - ^
2026-02-18 20:58:03,697 - root - ERROR - ^
2026-02-18 20:58:03,697 - root - ERROR - ^
2026-02-18 20:58:03,697 - root - ERROR - ^
2026-02-18 20:58:03,698 - root - ERROR -   File "D:\anaconda\Lib\site-packages\scipy\linalg\_decomp_cholesky.py", line 153, in cho_factor
2026-02-18 20:58:03,698 - root - ERROR - c, lower = _cholesky(a, lower=lower, overwrite_a=overwrite_a, clean=False,
2026-02-18 20:58:03,698 - root - ERROR - ^
2026-02-18 20:58:03,698 - root - ERROR - ^
2026-02-18 20:58:03,699 - root - ERROR - ^
2026-02-18 20:58:03,699 - root - ERROR - ^
2026-02-18 20:58:03,699 - root - ERROR - ^
2026-02-18 20:58:03,699 - root - ERROR - ^
2026-02-18 20:58:03,699 - root - ERROR - ^
2026-02-18 20:58:03,699 - root - ERROR - ^
2026-02-18 20:58:03,700 - root - ERROR - ^
2026-02-18 20:58:03,700 - root - ERROR - ^
2026-02-18 20:58:03,700 - root - ERROR - ^
2026-02-18 20:58:03,700 - root - ERROR - ^
2026-02-18 20:58:03,700 - root - ERROR - ^
2026-02-18 20:58:03,700 - root - ERROR - ^
2026-02-18 20:58:03,700 - root - ERROR - ^
2026-02-18 20:58:03,701 - root - ERROR - ^
2026-02-18 20:58:03,701 - root - ERROR - ^
2026-02-18 20:58:03,701 - root - ERROR - ^
2026-02-18 20:58:03,701 - root - ERROR - ^
2026-02-18 20:58:03,701 - root - ERROR - ^
2026-02-18 20:58:03,702 - root - ERROR - ^
2026-02-18 20:58:03,702 - root - ERROR - ^
2026-02-18 20:58:03,702 - root - ERROR - ^
2026-02-18 20:58:03,702 - root - ERROR - ^
2026-02-18 20:58:03,702 - root - ERROR - ^
2026-02-18 20:58:03,702 - root - ERROR - ^
2026-02-18 20:58:03,702 - root - ERROR - ^
2026-02-18 20:58:03,702 - root - ERROR - ^
2026-02-18 20:58:03,703 - root - ERROR - ^
2026-02-18 20:58:03,703 - root - ERROR - ^
2026-02-18 20:58:03,703 - root - ERROR - ^
2026-02-18 20:58:03,703 - root - ERROR - ^
2026-02-18 20:58:03,703 - root - ERROR - ^
2026-02-18 20:58:03,703 - root - ERROR - ^
2026-02-18 20:58:03,704 - root - ERROR - ^
2026-02-18 20:58:03,704 - root - ERROR - ^
2026-02-18 20:58:03,704 - root - ERROR - ^
2026-02-18 20:58:03,704 - root - ERROR - ^
2026-02-18 20:58:03,704 - root - ERROR - ^
2026-02-18 20:58:03,704 - root - ERROR - ^
2026-02-18 20:58:03,704 - root - ERROR - ^
2026-02-18 20:58:03,704 - root - ERROR - ^
2026-02-18 20:58:03,705 - root - ERROR - ^
2026-02-18 20:58:03,705 - root - ERROR - ^
2026-02-18 20:58:03,705 - root - ERROR - ^
2026-02-18 20:58:03,705 - root - ERROR - ^
2026-02-18 20:58:03,705 - root - ERROR - ^
2026-02-18 20:58:03,705 - root - ERROR - ^
2026-02-18 20:58:03,705 - root - ERROR - ^
2026-02-18 20:58:03,706 - root - ERROR - ^
2026-02-18 20:58:03,706 - root - ERROR - ^
2026-02-18 20:58:03,706 - root - ERROR - ^
2026-02-18 20:58:03,706 - root - ERROR - ^
2026-02-18 20:58:03,706 - root - ERROR - ^
2026-02-18 20:58:03,707 - root - ERROR - ^
2026-02-18 20:58:03,707 - root - ERROR - ^
2026-02-18 20:58:03,707 - root - ERROR - ^
2026-02-18 20:58:03,707 - root - ERROR - ^
2026-02-18 20:58:03,707 - root - ERROR - ^
2026-02-18 20:58:03,707 - root - ERROR - ^
2026-02-18 20:58:03,707 - root - ERROR - ^
2026-02-18 20:58:03,708 - root - ERROR - ^
2026-02-18 20:58:03,708 - root - ERROR - ^
2026-02-18 20:58:03,708 - root - ERROR -   File "D:\anaconda\Lib\site-packages\scipy\linalg\_decomp_cholesky.py", line 36, in _cholesky
2026-02-18 20:58:03,708 - root - ERROR - raise LinAlgError("%d-th leading minor of the array is not positive "
2026-02-18 20:58:03,708 - root - ERROR - numpy.linalg
2026-02-18 20:58:03,709 - root - ERROR - .
2026-02-18 20:58:03,709 - root - ERROR - LinAlgError
2026-02-18 20:58:03,709 - root - ERROR - :
2026-02-18 20:58:03,709 - root - ERROR - 3-th leading minor of the array is not positive definite
