2026-02-19 16:48:11,946 - root - INFO - 合并后的价格数据预览：
2026-02-19 16:48:11,955 - root - INFO -               宁德时代  market_data_1_上证综指  market_data_2_深证成指  ...  downstream_3_长安汽车  downstream_4_上汽集团        LC
2026-02-19 16:48:11,955 - root - INFO - 日期                                                          ...
2026-02-19 16:48:11,955 - root - INFO - 2024-01-02  286.07             1345.53             9401.35  ...             144.59             111.18  108350.0
2026-02-19 16:48:11,955 - root - INFO - 2024-01-03  284.22             1344.28             9330.86  ...             141.02             111.52  106600.0
2026-02-19 16:48:11,956 - root - INFO - 2024-01-04  275.94             1333.03             9215.25  ...             137.06             111.18  100450.0
2026-02-19 16:48:11,956 - root - INFO - 2024-01-05  275.40             1353.03             9116.44  ...             133.89             110.84   98650.0
2026-02-19 16:48:11,957 - root - INFO - 2024-01-08  273.78             1338.03             8947.72  ...             133.10             109.90   97200.0
2026-02-19 16:48:11,958 - root - INFO - ...            ...                 ...                 ...  ...                ...                ...       ...
2026-02-19 16:48:11,958 - root - INFO - 2025-12-25  696.42             1834.74            13531.41  ...             115.64             121.71  123520.0
2026-02-19 16:48:11,958 - root - INFO - 2025-12-26  698.97             1832.24            13603.89  ...             116.36             121.93  130520.0
2026-02-19 16:48:11,959 - root - INFO - 2025-12-29  689.76             1834.74            13537.10  ...             115.64             121.41  118820.0
2026-02-19 16:48:11,959 - root - INFO - 2025-12-30  689.56             1824.74            13604.07  ...             115.64             121.33  121580.0
2026-02-19 16:48:11,959 - root - INFO - 2025-12-31  686.07             1815.99            13525.02  ...             115.33             120.78  121580.0
2026-02-19 16:48:11,959 - root - INFO - 
2026-02-19 16:48:11,960 - root - INFO - [485 rows x 10 columns]
2026-02-19 16:48:11,961 - root - ERROR - D:\anaconda\Lib\site-packages\statsmodels\tsa\base\tsa_model.py:473: ValueWarning: A date index has been provided, but it has no associated frequency information and so will be ignored when e.g. forecasting.
2026-02-19 16:48:11,961 - root - ERROR -   self._init_dates(dates, freq)
2026-02-19 16:48:13,214 - root - ERROR - Traceback (most recent call last):
2026-02-19 16:48:13,215 - root - ERROR -   File "D:\HuaweiMoveData\Users\86180\Desktop\new\main.py", line 56, in <module>
2026-02-19 16:48:13,215 - root - ERROR - causal_indices, causal_vector, adj_matrix, optimal_lag = con.build_granger_causal_network(earnings)
2026-02-19 16:48:13,215 - root - ERROR - ^
2026-02-19 16:48:13,216 - root - ERROR - ^
2026-02-19 16:48:13,216 - root - ERROR - ^
2026-02-19 16:48:13,216 - root - ERROR - ^
2026-02-19 16:48:13,216 - root - ERROR - ^
2026-02-19 16:48:13,216 - root - ERROR - ^
2026-02-19 16:48:13,216 - root - ERROR - ^
2026-02-19 16:48:13,217 - root - ERROR - ^
2026-02-19 16:48:13,217 - root - ERROR - ^
2026-02-19 16:48:13,217 - root - ERROR - ^
2026-02-19 16:48:13,217 - root - ERROR - ^
2026-02-19 16:48:13,217 - root - ERROR - ^
2026-02-19 16:48:13,217 - root - ERROR - ^
2026-02-19 16:48:13,217 - root - ERROR - ^
2026-02-19 16:48:13,218 - root - ERROR - ^
2026-02-19 16:48:13,218 - root - ERROR - ^
2026-02-19 16:48:13,218 - root - ERROR - ^
2026-02-19 16:48:13,218 - root - ERROR - ^
2026-02-19 16:48:13,218 - root - ERROR - ^
2026-02-19 16:48:13,218 - root - ERROR - ^
2026-02-19 16:48:13,218 - root - ERROR - ^
2026-02-19 16:48:13,219 - root - ERROR - ^
2026-02-19 16:48:13,219 - root - ERROR - ^
2026-02-19 16:48:13,219 - root - ERROR - ^
2026-02-19 16:48:13,219 - root - ERROR - ^
2026-02-19 16:48:13,219 - root - ERROR - ^
2026-02-19 16:48:13,219 - root - ERROR - ^
2026-02-19 16:48:13,219 - root - ERROR - ^
2026-02-19 16:48:13,220 - root - ERROR - ^
2026-02-19 16:48:13,220 - root - ERROR - ^
2026-02-19 16:48:13,220 - root - ERROR - ^
2026-02-19 16:48:13,220 - root - ERROR - ^
2026-02-19 16:48:13,220 - root - ERROR - ^
2026-02-19 16:48:13,220 - root - ERROR - ^
2026-02-19 16:48:13,220 - root - ERROR - ^
2026-02-19 16:48:13,220 - root - ERROR - ^
2026-02-19 16:48:13,221 - root - ERROR - ^
2026-02-19 16:48:13,221 - root - ERROR - ^
2026-02-19 16:48:13,221 - root - ERROR - ^
2026-02-19 16:48:13,221 - root - ERROR - ^
2026-02-19 16:48:13,221 - root - ERROR - ^
2026-02-19 16:48:13,221 - root - ERROR - ^
2026-02-19 16:48:13,222 - root - ERROR -   File "D:\HuaweiMoveData\Users\86180\Desktop\new\Construction.py", line 33, in build_granger_causal_network
2026-02-19 16:48:13,222 - root - ERROR - raise ValueError(f"AIC数组长度不足（长度={len(aic_raw)}），无法选择有效滞后")
2026-02-19 16:48:13,222 - root - ERROR - ValueError
2026-02-19 16:48:13,222 - root - ERROR - :
2026-02-19 16:48:13,223 - root - ERROR - AIC数组长度不足（长度=1），无法选择有效滞后
