2026-02-19 00:38:15,524 - root - INFO - 合并后的价格数据预览：
2026-02-19 00:38:15,538 - root - INFO -               宁德时代  market_data_1_上证综指  market_data_2_深证成指  upstream_1_湖南裕能  ...  downstream_2_长城汽车  downstream_3_长安汽车  downstream_4_上汽集团        LC
2026-02-19 00:38:15,538 - root - INFO - 日期                                                                           ...
2026-02-19 00:38:15,538 - root - INFO - 2024-01-02  286.07             1345.53             9401.35            33.31  ...              83.29             144.59             111.18  108350.0
2026-02-19 00:38:15,538 - root - INFO - 2024-01-03  284.22             1344.28             9330.86            32.89  ...              81.79             141.02             111.52  106600.0
2026-02-19 00:38:15,541 - root - INFO - 2024-01-04  275.94             1333.03             9215.25            32.45  ...              80.86             137.06             111.18  100450.0
2026-02-19 00:38:15,541 - root - INFO - 2024-01-05  275.40             1353.03             9116.44            32.60  ...              80.26             133.89             110.84   98650.0
2026-02-19 00:38:15,541 - root - INFO - 2024-01-08  273.78             1338.03             8947.72            32.05  ...              78.34             133.10             109.90   97200.0
2026-02-19 00:38:15,541 - root - INFO - ...            ...                 ...                 ...              ...  ...                ...                ...                ...       ...
2026-02-19 00:38:15,541 - root - INFO - 2025-12-25  696.42             1834.74            13531.41            67.57  ...              78.10             115.64             121.71  123520.0
2026-02-19 00:38:15,541 - root - INFO - 2025-12-26  698.97             1832.24            13603.89            71.89  ...              79.93             116.36             121.93  130520.0
2026-02-19 00:38:15,541 - root - INFO - 2025-12-29  689.76             1834.74            13537.10            68.05  ...              79.42             115.64             121.41  118820.0
2026-02-19 00:38:15,542 - root - INFO - 2025-12-30  689.56             1824.74            13604.07            67.58  ...              79.09             115.64             121.33  121580.0
2026-02-19 00:38:15,542 - root - INFO - 2025-12-31  686.07             1815.99            13525.02            65.63  ...              79.48             115.33             120.78  121580.0
2026-02-19 00:38:15,542 - root - INFO - 
2026-02-19 00:38:15,542 - root - INFO - [485 rows x 10 columns]
2026-02-19 00:38:15,545 - root - ERROR - D:\anaconda\Lib\site-packages\statsmodels\tsa\base\tsa_model.py:473: ValueWarning: A date index has been provided, but it has no associated frequency information and so will be ignored when e.g. forecasting.
2026-02-19 00:38:15,545 - root - ERROR -   self._init_dates(dates, freq)
2026-02-19 00:38:15,566 - root - INFO -                      宁德时代  market_data_1_上证综指  market_data_2_深证成指  ...  downstream_3_长安汽车  downstream_4_上汽集团     LC
2026-02-19 00:38:15,567 - root - INFO - 宁德时代                False               False               False  ...              False              False  False
2026-02-19 00:38:15,567 - root - INFO - market_data_1_上证综指  False               False               False  ...              False              False  False
2026-02-19 00:38:15,567 - root - INFO - market_data_2_深证成指  False               False               False  ...              False              False  False
2026-02-19 00:38:15,567 - root - INFO - upstream_1_湖南裕能     False               False               False  ...              False              False  False
2026-02-19 00:38:15,568 - root - INFO - upstream_2_盛新锂能     False               False               False  ...              False              False  False
2026-02-19 00:38:15,568 - root - INFO - downstream_1_比亚迪    False               False               False  ...              False              False  False
2026-02-19 00:38:15,568 - root - INFO - downstream_2_长城汽车   False               False               False  ...              False              False  False
2026-02-19 00:38:15,568 - root - INFO - downstream_3_长安汽车   False               False               False  ...              False              False  False
2026-02-19 00:38:15,569 - root - INFO - downstream_4_上汽集团   False               False               False  ...              False              False  False
2026-02-19 00:38:15,569 - root - INFO - LC                  False               False               False  ...              False              False  False
2026-02-19 00:38:15,569 - root - INFO - 
2026-02-19 00:38:15,569 - root - INFO - [10 rows x 10 columns]
2026-02-19 00:38:15,657 - root - ERROR - Traceback (most recent call last):
2026-02-19 00:38:15,657 - root - ERROR -   File "D:\anaconda\Lib\site-packages\pandas\core\indexes\base.py", line 3805, in get_loc
2026-02-19 00:38:15,680 - root - ERROR - return self._engine.get_loc(casted_key)
2026-02-19 00:38:15,680 - root - ERROR - ^
2026-02-19 00:38:15,681 - root - ERROR - ^
2026-02-19 00:38:15,681 - root - ERROR - ^
2026-02-19 00:38:15,682 - root - ERROR - ^
2026-02-19 00:38:15,682 - root - ERROR - ^
2026-02-19 00:38:15,682 - root - ERROR - ^
2026-02-19 00:38:15,682 - root - ERROR - ^
2026-02-19 00:38:15,682 - root - ERROR - ^
2026-02-19 00:38:15,682 - root - ERROR - ^
2026-02-19 00:38:15,682 - root - ERROR - ^
2026-02-19 00:38:15,684 - root - ERROR - ^
2026-02-19 00:38:15,684 - root - ERROR - ^
2026-02-19 00:38:15,684 - root - ERROR - ^
2026-02-19 00:38:15,684 - root - ERROR - ^
2026-02-19 00:38:15,684 - root - ERROR - ^
2026-02-19 00:38:15,685 - root - ERROR - ^
2026-02-19 00:38:15,685 - root - ERROR - ^
2026-02-19 00:38:15,685 - root - ERROR - ^
2026-02-19 00:38:15,685 - root - ERROR - ^
2026-02-19 00:38:15,685 - root - ERROR - ^
2026-02-19 00:38:15,685 - root - ERROR - ^
2026-02-19 00:38:15,686 - root - ERROR - ^
2026-02-19 00:38:15,686 - root - ERROR - ^
2026-02-19 00:38:15,686 - root - ERROR - ^
2026-02-19 00:38:15,686 - root - ERROR - ^
2026-02-19 00:38:15,686 - root - ERROR - ^
2026-02-19 00:38:15,687 - root - ERROR - ^
2026-02-19 00:38:15,687 - root - ERROR - ^
2026-02-19 00:38:15,687 - root - ERROR - ^
2026-02-19 00:38:15,687 - root - ERROR - ^
2026-02-19 00:38:15,687 - root - ERROR - ^
2026-02-19 00:38:15,688 - root - ERROR - ^
2026-02-19 00:38:15,688 - root - ERROR -   File "index.pyx", line 167, in pandas._libs.index.IndexEngine.get_loc
2026-02-19 00:38:15,689 - root - ERROR -   File "index.pyx", line 196, in pandas._libs.index.IndexEngine.get_loc
2026-02-19 00:38:15,689 - root - ERROR -   File "pandas\\_libs\\hashtable_class_helper.pxi", line 7081, in pandas._libs.hashtable.PyObjectHashTable.get_item
2026-02-19 00:38:15,689 - root - ERROR -   File "pandas\\_libs\\hashtable_class_helper.pxi", line 7089, in pandas._libs.hashtable.PyObjectHashTable.get_item
2026-02-19 00:38:15,691 - root - ERROR - KeyError
2026-02-19 00:38:15,691 - root - ERROR - :
2026-02-19 00:38:15,691 - root - ERROR - (0, 0)
2026-02-19 00:38:15,691 - root - ERROR - The above exception was the direct cause of the following exception:
2026-02-19 00:38:15,692 - root - ERROR - Traceback (most recent call last):
2026-02-19 00:38:15,692 - root - ERROR -   File "D:\HuaweiMoveData\Users\86180\Desktop\new\main.py", line 56, in <module>
2026-02-19 00:38:15,692 - root - ERROR - causal_indices, causal_vector, adj_matrix = con.build_granger_causal_network(earnings)
2026-02-19 00:38:15,692 - root - ERROR - ^
2026-02-19 00:38:15,692 - root - ERROR - ^
2026-02-19 00:38:15,692 - root - ERROR - ^
2026-02-19 00:38:15,693 - root - ERROR - ^
2026-02-19 00:38:15,693 - root - ERROR - ^
2026-02-19 00:38:15,693 - root - ERROR - ^
2026-02-19 00:38:15,693 - root - ERROR - ^
2026-02-19 00:38:15,693 - root - ERROR - ^
2026-02-19 00:38:15,693 - root - ERROR - ^
2026-02-19 00:38:15,693 - root - ERROR - ^
2026-02-19 00:38:15,693 - root - ERROR - ^
2026-02-19 00:38:15,694 - root - ERROR - ^
2026-02-19 00:38:15,694 - root - ERROR - ^
2026-02-19 00:38:15,694 - root - ERROR - ^
2026-02-19 00:38:15,694 - root - ERROR - ^
2026-02-19 00:38:15,694 - root - ERROR - ^
2026-02-19 00:38:15,694 - root - ERROR - ^
2026-02-19 00:38:15,694 - root - ERROR - ^
2026-02-19 00:38:15,694 - root - ERROR - ^
2026-02-19 00:38:15,695 - root - ERROR - ^
2026-02-19 00:38:15,695 - root - ERROR - ^
2026-02-19 00:38:15,695 - root - ERROR - ^
2026-02-19 00:38:15,695 - root - ERROR - ^
2026-02-19 00:38:15,695 - root - ERROR - ^
2026-02-19 00:38:15,695 - root - ERROR - ^
2026-02-19 00:38:15,695 - root - ERROR - ^
2026-02-19 00:38:15,695 - root - ERROR - ^
2026-02-19 00:38:15,696 - root - ERROR - ^
2026-02-19 00:38:15,696 - root - ERROR - ^
2026-02-19 00:38:15,696 - root - ERROR - ^
2026-02-19 00:38:15,696 - root - ERROR - ^
2026-02-19 00:38:15,696 - root - ERROR - ^
2026-02-19 00:38:15,696 - root - ERROR - ^
2026-02-19 00:38:15,697 - root - ERROR - ^
2026-02-19 00:38:15,697 - root - ERROR - ^
2026-02-19 00:38:15,697 - root - ERROR - ^
2026-02-19 00:38:15,697 - root - ERROR - ^
2026-02-19 00:38:15,697 - root - ERROR - ^
2026-02-19 00:38:15,697 - root - ERROR - ^
2026-02-19 00:38:15,698 - root - ERROR - ^
2026-02-19 00:38:15,698 - root - ERROR - ^
2026-02-19 00:38:15,698 - root - ERROR - ^
2026-02-19 00:38:15,698 - root - ERROR -   File "D:\HuaweiMoveData\Users\86180\Desktop\new\Construction.py", line 63, in build_granger_causal_network
2026-02-19 00:38:15,698 - root - ERROR - if adj_matrix[i, j] == True:
2026-02-19 00:38:15,698 - root - ERROR - ~
2026-02-19 00:38:15,699 - root - ERROR - ~
2026-02-19 00:38:15,699 - root - ERROR - ~
2026-02-19 00:38:15,699 - root - ERROR - ~
2026-02-19 00:38:15,699 - root - ERROR - ~
2026-02-19 00:38:15,699 - root - ERROR - ~
2026-02-19 00:38:15,699 - root - ERROR - ~
2026-02-19 00:38:15,700 - root - ERROR - ~
2026-02-19 00:38:15,700 - root - ERROR - ~
2026-02-19 00:38:15,700 - root - ERROR - ~
2026-02-19 00:38:15,700 - root - ERROR - ^
2026-02-19 00:38:15,700 - root - ERROR - ^
2026-02-19 00:38:15,700 - root - ERROR - ^
2026-02-19 00:38:15,700 - root - ERROR - ^
2026-02-19 00:38:15,700 - root - ERROR - ^
2026-02-19 00:38:15,700 - root - ERROR - ^
2026-02-19 00:38:15,701 - root - ERROR -   File "D:\anaconda\Lib\site-packages\pandas\core\frame.py", line 4102, in __getitem__
2026-02-19 00:38:15,727 - root - ERROR - indexer = self.columns.get_loc(key)
2026-02-19 00:38:15,728 - root - ERROR - ^
2026-02-19 00:38:15,728 - root - ERROR - ^
2026-02-19 00:38:15,728 - root - ERROR - ^
2026-02-19 00:38:15,728 - root - ERROR - ^
2026-02-19 00:38:15,729 - root - ERROR - ^
2026-02-19 00:38:15,729 - root - ERROR - ^
2026-02-19 00:38:15,729 - root - ERROR - ^
2026-02-19 00:38:15,729 - root - ERROR - ^
2026-02-19 00:38:15,730 - root - ERROR - ^
2026-02-19 00:38:15,730 - root - ERROR - ^
2026-02-19 00:38:15,730 - root - ERROR - ^
2026-02-19 00:38:15,730 - root - ERROR - ^
2026-02-19 00:38:15,730 - root - ERROR - ^
2026-02-19 00:38:15,731 - root - ERROR - ^
2026-02-19 00:38:15,731 - root - ERROR - ^
2026-02-19 00:38:15,731 - root - ERROR - ^
2026-02-19 00:38:15,731 - root - ERROR - ^
2026-02-19 00:38:15,732 - root - ERROR - ^
2026-02-19 00:38:15,732 - root - ERROR - ^
2026-02-19 00:38:15,732 - root - ERROR - ^
2026-02-19 00:38:15,732 - root - ERROR - ^
2026-02-19 00:38:15,732 - root - ERROR - ^
2026-02-19 00:38:15,733 - root - ERROR - ^
2026-02-19 00:38:15,733 - root - ERROR - ^
2026-02-19 00:38:15,733 - root - ERROR - ^
2026-02-19 00:38:15,734 - root - ERROR -   File "D:\anaconda\Lib\site-packages\pandas\core\indexes\base.py", line 3812, in get_loc
2026-02-19 00:38:15,735 - root - ERROR - raise KeyError(key) from err
2026-02-19 00:38:15,736 - root - ERROR - KeyError
2026-02-19 00:38:15,736 - root - ERROR - :
2026-02-19 00:38:15,736 - root - ERROR - (0, 0)
