2026-02-19 16:47:00,509 - root - INFO - 合并后的价格数据预览：
2026-02-19 16:47:00,519 - root - INFO -               宁德时代  market_data_1_上证综指  market_data_2_深证成指  ...  downstream_3_长安汽车  downstream_4_上汽集团        LC
2026-02-19 16:47:00,519 - root - INFO - 日期                                                          ...
2026-02-19 16:47:00,519 - root - INFO - 2024-01-02  286.07             1345.53             9401.35  ...             144.59             111.18  108350.0
2026-02-19 16:47:00,519 - root - INFO - 2024-01-03  284.22             1344.28             9330.86  ...             141.02             111.52  106600.0
2026-02-19 16:47:00,519 - root - INFO - 2024-01-04  275.94             1333.03             9215.25  ...             137.06             111.18  100450.0
2026-02-19 16:47:00,519 - root - INFO - 2024-01-05  275.40             1353.03             9116.44  ...             133.89             110.84   98650.0
2026-02-19 16:47:00,519 - root - INFO - 2024-01-08  273.78             1338.03             8947.72  ...             133.10             109.90   97200.0
2026-02-19 16:47:00,519 - root - INFO - ...            ...                 ...                 ...  ...                ...                ...       ...
2026-02-19 16:47:00,519 - root - INFO - 2025-12-25  696.42             1834.74            13531.41  ...             115.64             121.71  123520.0
2026-02-19 16:47:00,521 - root - INFO - 2025-12-26  698.97             1832.24            13603.89  ...             116.36             121.93  130520.0
2026-02-19 16:47:00,521 - root - INFO - 2025-12-29  689.76             1834.74            13537.10  ...             115.64             121.41  118820.0
2026-02-19 16:47:00,522 - root - INFO - 2025-12-30  689.56             1824.74            13604.07  ...             115.64             121.33  121580.0
2026-02-19 16:47:00,522 - root - INFO - 2025-12-31  686.07             1815.99            13525.02  ...             115.33             120.78  121580.0
2026-02-19 16:47:00,522 - root - INFO - 
2026-02-19 16:47:00,522 - root - INFO - [485 rows x 10 columns]
2026-02-19 16:47:00,544 - root - ERROR - D:\anaconda\Lib\site-packages\statsmodels\tsa\base\tsa_model.py:473: ValueWarning: A date index has been provided, but it has no associated frequency information and so will be ignored when e.g. forecasting.
2026-02-19 16:47:00,545 - root - ERROR -   self._init_dates(dates, freq)
2026-02-19 16:47:02,170 - root - ERROR - Traceback (most recent call last):
2026-02-19 16:47:02,170 - root - ERROR -   File "D:\HuaweiMoveData\Users\86180\Desktop\new\main.py", line 56, in <module>
2026-02-19 16:47:02,170 - root - ERROR - causal_indices, causal_vector, adj_matrix, optimal_lag = con.build_granger_causal_network(earnings)
2026-02-19 16:47:02,170 - root - ERROR - ^
2026-02-19 16:47:02,170 - root - ERROR - ^
2026-02-19 16:47:02,170 - root - ERROR - ^
2026-02-19 16:47:02,170 - root - ERROR - ^
2026-02-19 16:47:02,170 - root - ERROR - ^
2026-02-19 16:47:02,170 - root - ERROR - ^
2026-02-19 16:47:02,170 - root - ERROR - ^
2026-02-19 16:47:02,170 - root - ERROR - ^
2026-02-19 16:47:02,170 - root - ERROR - ^
2026-02-19 16:47:02,170 - root - ERROR - ^
2026-02-19 16:47:02,170 - root - ERROR - ^
2026-02-19 16:47:02,170 - root - ERROR - ^
2026-02-19 16:47:02,170 - root - ERROR - ^
2026-02-19 16:47:02,170 - root - ERROR - ^
2026-02-19 16:47:02,170 - root - ERROR - ^
2026-02-19 16:47:02,170 - root - ERROR - ^
2026-02-19 16:47:02,170 - root - ERROR - ^
2026-02-19 16:47:02,170 - root - ERROR - ^
2026-02-19 16:47:02,170 - root - ERROR - ^
2026-02-19 16:47:02,170 - root - ERROR - ^
2026-02-19 16:47:02,170 - root - ERROR - ^
2026-02-19 16:47:02,170 - root - ERROR - ^
2026-02-19 16:47:02,170 - root - ERROR - ^
2026-02-19 16:47:02,170 - root - ERROR - ^
2026-02-19 16:47:02,170 - root - ERROR - ^
2026-02-19 16:47:02,170 - root - ERROR - ^
2026-02-19 16:47:02,170 - root - ERROR - ^
2026-02-19 16:47:02,170 - root - ERROR - ^
2026-02-19 16:47:02,170 - root - ERROR - ^
2026-02-19 16:47:02,170 - root - ERROR - ^
2026-02-19 16:47:02,170 - root - ERROR - ^
2026-02-19 16:47:02,170 - root - ERROR - ^
2026-02-19 16:47:02,170 - root - ERROR - ^
2026-02-19 16:47:02,170 - root - ERROR - ^
2026-02-19 16:47:02,170 - root - ERROR - ^
2026-02-19 16:47:02,178 - root - ERROR - ^
2026-02-19 16:47:02,178 - root - ERROR - ^
2026-02-19 16:47:02,178 - root - ERROR - ^
2026-02-19 16:47:02,178 - root - ERROR - ^
2026-02-19 16:47:02,178 - root - ERROR - ^
2026-02-19 16:47:02,178 - root - ERROR - ^
2026-02-19 16:47:02,180 - root - ERROR - ^
2026-02-19 16:47:02,180 - root - ERROR -   File "D:\HuaweiMoveData\Users\86180\Desktop\new\Construction.py", line 34, in build_granger_causal_network
2026-02-19 16:47:02,180 - root - ERROR - optimal_lag = np.argmin(aic_values) + 1
2026-02-19 16:47:02,180 - root - ERROR - ^
2026-02-19 16:47:02,181 - root - ERROR - ^
2026-02-19 16:47:02,181 - root - ERROR - ^
2026-02-19 16:47:02,181 - root - ERROR - ^
2026-02-19 16:47:02,181 - root - ERROR - ^
2026-02-19 16:47:02,181 - root - ERROR - ^
2026-02-19 16:47:02,181 - root - ERROR - ^
2026-02-19 16:47:02,181 - root - ERROR - ^
2026-02-19 16:47:02,182 - root - ERROR - ^
2026-02-19 16:47:02,182 - root - ERROR - ^
2026-02-19 16:47:02,182 - root - ERROR - ^
2026-02-19 16:47:02,182 - root - ERROR - ^
2026-02-19 16:47:02,182 - root - ERROR - ^
2026-02-19 16:47:02,182 - root - ERROR - ^
2026-02-19 16:47:02,183 - root - ERROR - ^
2026-02-19 16:47:02,183 - root - ERROR - ^
2026-02-19 16:47:02,183 - root - ERROR - ^
2026-02-19 16:47:02,183 - root - ERROR - ^
2026-02-19 16:47:02,183 - root - ERROR - ^
2026-02-19 16:47:02,183 - root - ERROR - ^
2026-02-19 16:47:02,184 - root - ERROR - ^
2026-02-19 16:47:02,184 - root - ERROR -   File "D:\anaconda\Lib\site-packages\numpy\core\fromnumeric.py", line 1325, in argmin
2026-02-19 16:47:02,214 - root - ERROR - return _wrapfunc(a, 'argmin', axis=axis, out=out, **kwds)
2026-02-19 16:47:02,215 - root - ERROR - ^
2026-02-19 16:47:02,215 - root - ERROR - ^
2026-02-19 16:47:02,216 - root - ERROR - ^
2026-02-19 16:47:02,216 - root - ERROR - ^
2026-02-19 16:47:02,217 - root - ERROR - ^
2026-02-19 16:47:02,217 - root - ERROR - ^
2026-02-19 16:47:02,218 - root - ERROR - ^
2026-02-19 16:47:02,218 - root - ERROR - ^
2026-02-19 16:47:02,218 - root - ERROR - ^
2026-02-19 16:47:02,219 - root - ERROR - ^
2026-02-19 16:47:02,219 - root - ERROR - ^
2026-02-19 16:47:02,219 - root - ERROR - ^
2026-02-19 16:47:02,219 - root - ERROR - ^
2026-02-19 16:47:02,220 - root - ERROR - ^
2026-02-19 16:47:02,220 - root - ERROR - ^
2026-02-19 16:47:02,220 - root - ERROR - ^
2026-02-19 16:47:02,220 - root - ERROR - ^
2026-02-19 16:47:02,220 - root - ERROR - ^
2026-02-19 16:47:02,221 - root - ERROR - ^
2026-02-19 16:47:02,221 - root - ERROR - ^
2026-02-19 16:47:02,221 - root - ERROR - ^
2026-02-19 16:47:02,221 - root - ERROR - ^
2026-02-19 16:47:02,221 - root - ERROR - ^
2026-02-19 16:47:02,221 - root - ERROR - ^
2026-02-19 16:47:02,222 - root - ERROR - ^
2026-02-19 16:47:02,222 - root - ERROR - ^
2026-02-19 16:47:02,222 - root - ERROR - ^
2026-02-19 16:47:02,222 - root - ERROR - ^
2026-02-19 16:47:02,222 - root - ERROR - ^
2026-02-19 16:47:02,222 - root - ERROR - ^
2026-02-19 16:47:02,222 - root - ERROR - ^
2026-02-19 16:47:02,222 - root - ERROR - ^
2026-02-19 16:47:02,223 - root - ERROR - ^
2026-02-19 16:47:02,223 - root - ERROR - ^
2026-02-19 16:47:02,223 - root - ERROR - ^
2026-02-19 16:47:02,223 - root - ERROR - ^
2026-02-19 16:47:02,223 - root - ERROR - ^
2026-02-19 16:47:02,223 - root - ERROR - ^
2026-02-19 16:47:02,223 - root - ERROR - ^
2026-02-19 16:47:02,223 - root - ERROR - ^
2026-02-19 16:47:02,224 - root - ERROR - ^
2026-02-19 16:47:02,224 - root - ERROR - ^
2026-02-19 16:47:02,224 - root - ERROR - ^
2026-02-19 16:47:02,224 - root - ERROR - ^
2026-02-19 16:47:02,224 - root - ERROR - ^
2026-02-19 16:47:02,224 - root - ERROR - ^
2026-02-19 16:47:02,225 - root - ERROR - ^
2026-02-19 16:47:02,225 - root - ERROR - ^
2026-02-19 16:47:02,225 - root - ERROR - ^
2026-02-19 16:47:02,225 - root - ERROR - ^
2026-02-19 16:47:02,225 - root - ERROR -   File "D:\anaconda\Lib\site-packages\numpy\core\fromnumeric.py", line 59, in _wrapfunc
2026-02-19 16:47:02,226 - root - ERROR - return bound(*args, **kwds)
2026-02-19 16:47:02,226 - root - ERROR - ^
2026-02-19 16:47:02,226 - root - ERROR - ^
2026-02-19 16:47:02,226 - root - ERROR - ^
2026-02-19 16:47:02,226 - root - ERROR - ^
2026-02-19 16:47:02,226 - root - ERROR - ^
2026-02-19 16:47:02,226 - root - ERROR - ^
2026-02-19 16:47:02,227 - root - ERROR - ^
2026-02-19 16:47:02,227 - root - ERROR - ^
2026-02-19 16:47:02,227 - root - ERROR - ^
2026-02-19 16:47:02,227 - root - ERROR - ^
2026-02-19 16:47:02,227 - root - ERROR - ^
2026-02-19 16:47:02,227 - root - ERROR - ^
2026-02-19 16:47:02,228 - root - ERROR - ^
2026-02-19 16:47:02,228 - root - ERROR - ^
2026-02-19 16:47:02,228 - root - ERROR - ^
2026-02-19 16:47:02,228 - root - ERROR - ^
2026-02-19 16:47:02,228 - root - ERROR - ^
2026-02-19 16:47:02,228 - root - ERROR - ^
2026-02-19 16:47:02,229 - root - ERROR - ^
2026-02-19 16:47:02,229 - root - ERROR - ^
2026-02-19 16:47:02,229 - root - ERROR - ValueError
2026-02-19 16:47:02,229 - root - ERROR - :
2026-02-19 16:47:02,229 - root - ERROR - attempt to get argmin of an empty sequence
