2026-02-18 22:58:07,702 - root - INFO - 合并后的价格数据预览：
2026-02-18 22:58:07,725 - root - INFO -               宁德时代  market_data_1_上证综指  market_data_2_深证成指  upstream_1_湖南裕能  ...  downstream_2_长城汽车  downstream_3_长安汽车  downstream_4_上汽集团        LC
2026-02-18 22:58:07,726 - root - INFO - 日期                                                                           ...
2026-02-18 22:58:07,726 - root - INFO - 2024-01-02  286.07             1345.53             1345.53            33.31  ...              83.29             144.59             111.18  108350.0
2026-02-18 22:58:07,727 - root - INFO - 2024-01-03  284.22             1344.28             1344.28            32.89  ...              81.79             141.02             111.52  106600.0
2026-02-18 22:58:07,728 - root - INFO - 2024-01-04  275.94             1333.03             1333.03            32.45  ...              80.86             137.06             111.18  100450.0
2026-02-18 22:58:07,728 - root - INFO - 2024-01-05  275.40             1353.03             1353.03            32.60  ...              80.26             133.89             110.84   98650.0
2026-02-18 22:58:07,730 - root - INFO - 2024-01-08  273.78             1338.03             1338.03            32.05  ...              78.34             133.10             109.90   97200.0
2026-02-18 22:58:07,731 - root - INFO - ...            ...                 ...                 ...              ...  ...                ...                ...                ...       ...
2026-02-18 22:58:07,731 - root - INFO - 2025-12-25  696.42             1834.74             1834.74            67.57  ...              78.10             115.64             121.71  123520.0
2026-02-18 22:58:07,732 - root - INFO - 2025-12-26  698.97             1832.24             1832.24            71.89  ...              79.93             116.36             121.93  130520.0
2026-02-18 22:58:07,733 - root - INFO - 2025-12-29  689.76             1834.74             1834.74            68.05  ...              79.42             115.64             121.41  118820.0
2026-02-18 22:58:07,734 - root - INFO - 2025-12-30  689.56             1824.74             1824.74            67.58  ...              79.09             115.64             121.33  121580.0
2026-02-18 22:58:07,734 - root - INFO - 2025-12-31  686.07             1815.99             1815.99            65.63  ...              79.48             115.33             120.78  121580.0
2026-02-18 22:58:07,735 - root - INFO - 
2026-02-18 22:58:07,735 - root - INFO - [485 rows x 10 columns]
2026-02-18 22:58:07,737 - root - INFO - Index(['宁德时代', 'market_data_1_上证综指', 'market_data_2_深证成指', 'upstream_1_湖南裕能',
2026-02-18 22:58:07,738 - root - INFO -        'upstream_2_盛新锂能', 'downstream_1_比亚迪', 'downstream_2_长城汽车',
2026-02-18 22:58:07,738 - root - INFO -        'downstream_3_长安汽车', 'downstream_4_上汽集团', 'LC'],
2026-02-18 22:58:07,738 - root - INFO -       dtype='object')
2026-02-18 22:58:07,751 - root - ERROR - D:\anaconda\Lib\site-packages\statsmodels\tsa\base\tsa_model.py:473: ValueWarning: A date index has been provided, but it has no associated frequency information and so will be ignored when e.g. forecasting.
2026-02-18 22:58:07,751 - root - ERROR -   self._init_dates(dates, freq)
2026-02-18 22:58:07,822 - root - ERROR - D:\anaconda\Lib\site-packages\statsmodels\tsa\base\tsa_model.py:473: ValueWarning: A date index has been provided, but it has no associated frequency information and so will be ignored when e.g. forecasting.
2026-02-18 22:58:07,823 - root - ERROR -   self._init_dates(dates, freq)
2026-02-18 22:58:07,828 - root - ERROR - D:\anaconda\Lib\site-packages\statsmodels\tsa\base\tsa_model.py:473: ValueWarning: A date index has been provided, but it has no associated frequency information and so will be ignored when e.g. forecasting.
2026-02-18 22:58:07,829 - root - ERROR -   self._init_dates(dates, freq)
2026-02-18 22:58:07,836 - root - ERROR - D:\anaconda\Lib\site-packages\statsmodels\tsa\base\tsa_model.py:473: ValueWarning: A date index has been provided, but it has no associated frequency information and so will be ignored when e.g. forecasting.
2026-02-18 22:58:07,837 - root - ERROR -   self._init_dates(dates, freq)
2026-02-18 22:58:07,865 - root - INFO -                      宁德时代  market_data_1_上证综指  market_data_2_深证成指  ...  downstream_3_长安汽车  downstream_4_上汽集团     LC
2026-02-18 22:58:07,866 - root - INFO - 宁德时代                False               False               False  ...              False              False  False
2026-02-18 22:58:07,866 - root - INFO - market_data_1_上证综指  False               False               False  ...              False              False  False
2026-02-18 22:58:07,867 - root - INFO - market_data_2_深证成指  False               False               False  ...              False              False  False
2026-02-18 22:58:07,867 - root - INFO - upstream_1_湖南裕能     False               False               False  ...              False              False  False
2026-02-18 22:58:07,868 - root - INFO - upstream_2_盛新锂能     False               False               False  ...              False              False  False
2026-02-18 22:58:07,868 - root - INFO - downstream_1_比亚迪    False               False               False  ...              False              False  False
2026-02-18 22:58:07,869 - root - INFO - downstream_2_长城汽车   False               False               False  ...              False              False  False
2026-02-18 22:58:07,869 - root - INFO - downstream_3_长安汽车   False               False               False  ...              False              False  False
2026-02-18 22:58:07,870 - root - INFO - downstream_4_上汽集团   False               False               False  ...              False              False  False
2026-02-18 22:58:07,870 - root - INFO - LC                  False               False               False  ...              False              False  False
2026-02-18 22:58:07,871 - root - INFO - 
2026-02-18 22:58:07,872 - root - INFO - [10 rows x 10 columns]
2026-02-18 22:58:07,888 - root - ERROR - TypeError
2026-02-18 22:58:07,889 - root - ERROR - :
2026-02-18 22:58:07,889 - root - ERROR - float() argument must be a string or a real number, not 'tuple'
2026-02-18 22:58:07,890 - root - ERROR - The above exception was the direct cause of the following exception:
2026-02-18 22:58:07,890 - root - ERROR - Traceback (most recent call last):
2026-02-18 22:58:07,891 - root - ERROR -   File "D:\HuaweiMoveData\Users\86180\Desktop\new\main.py", line 56, in <module>
2026-02-18 22:58:07,892 - root - ERROR - causal_indices, causal_vector, adj_matrix = con.build_granger_causal_network(earnings)
2026-02-18 22:58:07,892 - root - ERROR - ^
2026-02-18 22:58:07,893 - root - ERROR - ^
2026-02-18 22:58:07,893 - root - ERROR - ^
2026-02-18 22:58:07,894 - root - ERROR - ^
2026-02-18 22:58:07,894 - root - ERROR - ^
2026-02-18 22:58:07,895 - root - ERROR - ^
2026-02-18 22:58:07,895 - root - ERROR - ^
2026-02-18 22:58:07,895 - root - ERROR - ^
2026-02-18 22:58:07,896 - root - ERROR - ^
2026-02-18 22:58:07,896 - root - ERROR - ^
2026-02-18 22:58:07,897 - root - ERROR - ^
2026-02-18 22:58:07,897 - root - ERROR - ^
2026-02-18 22:58:07,898 - root - ERROR - ^
2026-02-18 22:58:07,898 - root - ERROR - ^
2026-02-18 22:58:07,899 - root - ERROR - ^
2026-02-18 22:58:07,899 - root - ERROR - ^
2026-02-18 22:58:07,900 - root - ERROR - ^
2026-02-18 22:58:07,900 - root - ERROR - ^
2026-02-18 22:58:07,901 - root - ERROR - ^
2026-02-18 22:58:07,901 - root - ERROR - ^
2026-02-18 22:58:07,901 - root - ERROR - ^
2026-02-18 22:58:07,901 - root - ERROR - ^
2026-02-18 22:58:07,903 - root - ERROR - ^
2026-02-18 22:58:07,903 - root - ERROR - ^
2026-02-18 22:58:07,903 - root - ERROR - ^
2026-02-18 22:58:07,904 - root - ERROR - ^
2026-02-18 22:58:07,904 - root - ERROR - ^
2026-02-18 22:58:07,904 - root - ERROR - ^
2026-02-18 22:58:07,905 - root - ERROR - ^
2026-02-18 22:58:07,905 - root - ERROR - ^
2026-02-18 22:58:07,905 - root - ERROR - ^
2026-02-18 22:58:07,906 - root - ERROR - ^
2026-02-18 22:58:07,906 - root - ERROR - ^
2026-02-18 22:58:07,907 - root - ERROR - ^
2026-02-18 22:58:07,907 - root - ERROR - ^
2026-02-18 22:58:07,907 - root - ERROR - ^
2026-02-18 22:58:07,908 - root - ERROR - ^
2026-02-18 22:58:07,908 - root - ERROR - ^
2026-02-18 22:58:07,910 - root - ERROR - ^
2026-02-18 22:58:07,910 - root - ERROR - ^
2026-02-18 22:58:07,910 - root - ERROR - ^
2026-02-18 22:58:07,911 - root - ERROR - ^
2026-02-18 22:58:07,911 - root - ERROR -   File "D:\HuaweiMoveData\Users\86180\Desktop\new\Construction.py", line 66, in build_granger_causal_network
2026-02-18 22:58:07,913 - root - ERROR - causal_matrix[i, j] = (earnings.columns[i], earnings.columns[j], causality_res.pvalue)
2026-02-18 22:58:07,914 - root - ERROR - ~
2026-02-18 22:58:07,914 - root - ERROR - ~
2026-02-18 22:58:07,915 - root - ERROR - ~
2026-02-18 22:58:07,915 - root - ERROR - ~
2026-02-18 22:58:07,916 - root - ERROR - ~
2026-02-18 22:58:07,916 - root - ERROR - ~
2026-02-18 22:58:07,916 - root - ERROR - ~
2026-02-18 22:58:07,917 - root - ERROR - ~
2026-02-18 22:58:07,917 - root - ERROR - ~
2026-02-18 22:58:07,918 - root - ERROR - ~
2026-02-18 22:58:07,918 - root - ERROR - ~
2026-02-18 22:58:07,918 - root - ERROR - ~
2026-02-18 22:58:07,919 - root - ERROR - ~
2026-02-18 22:58:07,919 - root - ERROR - ^
2026-02-18 22:58:07,920 - root - ERROR - ^
2026-02-18 22:58:07,921 - root - ERROR - ^
2026-02-18 22:58:07,921 - root - ERROR - ^
2026-02-18 22:58:07,921 - root - ERROR - ^
2026-02-18 22:58:07,921 - root - ERROR - ^
2026-02-18 22:58:07,921 - root - ERROR - ValueError
2026-02-18 22:58:07,922 - root - ERROR - :
2026-02-18 22:58:07,923 - root - ERROR - setting an array element with a sequence.
