2026-03-01 19:13:43,321 - root - ERROR - Traceback (most recent call last):
2026-03-01 19:13:43,323 - root - ERROR -   File "D:\anaconda\Lib\site-packages\pandas\core\indexes\base.py", line 3805, in get_loc
2026-03-01 19:13:43,377 - root - ERROR - return self._engine.get_loc(casted_key)
2026-03-01 19:13:43,378 - root - ERROR - ^
2026-03-01 19:13:43,379 - root - ERROR - ^
2026-03-01 19:13:43,379 - root - ERROR - ^
2026-03-01 19:13:43,379 - root - ERROR - ^
2026-03-01 19:13:43,379 - root - ERROR - ^
2026-03-01 19:13:43,380 - root - ERROR - ^
2026-03-01 19:13:43,380 - root - ERROR - ^
2026-03-01 19:13:43,380 - root - ERROR - ^
2026-03-01 19:13:43,380 - root - ERROR - ^
2026-03-01 19:13:43,380 - root - ERROR - ^
2026-03-01 19:13:43,381 - root - ERROR - ^
2026-03-01 19:13:43,381 - root - ERROR - ^
2026-03-01 19:13:43,381 - root - ERROR - ^
2026-03-01 19:13:43,382 - root - ERROR - ^
2026-03-01 19:13:43,382 - root - ERROR - ^
2026-03-01 19:13:43,382 - root - ERROR - ^
2026-03-01 19:13:43,382 - root - ERROR - ^
2026-03-01 19:13:43,382 - root - ERROR - ^
2026-03-01 19:13:43,382 - root - ERROR - ^
2026-03-01 19:13:43,382 - root - ERROR - ^
2026-03-01 19:13:43,383 - root - ERROR - ^
2026-03-01 19:13:43,383 - root - ERROR - ^
2026-03-01 19:13:43,383 - root - ERROR - ^
2026-03-01 19:13:43,383 - root - ERROR - ^
2026-03-01 19:13:43,383 - root - ERROR - ^
2026-03-01 19:13:43,383 - root - ERROR - ^
2026-03-01 19:13:43,384 - root - ERROR - ^
2026-03-01 19:13:43,384 - root - ERROR - ^
2026-03-01 19:13:43,384 - root - ERROR - ^
2026-03-01 19:13:43,385 - root - ERROR - ^
2026-03-01 19:13:43,385 - root - ERROR - ^
2026-03-01 19:13:43,385 - root - ERROR - ^
2026-03-01 19:13:43,386 - root - ERROR -   File "index.pyx", line 167, in pandas._libs.index.IndexEngine.get_loc
2026-03-01 19:13:43,386 - root - ERROR -   File "index.pyx", line 196, in pandas._libs.index.IndexEngine.get_loc
2026-03-01 19:13:43,387 - root - ERROR -   File "pandas\\_libs\\hashtable_class_helper.pxi", line 7081, in pandas._libs.hashtable.PyObjectHashTable.get_item
2026-03-01 19:13:43,388 - root - ERROR -   File "pandas\\_libs\\hashtable_class_helper.pxi", line 7089, in pandas._libs.hashtable.PyObjectHashTable.get_item
2026-03-01 19:13:43,390 - root - ERROR - KeyError
2026-03-01 19:13:43,390 - root - ERROR - :
2026-03-01 19:13:43,390 - root - ERROR - '日期'
2026-03-01 19:13:43,391 - root - ERROR - The above exception was the direct cause of the following exception:
2026-03-01 19:13:43,391 - root - ERROR - Traceback (most recent call last):
2026-03-01 19:13:43,391 - root - ERROR -   File "D:\HuaweiMoveData\Users\86180\Desktop\new\main.py", line 55, in <module>
2026-03-01 19:13:43,391 - root - ERROR - earnings = pre.data_merge(target_price_data, market_price_data, price_related_data)
2026-03-01 19:13:43,392 - root - ERROR - ^
2026-03-01 19:13:43,393 - root - ERROR - ^
2026-03-01 19:13:43,393 - root - ERROR - ^
2026-03-01 19:13:43,393 - root - ERROR - ^
2026-03-01 19:13:43,393 - root - ERROR - ^
2026-03-01 19:13:43,394 - root - ERROR - ^
2026-03-01 19:13:43,394 - root - ERROR - ^
2026-03-01 19:13:43,394 - root - ERROR - ^
2026-03-01 19:13:43,394 - root - ERROR - ^
2026-03-01 19:13:43,394 - root - ERROR - ^
2026-03-01 19:13:43,395 - root - ERROR - ^
2026-03-01 19:13:43,395 - root - ERROR - ^
2026-03-01 19:13:43,395 - root - ERROR - ^
2026-03-01 19:13:43,395 - root - ERROR - ^
2026-03-01 19:13:43,395 - root - ERROR - ^
2026-03-01 19:13:43,396 - root - ERROR - ^
2026-03-01 19:13:43,396 - root - ERROR - ^
2026-03-01 19:13:43,396 - root - ERROR - ^
2026-03-01 19:13:43,396 - root - ERROR - ^
2026-03-01 19:13:43,396 - root - ERROR - ^
2026-03-01 19:13:43,396 - root - ERROR - ^
2026-03-01 19:13:43,398 - root - ERROR - ^
2026-03-01 19:13:43,398 - root - ERROR - ^
2026-03-01 19:13:43,398 - root - ERROR - ^
2026-03-01 19:13:43,398 - root - ERROR - ^
2026-03-01 19:13:43,399 - root - ERROR - ^
2026-03-01 19:13:43,399 - root - ERROR - ^
2026-03-01 19:13:43,399 - root - ERROR - ^
2026-03-01 19:13:43,399 - root - ERROR - ^
2026-03-01 19:13:43,399 - root - ERROR - ^
2026-03-01 19:13:43,400 - root - ERROR - ^
2026-03-01 19:13:43,400 - root - ERROR - ^
2026-03-01 19:13:43,400 - root - ERROR - ^
2026-03-01 19:13:43,400 - root - ERROR - ^
2026-03-01 19:13:43,400 - root - ERROR - ^
2026-03-01 19:13:43,400 - root - ERROR - ^
2026-03-01 19:13:43,400 - root - ERROR - ^
2026-03-01 19:13:43,400 - root - ERROR - ^
2026-03-01 19:13:43,400 - root - ERROR - ^
2026-03-01 19:13:43,402 - root - ERROR - ^
2026-03-01 19:13:43,402 - root - ERROR - ^
2026-03-01 19:13:43,402 - root - ERROR - ^
2026-03-01 19:13:43,402 - root - ERROR - ^
2026-03-01 19:13:43,402 - root - ERROR - ^
2026-03-01 19:13:43,403 - root - ERROR - ^
2026-03-01 19:13:43,403 - root - ERROR - ^
2026-03-01 19:13:43,403 - root - ERROR - ^
2026-03-01 19:13:43,403 - root - ERROR - ^
2026-03-01 19:13:43,404 - root - ERROR - ^
2026-03-01 19:13:43,404 - root - ERROR - ^
2026-03-01 19:13:43,404 - root - ERROR - ^
2026-03-01 19:13:43,404 - root - ERROR - ^
2026-03-01 19:13:43,404 - root - ERROR - ^
2026-03-01 19:13:43,404 - root - ERROR - ^
2026-03-01 19:13:43,404 - root - ERROR - ^
2026-03-01 19:13:43,404 - root - ERROR - ^
2026-03-01 19:13:43,404 - root - ERROR - ^
2026-03-01 19:13:43,404 - root - ERROR - ^
2026-03-01 19:13:43,406 - root - ERROR - ^
2026-03-01 19:13:43,406 - root - ERROR - ^
2026-03-01 19:13:43,406 - root - ERROR - ^
2026-03-01 19:13:43,407 - root - ERROR - ^
2026-03-01 19:13:43,407 - root - ERROR - ^
2026-03-01 19:13:43,407 - root - ERROR - ^
2026-03-01 19:13:43,407 - root - ERROR - ^
2026-03-01 19:13:43,407 - root - ERROR - ^
2026-03-01 19:13:43,408 - root - ERROR - ^
2026-03-01 19:13:43,408 - root - ERROR - ^
2026-03-01 19:13:43,408 - root - ERROR - ^
2026-03-01 19:13:43,408 - root - ERROR - ^
2026-03-01 19:13:43,408 - root - ERROR - ^
2026-03-01 19:13:43,409 - root - ERROR - ^
2026-03-01 19:13:43,409 - root - ERROR -   File "D:\HuaweiMoveData\Users\86180\Desktop\new\Preprocessing.py", line 122, in data_merge
2026-03-01 19:13:43,439 - root - ERROR - target_price_data['日期'] = pd.to_datetime(target_price_data['日期'])
2026-03-01 19:13:43,439 - root - ERROR - ~
2026-03-01 19:13:43,439 - root - ERROR - ~
2026-03-01 19:13:43,440 - root - ERROR - ~
2026-03-01 19:13:43,440 - root - ERROR - ~
2026-03-01 19:13:43,440 - root - ERROR - ~
2026-03-01 19:13:43,441 - root - ERROR - ~
2026-03-01 19:13:43,441 - root - ERROR - ~
2026-03-01 19:13:43,441 - root - ERROR - ~
2026-03-01 19:13:43,441 - root - ERROR - ~
2026-03-01 19:13:43,442 - root - ERROR - ~
2026-03-01 19:13:43,442 - root - ERROR - ~
2026-03-01 19:13:43,442 - root - ERROR - ~
2026-03-01 19:13:43,442 - root - ERROR - ~
2026-03-01 19:13:43,443 - root - ERROR - ~
2026-03-01 19:13:43,443 - root - ERROR - ~
2026-03-01 19:13:43,443 - root - ERROR - ~
2026-03-01 19:13:43,444 - root - ERROR - ~
2026-03-01 19:13:43,445 - root - ERROR - ^
2026-03-01 19:13:43,445 - root - ERROR - ^
2026-03-01 19:13:43,446 - root - ERROR - ^
2026-03-01 19:13:43,446 - root - ERROR - ^
2026-03-01 19:13:43,446 - root - ERROR - ^
2026-03-01 19:13:43,446 - root - ERROR - ^
2026-03-01 19:13:43,446 - root - ERROR - ^
2026-03-01 19:13:43,447 - root - ERROR - ^
2026-03-01 19:13:43,447 - root - ERROR -   File "D:\anaconda\Lib\site-packages\pandas\core\frame.py", line 4102, in __getitem__
2026-03-01 19:13:43,525 - root - ERROR - indexer = self.columns.get_loc(key)
2026-03-01 19:13:43,526 - root - ERROR - ^
2026-03-01 19:13:43,527 - root - ERROR - ^
2026-03-01 19:13:43,527 - root - ERROR - ^
2026-03-01 19:13:43,528 - root - ERROR - ^
2026-03-01 19:13:43,528 - root - ERROR - ^
2026-03-01 19:13:43,528 - root - ERROR - ^
2026-03-01 19:13:43,529 - root - ERROR - ^
2026-03-01 19:13:43,529 - root - ERROR - ^
2026-03-01 19:13:43,529 - root - ERROR - ^
2026-03-01 19:13:43,529 - root - ERROR - ^
2026-03-01 19:13:43,530 - root - ERROR - ^
2026-03-01 19:13:43,530 - root - ERROR - ^
2026-03-01 19:13:43,530 - root - ERROR - ^
2026-03-01 19:13:43,531 - root - ERROR - ^
2026-03-01 19:13:43,531 - root - ERROR - ^
2026-03-01 19:13:43,531 - root - ERROR - ^
2026-03-01 19:13:43,531 - root - ERROR - ^
2026-03-01 19:13:43,532 - root - ERROR - ^
2026-03-01 19:13:43,532 - root - ERROR - ^
2026-03-01 19:13:43,532 - root - ERROR - ^
2026-03-01 19:13:43,532 - root - ERROR - ^
2026-03-01 19:13:43,532 - root - ERROR - ^
2026-03-01 19:13:43,533 - root - ERROR - ^
2026-03-01 19:13:43,533 - root - ERROR - ^
2026-03-01 19:13:43,533 - root - ERROR - ^
2026-03-01 19:13:43,533 - root - ERROR -   File "D:\anaconda\Lib\site-packages\pandas\core\indexes\base.py", line 3812, in get_loc
2026-03-01 19:13:43,534 - root - ERROR - raise KeyError(key) from err
2026-03-01 19:13:43,534 - root - ERROR - KeyError
2026-03-01 19:13:43,534 - root - ERROR - :
2026-03-01 19:13:43,536 - root - ERROR - '日期'
