2026-02-21 17:12:16,506 - root - INFO - 合并后的价格数据预览：
2026-02-21 17:12:16,519 - root - INFO -               宁德时代  market_data_1_上证综指  market_data_2_深证成指  \
2026-02-21 17:12:16,519 - root - INFO - 日期
2026-02-21 17:12:16,520 - root - INFO - 2024-01-02  286.07             1345.53             9401.35
2026-02-21 17:12:16,520 - root - INFO - 2024-01-03  284.22             1344.28             9330.86
2026-02-21 17:12:16,520 - root - INFO - 2024-01-04  275.94             1333.03             9215.25
2026-02-21 17:12:16,521 - root - INFO - 2024-01-05  275.40             1353.03             9116.44
2026-02-21 17:12:16,521 - root - INFO - 2024-01-08  273.78             1338.03             8947.72
2026-02-21 17:12:16,525 - root - INFO - ...            ...                 ...                 ...
2026-02-21 17:12:16,525 - root - INFO - 2025-12-25  696.42             1834.74            13531.41
2026-02-21 17:12:16,525 - root - INFO - 2025-12-26  698.97             1832.24            13603.89
2026-02-21 17:12:16,526 - root - INFO - 2025-12-29  689.76             1834.74            13537.10
2026-02-21 17:12:16,526 - root - INFO - 2025-12-30  689.56             1824.74            13604.07
2026-02-21 17:12:16,526 - root - INFO - 2025-12-31  686.07             1815.99            13525.02
2026-02-21 17:12:16,526 - root - INFO - 
2026-02-21 17:12:16,526 - root - INFO -             market_data_3_创业板指  upstream_1_湖南裕能  upstream_2_盛新锂能  \
2026-02-21 17:12:16,526 - root - INFO - 日期
2026-02-21 17:12:16,526 - root - INFO - 2024-01-02             1855.92            33.31            37.03
2026-02-21 17:12:16,527 - root - INFO - 2024-01-03             1834.73            32.89            37.32
2026-02-21 17:12:16,527 - root - INFO - 2024-01-04             1801.76            32.45            36.48
2026-02-21 17:12:16,527 - root - INFO - 2024-01-05             1775.58            32.60            36.15
2026-02-21 17:12:16,527 - root - INFO - 2024-01-08             1744.41            32.05            36.21
2026-02-21 17:12:16,527 - root - INFO - ...                        ...              ...              ...
2026-02-21 17:12:16,527 - root - INFO - 2025-12-25             3239.34            67.57            56.56
2026-02-21 17:12:16,528 - root - INFO - 2025-12-26             3243.88            71.89            58.02
2026-02-21 17:12:16,528 - root - INFO - 2025-12-29             3222.61            68.05            54.53
2026-02-21 17:12:16,528 - root - INFO - 2025-12-30             3242.90            67.58            55.12
2026-02-21 17:12:16,528 - root - INFO - 2025-12-31             3203.17            65.63            56.77
2026-02-21 17:12:16,528 - root - INFO - 
2026-02-21 17:12:16,529 - root - INFO -             upstream_3_天齐锂业  upstream_4_赣锋锂业  upstream_5_川恒股份  \
2026-02-21 17:12:16,529 - root - INFO - 日期
2026-02-21 17:12:16,529 - root - INFO - 2024-01-02           475.53           553.42            20.74
2026-02-21 17:12:16,529 - root - INFO - 2024-01-03           474.68           554.55            21.40
2026-02-21 17:12:16,529 - root - INFO - 2024-01-04           460.53           541.45            20.95
2026-02-21 17:12:16,529 - root - INFO - 2024-01-05           463.43           557.32            20.49
2026-02-21 17:12:16,530 - root - INFO - 2024-01-08           460.45           566.02            20.30
2026-02-21 17:12:16,530 - root - INFO - ...                     ...              ...              ...
2026-02-21 17:12:16,530 - root - INFO - 2025-12-25           487.97           873.58            40.88
2026-02-21 17:12:16,530 - root - INFO - 2025-12-26           508.42           904.33            41.27
2026-02-21 17:12:16,530 - root - INFO - 2025-12-29           486.01           863.38            40.87
2026-02-21 17:12:16,530 - root - INFO - 2025-12-30           495.21           848.63            40.91
2026-02-21 17:12:16,530 - root - INFO - 2025-12-31           486.69           832.76            40.81
2026-02-21 17:12:16,531 - root - INFO - 
2026-02-21 17:12:16,531 - root - INFO -             upstream_6_盐湖股份  upstream_7_中远海控  upstream_8_湘潭电化  \
2026-02-21 17:12:16,531 - root - INFO - 日期
2026-02-21 17:12:16,531 - root - INFO - 2024-01-02           127.50            19.58            44.58
2026-02-21 17:12:16,531 - root - INFO - 2024-01-03           127.63            19.66            44.70
2026-02-21 17:12:16,531 - root - INFO - 2024-01-04           125.99            19.87            44.41
2026-02-21 17:12:16,531 - root - INFO - 2024-01-05           125.33            19.79            44.13
2026-02-21 17:12:16,532 - root - INFO - 2024-01-08           123.17            19.72            42.86
2026-02-21 17:12:16,532 - root - INFO - ...                     ...              ...              ...
2026-02-21 17:12:16,532 - root - INFO - 2025-12-25           208.87            29.54            61.20
2026-02-21 17:12:16,532 - root - INFO - 2025-12-26           214.31            29.63            63.08
2026-02-21 17:12:16,532 - root - INFO - 2025-12-29           205.79            29.59            62.35
2026-02-21 17:12:16,532 - root - INFO - 2025-12-30           206.12            29.67            61.40
2026-02-21 17:12:16,532 - root - INFO - 2025-12-31           208.87            29.55            60.34
2026-02-21 17:12:16,532 - root - INFO - 
2026-02-21 17:12:16,533 - root - INFO -             upstream_9_华友钴业  upstream_10_西藏珠峰  upstream_11_宁波韵升  \
2026-02-21 17:12:16,533 - root - INFO - 日期
2026-02-21 17:12:16,533 - root - INFO - 2024-01-02            78.02             23.14             65.20
2026-02-21 17:12:16,533 - root - INFO - 2024-01-03            78.31             23.26             64.10
2026-02-21 17:12:16,533 - root - INFO - 2024-01-04            76.08             22.98             63.14
2026-02-21 17:12:16,533 - root - INFO - 2024-01-05            74.83             22.56             61.98
2026-02-21 17:12:16,533 - root - INFO - 2024-01-08            72.82             21.97             60.68
2026-02-21 17:12:16,534 - root - INFO - ...                     ...               ...               ...
2026-02-21 17:12:16,534 - root - INFO - 2025-12-25           160.29             27.03            109.61
2026-02-21 17:12:16,534 - root - INFO - 2025-12-26           161.78             28.59            108.45
2026-02-21 17:12:16,534 - root - INFO - 2025-12-29           159.70             29.08            108.04
2026-02-21 17:12:16,534 - root - INFO - 2025-12-30           166.58             28.71            108.31
2026-02-21 17:12:16,534 - root - INFO - 2025-12-31           167.13             28.57            107.22
2026-02-21 17:12:16,534 - root - INFO - 
2026-02-21 17:12:16,534 - root - INFO -             upstream_12_中国卫星  upstream_13_贵研铂业  upstream_14_北方稀土  \
2026-02-21 17:12:16,535 - root - INFO - 日期
2026-02-21 17:12:16,535 - root - INFO - 2024-01-02            493.80             96.77            334.58
2026-02-21 17:12:16,535 - root - INFO - 2024-01-03            491.20             96.68            333.44
2026-02-21 17:12:16,535 - root - INFO - 2024-01-04            487.59             96.21            326.56
2026-02-21 17:12:16,535 - root - INFO - 2024-01-05            477.37             95.75            321.81
2026-02-21 17:12:16,535 - root - INFO - 2024-01-08            462.13             92.96            315.58
2026-02-21 17:12:16,535 - root - INFO - ...                      ...               ...               ...
2026-02-21 17:12:16,535 - root - INFO - 2025-12-25           1435.32            148.10            774.96
2026-02-21 17:12:16,536 - root - INFO - 2025-12-26           1581.05            150.62            776.27
2026-02-21 17:12:16,536 - root - INFO - 2025-12-29           1741.41            147.27            770.70
2026-02-21 17:12:16,536 - root - INFO - 2025-12-30           1707.73            142.15            773.98
2026-02-21 17:12:16,536 - root - INFO - 2025-12-31           1880.72            140.01            776.43
2026-02-21 17:12:16,537 - root - INFO - 
2026-02-21 17:12:16,537 - root - INFO -             upstream_15_盛和资源  upstream_16_南山铝业  upstream_17_江西铜业  \
2026-02-21 17:12:16,537 - root - INFO - 日期
2026-02-21 17:12:16,537 - root - INFO - 2024-01-02             28.79             21.66             23.42
2026-02-21 17:12:16,537 - root - INFO - 2024-01-03             29.01             21.92             23.41
2026-02-21 17:12:16,538 - root - INFO - 2024-01-04             29.15             21.79             23.47
2026-02-21 17:12:16,538 - root - INFO - 2024-01-05             29.20             21.59             23.31
2026-02-21 17:12:16,538 - root - INFO - 2024-01-08             29.08             21.40             23.34
2026-02-21 17:12:16,538 - root - INFO - ...                      ...               ...               ...
2026-02-21 17:12:16,538 - root - INFO - 2025-12-25             25.74             38.66             50.95
2026-02-21 17:12:16,538 - root - INFO - 2025-12-26             25.72             40.61             55.34
2026-02-21 17:12:16,538 - root - INFO - 2025-12-29             25.72             40.09             56.02
2026-02-21 17:12:16,539 - root - INFO - 2025-12-30             25.65             40.61             57.28
2026-02-21 17:12:16,539 - root - INFO - 2025-12-31             25.53             41.07             61.95
2026-02-21 17:12:16,539 - root - INFO - 
2026-02-21 17:12:16,539 - root - INFO -             upstream_18_中国铝业  upstream_19_雅化集团  upstream_20_瑞泰科技  \
2026-02-21 17:12:16,539 - root - INFO - 日期
2026-02-21 17:12:16,539 - root - INFO - 2024-01-02              6.10             83.49            149.49
2026-02-21 17:12:16,539 - root - INFO - 2024-01-03              6.08             83.79            150.17
2026-02-21 17:12:16,540 - root - INFO - 2024-01-04              6.05             81.99            149.90
2026-02-21 17:12:16,540 - root - INFO - 2024-01-05              6.01             81.03            149.76
2026-02-21 17:12:16,540 - root - INFO - 2024-01-08              6.01             78.99            146.93
2026-02-21 17:12:16,540 - root - INFO - ...                      ...               ...               ...
2026-02-21 17:12:16,540 - root - INFO - 2025-12-25             11.83            154.97            160.14
2026-02-21 17:12:16,541 - root - INFO - 2025-12-26             12.71            164.57            162.17
2026-02-21 17:12:16,541 - root - INFO - 2025-12-29             12.32            150.71            164.60
2026-02-21 17:12:16,541 - root - INFO - 2025-12-30             12.86            154.73            175.26
2026-02-21 17:12:16,541 - root - INFO - 2025-12-31             13.09            155.57            171.62
2026-02-21 17:12:16,541 - root - INFO - 
2026-02-21 17:12:16,541 - root - INFO -             upstream_21_方大炭素  upstream_22_鹏辉能源  upstream_23_德方纳米  \
2026-02-21 17:12:16,541 - root - INFO - 日期
2026-02-21 17:12:16,542 - root - INFO - 2024-01-02             75.92            126.97            309.20
2026-02-21 17:12:16,542 - root - INFO - 2024-01-03             75.81            127.91            311.12
2026-02-21 17:12:16,542 - root - INFO - 2024-01-04             75.15            124.04            297.28
2026-02-21 17:12:16,542 - root - INFO - 2024-01-05             74.37            123.64            290.33
2026-02-21 17:12:16,542 - root - INFO - 2024-01-08             73.38            123.41            282.50
2026-02-21 17:12:16,542 - root - INFO - ...                      ...               ...               ...
2026-02-21 17:12:16,542 - root - INFO - 2025-12-25             82.14            261.52            236.47
2026-02-21 17:12:16,543 - root - INFO - 2025-12-26             83.36            262.15            245.49
2026-02-21 17:12:16,543 - root - INFO - 2025-12-29             82.36            253.33            239.94
2026-02-21 17:12:16,543 - root - INFO - 2025-12-30             82.14            251.39            241.03
2026-02-21 17:12:16,543 - root - INFO - 2025-12-31             81.48            242.03            234.19
2026-02-21 17:12:16,544 - root - INFO - 
2026-02-21 17:12:16,544 - root - INFO -             upstream_24_天华新能  upstream_25_容百科技  upstream_26_璞泰来  \
2026-02-21 17:12:16,544 - root - INFO - 日期
2026-02-21 17:12:16,544 - root - INFO - 2024-01-02            212.85             39.69            85.55
2026-02-21 17:12:16,544 - root - INFO - 2024-01-03            213.63             39.21            85.34
2026-02-21 17:12:16,544 - root - INFO - 2024-01-04            209.19             38.19            84.09
2026-02-21 17:12:16,544 - root - INFO - 2024-01-05            208.10             37.69            81.49
2026-02-21 17:12:16,544 - root - INFO - 2024-01-08            203.65             36.42            79.98
2026-02-21 17:12:16,545 - root - INFO - ...                      ...               ...              ...
2026-02-21 17:12:16,545 - root - INFO - 2025-12-25            441.34             48.82           115.10
2026-02-21 17:12:16,545 - root - INFO - 2025-12-26            474.33             51.91           118.60
2026-02-21 17:12:16,545 - root - INFO - 2025-12-29            448.83             51.03           114.98
2026-02-21 17:12:16,545 - root - INFO - 2025-12-30            471.37             53.02           115.75
2026-02-21 17:12:16,545 - root - INFO - 2025-12-31            455.46             53.91           115.51
2026-02-21 17:12:16,546 - root - INFO - 
2026-02-21 17:12:16,546 - root - INFO -             upstream_27_杉杉股份  upstream_28_诺德股份  upstream_29_天赐材料  \
2026-02-21 17:12:16,546 - root - INFO - 日期
2026-02-21 17:12:16,546 - root - INFO - 2024-01-02            401.44             70.56            343.60
2026-02-21 17:12:16,546 - root - INFO - 2024-01-03            411.44             70.30            345.37
2026-02-21 17:12:16,546 - root - INFO - 2024-01-04            404.38             69.14            335.99
2026-02-21 17:12:16,546 - root - INFO - 2024-01-05            397.32             67.98            326.19
2026-02-21 17:12:16,547 - root - INFO - 2024-01-08            386.73             66.30            317.76
2026-02-21 17:12:16,547 - root - INFO - ...                      ...               ...               ...
2026-02-21 17:12:16,547 - root - INFO - 2025-12-25            422.91             93.44            604.85
2026-02-21 17:12:16,547 - root - INFO - 2025-12-26            428.20             94.08            641.70
2026-02-21 17:12:16,547 - root - INFO - 2025-12-29            419.96             91.88            618.04
2026-02-21 17:12:16,547 - root - INFO - 2025-12-30            424.38             91.37            636.53
2026-02-21 17:12:16,547 - root - INFO - 2025-12-31            421.14             90.20            649.73
2026-02-21 17:12:16,547 - root - INFO - 
2026-02-21 17:12:16,548 - root - INFO -             upstream_30_多氟多  upstream_31_星源材质  upstream_32_先导智能  \
2026-02-21 17:12:16,548 - root - INFO - 日期
2026-02-21 17:12:16,548 - root - INFO - 2024-01-02           118.85            106.06            510.14
2026-02-21 17:12:16,548 - root - INFO - 2024-01-03           119.00            105.99            509.38
2026-02-21 17:12:16,548 - root - INFO - 2024-01-04           116.60            103.18            502.86
2026-02-21 17:12:16,548 - root - INFO - 2024-01-05           115.87            101.74            496.72
2026-02-21 17:12:16,548 - root - INFO - 2024-01-08           113.03             97.96            486.56
2026-02-21 17:12:16,548 - root - INFO - ...                     ...               ...               ...
2026-02-21 17:12:16,548 - root - INFO - 2025-12-25           262.62            106.88           1015.39
2026-02-21 17:12:16,548 - root - INFO - 2025-12-26           283.23            115.94           1014.24
2026-02-21 17:12:16,550 - root - INFO - 2025-12-29           261.53            112.37           1008.49
2026-02-21 17:12:16,550 - root - INFO - 2025-12-30           263.13            112.09           1013.66
2026-02-21 17:12:16,550 - root - INFO - 2025-12-31           261.09            109.42            997.94
2026-02-21 17:12:16,550 - root - INFO - 
2026-02-21 17:12:16,550 - root - INFO -             upstream_33_迈为股份  upstream_34_正业科技  upstream_35_罗博特科  \
2026-02-21 17:12:16,550 - root - INFO - 日期
2026-02-21 17:12:16,550 - root - INFO - 2024-01-02            596.73             43.37            101.93
2026-02-21 17:12:16,551 - root - INFO - 2024-01-03            584.84             42.85             94.92
2026-02-21 17:12:16,551 - root - INFO - 2024-01-04            565.81             42.51             93.23
2026-02-21 17:12:16,551 - root - INFO - 2024-01-05            552.58             41.51             88.69
2026-02-21 17:12:16,551 - root - INFO - 2024-01-08            548.43             40.61             88.69
2026-02-21 17:12:16,551 - root - INFO - ...                      ...               ...               ...
2026-02-21 17:12:16,551 - root - INFO - 2025-12-25            828.85             42.13            452.06
2026-02-21 17:12:16,552 - root - INFO - 2025-12-26            811.06             41.75            423.30
2026-02-21 17:12:16,552 - root - INFO - 2025-12-29            968.74             41.23            415.48
2026-02-21 17:12:16,552 - root - INFO - 2025-12-30            907.83             40.70            410.67
2026-02-21 17:12:16,552 - root - INFO - 2025-12-31            971.83             40.61            425.65
2026-02-21 17:12:16,552 - root - INFO - 
2026-02-21 17:12:16,552 - root - INFO -             upstream_36_永太科技  upstream_37_奥特维  upstream_38_芳源股份  \
2026-02-21 17:12:16,552 - root - INFO - 日期
2026-02-21 17:12:16,552 - root - INFO - 2024-01-02             68.02           188.88              7.55
2026-02-21 17:12:16,552 - root - INFO - 2024-01-03             67.79           185.01              7.51
2026-02-21 17:12:16,552 - root - INFO - 2024-01-04             66.33           179.91              7.38
2026-02-21 17:12:16,553 - root - INFO - 2024-01-05             65.31           177.17              7.25
2026-02-21 17:12:16,553 - root - INFO - 2024-01-08             63.67           170.04              7.01
2026-02-21 17:12:16,553 - root - INFO - ...                      ...              ...               ...
2026-02-21 17:12:16,553 - root - INFO - 2025-12-25            142.29           159.11              9.42
2026-02-21 17:12:16,553 - root - INFO - 2025-12-26            156.18           156.20              9.40
2026-02-21 17:12:16,554 - root - INFO - 2025-12-29            145.45           156.70              9.06
2026-02-21 17:12:16,554 - root - INFO - 2025-12-30            147.94           153.31              9.10
2026-02-21 17:12:16,554 - root - INFO - 2025-12-31            144.10           151.05              8.85
2026-02-21 17:12:16,554 - root - INFO - 
2026-02-21 17:12:16,554 - root - INFO -             upstream_39_派能科技  upstream_40_振江股份  upstream_41_欣锐科技  \
2026-02-21 17:12:16,555 - root - INFO - 日期
2026-02-21 17:12:16,555 - root - INFO - 2024-01-02             94.98             26.83             27.60
2026-02-21 17:12:16,555 - root - INFO - 2024-01-03             93.05             26.91             26.93
2026-02-21 17:12:16,555 - root - INFO - 2024-01-04             92.36             26.60             26.56
2026-02-21 17:12:16,555 - root - INFO - 2024-01-05             85.43             25.63             25.74
2026-02-21 17:12:16,556 - root - INFO - 2024-01-08             83.63             25.83             24.97
2026-02-21 17:12:16,556 - root - INFO - ...                      ...               ...               ...
2026-02-21 17:12:16,556 - root - INFO - 2025-12-25            101.78             34.10             28.19
2026-02-21 17:12:16,556 - root - INFO - 2025-12-26            104.38             33.70             27.15
2026-02-21 17:12:16,556 - root - INFO - 2025-12-29            114.43             35.22             26.50
2026-02-21 17:12:16,556 - root - INFO - 2025-12-30            105.88             34.83             26.11
2026-02-21 17:12:16,557 - root - INFO - 2025-12-31            107.78             35.92             25.95
2026-02-21 17:12:16,557 - root - INFO - 
2026-02-21 17:12:16,557 - root - INFO -             upstream_42_视源股份  upstream_43_德赛西威  downstream_1_比亚迪  \
2026-02-21 17:12:16,557 - root - INFO - 日期
2026-02-21 17:12:16,557 - root - INFO - 2024-01-02             78.32            125.20            195.00
2026-02-21 17:12:16,557 - root - INFO - 2024-01-03             77.31            120.24            195.57
2026-02-21 17:12:16,557 - root - INFO - 2024-01-04             75.49            117.10            195.42
2026-02-21 17:12:16,558 - root - INFO - 2024-01-05             74.08            116.19            195.08
2026-02-21 17:12:16,558 - root - INFO - 2024-01-08             72.27            113.86            191.80
2026-02-21 17:12:16,558 - root - INFO - ...                      ...               ...               ...
2026-02-21 17:12:16,558 - root - INFO - 2025-12-25             72.61            128.72            293.99
2026-02-21 17:12:16,558 - root - INFO - 2025-12-26             72.61            126.74            309.50
2026-02-21 17:12:16,558 - root - INFO - 2025-12-29             72.43            125.39            310.10
2026-02-21 17:12:16,558 - root - INFO - 2025-12-30             72.35            126.18            308.72
2026-02-21 17:12:16,558 - root - INFO - 2025-12-31             73.65            124.34            302.63
2026-02-21 17:12:16,559 - root - INFO - 
2026-02-21 17:12:16,559 - root - INFO -             downstream_2_长城汽车  downstream_3_长安汽车  downstream_4_上汽集团        LC
2026-02-21 17:12:16,559 - root - INFO - 日期
2026-02-21 17:12:16,559 - root - INFO - 2024-01-02              83.29             144.59             111.18  108350.0
2026-02-21 17:12:16,560 - root - INFO - 2024-01-03              81.79             141.02             111.52  106600.0
2026-02-21 17:12:16,560 - root - INFO - 2024-01-04              80.86             137.06             111.18  100450.0
2026-02-21 17:12:16,560 - root - INFO - 2024-01-05              80.26             133.89             110.84   98650.0
2026-02-21 17:12:16,560 - root - INFO - 2024-01-08              78.34             133.10             109.90   97200.0
2026-02-21 17:12:16,560 - root - INFO - ...                       ...                ...                ...       ...
2026-02-21 17:12:16,560 - root - INFO - 2025-12-25              78.10             115.64             121.71  123520.0
2026-02-21 17:12:16,560 - root - INFO - 2025-12-26              79.93             116.36             121.93  130520.0
2026-02-21 17:12:16,561 - root - INFO - 2025-12-29              79.42             115.64             121.41  118820.0
2026-02-21 17:12:16,561 - root - INFO - 2025-12-30              79.09             115.64             121.33  121580.0
2026-02-21 17:12:16,561 - root - INFO - 2025-12-31              79.48             115.33             120.78  121580.0
2026-02-21 17:12:16,561 - root - INFO - 
2026-02-21 17:12:16,561 - root - INFO - [485 rows x 52 columns]
2026-02-21 17:12:16,589 - root - ERROR - D:\anaconda\Lib\site-packages\statsmodels\tsa\stattools.py:1545: FutureWarning: verbose is deprecated since functions should not print results
2026-02-21 17:12:16,590 - root - ERROR -   warnings.warn(
