2026-02-18 21:27:38,787 - root - INFO - 合并后的价格数据预览：
2026-02-18 21:27:38,796 - root - INFO -               宁德时代  market_data_1_上证综指  market_data_2_深证成指  upstream_1_湖南裕能  ...  downstream_2_长城汽车  downstream_3_长安汽车  downstream_4_上汽集团        LC
2026-02-18 21:27:38,796 - root - INFO - 日期                                                                           ...
2026-02-18 21:27:38,797 - root - INFO - 2024-01-02  286.07             1345.53             1345.53            33.31  ...              83.29             144.59             111.18  108350.0
2026-02-18 21:27:38,797 - root - INFO - 2024-01-03  284.22             1344.28             1344.28            32.89  ...              81.79             141.02             111.52  106600.0
2026-02-18 21:27:38,800 - root - INFO - 2024-01-04  275.94             1333.03             1333.03            32.45  ...              80.86             137.06             111.18  100450.0
2026-02-18 21:27:38,800 - root - INFO - 2024-01-05  275.40             1353.03             1353.03            32.60  ...              80.26             133.89             110.84   98650.0
2026-02-18 21:27:38,801 - root - INFO - 2024-01-08  273.78             1338.03             1338.03            32.05  ...              78.34             133.10             109.90   97200.0
2026-02-18 21:27:38,801 - root - INFO - ...            ...                 ...                 ...              ...  ...                ...                ...                ...       ...
2026-02-18 21:27:38,801 - root - INFO - 2025-12-25  696.42             1834.74             1834.74            67.57  ...              78.10             115.64             121.71  123520.0
2026-02-18 21:27:38,801 - root - INFO - 2025-12-26  698.97             1832.24             1832.24            71.89  ...              79.93             116.36             121.93  130520.0
2026-02-18 21:27:38,801 - root - INFO - 2025-12-29  689.76             1834.74             1834.74            68.05  ...              79.42             115.64             121.41  118820.0
2026-02-18 21:27:38,803 - root - INFO - 2025-12-30  689.56             1824.74             1824.74            67.58  ...              79.09             115.64             121.33  121580.0
2026-02-18 21:27:38,803 - root - INFO - 2025-12-31  686.07             1815.99             1815.99            65.63  ...              79.48             115.33             120.78  121580.0
2026-02-18 21:27:38,803 - root - INFO - 
2026-02-18 21:27:38,803 - root - INFO - [485 rows x 10 columns]
2026-02-18 21:27:38,809 - root - ERROR - Traceback (most recent call last):
2026-02-18 21:27:38,810 - root - ERROR -   File "D:\HuaweiMoveData\Users\86180\Desktop\new\main.py", line 56, in <module>
2026-02-18 21:27:38,810 - root - ERROR - causal_indices, causal_vector, adj_matrix = con.build_granger_causal_network(earnings)
2026-02-18 21:27:38,810 - root - ERROR - ^
2026-02-18 21:27:38,811 - root - ERROR - ^
2026-02-18 21:27:38,811 - root - ERROR - ^
2026-02-18 21:27:38,811 - root - ERROR - ^
2026-02-18 21:27:38,811 - root - ERROR - ^
2026-02-18 21:27:38,812 - root - ERROR - ^
2026-02-18 21:27:38,812 - root - ERROR - ^
2026-02-18 21:27:38,812 - root - ERROR - ^
2026-02-18 21:27:38,812 - root - ERROR - ^
2026-02-18 21:27:38,813 - root - ERROR - ^
2026-02-18 21:27:38,813 - root - ERROR - ^
2026-02-18 21:27:38,813 - root - ERROR - ^
2026-02-18 21:27:38,813 - root - ERROR - ^
2026-02-18 21:27:38,813 - root - ERROR - ^
2026-02-18 21:27:38,813 - root - ERROR - ^
2026-02-18 21:27:38,813 - root - ERROR - ^
2026-02-18 21:27:38,814 - root - ERROR - ^
2026-02-18 21:27:38,814 - root - ERROR - ^
2026-02-18 21:27:38,814 - root - ERROR - ^
2026-02-18 21:27:38,814 - root - ERROR - ^
2026-02-18 21:27:38,814 - root - ERROR - ^
2026-02-18 21:27:38,814 - root - ERROR - ^
2026-02-18 21:27:38,814 - root - ERROR - ^
2026-02-18 21:27:38,814 - root - ERROR - ^
2026-02-18 21:27:38,814 - root - ERROR - ^
2026-02-18 21:27:38,815 - root - ERROR - ^
2026-02-18 21:27:38,815 - root - ERROR - ^
2026-02-18 21:27:38,815 - root - ERROR - ^
2026-02-18 21:27:38,815 - root - ERROR - ^
2026-02-18 21:27:38,815 - root - ERROR - ^
2026-02-18 21:27:38,815 - root - ERROR - ^
2026-02-18 21:27:38,815 - root - ERROR - ^
2026-02-18 21:27:38,816 - root - ERROR - ^
2026-02-18 21:27:38,816 - root - ERROR - ^
2026-02-18 21:27:38,816 - root - ERROR - ^
2026-02-18 21:27:38,816 - root - ERROR - ^
2026-02-18 21:27:38,816 - root - ERROR - ^
2026-02-18 21:27:38,816 - root - ERROR - ^
2026-02-18 21:27:38,817 - root - ERROR - ^
2026-02-18 21:27:38,817 - root - ERROR - ^
2026-02-18 21:27:38,817 - root - ERROR - ^
2026-02-18 21:27:38,817 - root - ERROR - ^
2026-02-18 21:27:38,817 - root - ERROR -   File "D:\HuaweiMoveData\Users\86180\Desktop\new\Construction.py", line 40, in build_granger_causal_network
2026-02-18 21:27:38,818 - root - ERROR - var_result = model.fit(lag, cov_type='approx')
2026-02-18 21:27:38,818 - root - ERROR - ^
2026-02-18 21:27:38,818 - root - ERROR - ^
2026-02-18 21:27:38,818 - root - ERROR - ^
2026-02-18 21:27:38,818 - root - ERROR - ^
2026-02-18 21:27:38,818 - root - ERROR - ^
2026-02-18 21:27:38,819 - root - ERROR - ^
2026-02-18 21:27:38,819 - root - ERROR - ^
2026-02-18 21:27:38,819 - root - ERROR - ^
2026-02-18 21:27:38,819 - root - ERROR - ^
2026-02-18 21:27:38,819 - root - ERROR - ^
2026-02-18 21:27:38,819 - root - ERROR - ^
2026-02-18 21:27:38,819 - root - ERROR - ^
2026-02-18 21:27:38,819 - root - ERROR - ^
2026-02-18 21:27:38,820 - root - ERROR - ^
2026-02-18 21:27:38,820 - root - ERROR - ^
2026-02-18 21:27:38,820 - root - ERROR - ^
2026-02-18 21:27:38,820 - root - ERROR - ^
2026-02-18 21:27:38,820 - root - ERROR - ^
2026-02-18 21:27:38,820 - root - ERROR - ^
2026-02-18 21:27:38,820 - root - ERROR - ^
2026-02-18 21:27:38,821 - root - ERROR - ^
2026-02-18 21:27:38,821 - root - ERROR - ^
2026-02-18 21:27:38,821 - root - ERROR - ^
2026-02-18 21:27:38,821 - root - ERROR - ^
2026-02-18 21:27:38,821 - root - ERROR - ^
2026-02-18 21:27:38,821 - root - ERROR - ^
2026-02-18 21:27:38,821 - root - ERROR - ^
2026-02-18 21:27:38,822 - root - ERROR - ^
2026-02-18 21:27:38,822 - root - ERROR - ^
2026-02-18 21:27:38,822 - root - ERROR - ^
2026-02-18 21:27:38,822 - root - ERROR - ^
2026-02-18 21:27:38,822 - root - ERROR - ^
2026-02-18 21:27:38,822 - root - ERROR - ^
2026-02-18 21:27:38,822 - root - ERROR - TypeError
2026-02-18 21:27:38,823 - root - ERROR - :
2026-02-18 21:27:38,824 - root - ERROR - VAR.fit() got an unexpected keyword argument 'cov_type'
