2026-02-18 23:59:57,700 - root - INFO - 合并后的价格数据预览：
2026-02-18 23:59:57,711 - root - INFO -               宁德时代  market_data_1_上证综指  market_data_2_深证成指  upstream_1_湖南裕能  ...  downstream_2_长城汽车  downstream_3_长安汽车  downstream_4_上汽集团        LC
2026-02-18 23:59:57,711 - root - INFO - 日期                                                                           ...
2026-02-18 23:59:57,712 - root - INFO - 2024-01-02  286.07             1345.53             1345.53            33.31  ...              83.29             144.59             111.18  108350.0
2026-02-18 23:59:57,712 - root - INFO - 2024-01-03  284.22             1344.28             1344.28            32.89  ...              81.79             141.02             111.52  106600.0
2026-02-18 23:59:57,713 - root - INFO - 2024-01-04  275.94             1333.03             1333.03            32.45  ...              80.86             137.06             111.18  100450.0
2026-02-18 23:59:57,713 - root - INFO - 2024-01-05  275.40             1353.03             1353.03            32.60  ...              80.26             133.89             110.84   98650.0
2026-02-18 23:59:57,714 - root - INFO - 2024-01-08  273.78             1338.03             1338.03            32.05  ...              78.34             133.10             109.90   97200.0
2026-02-18 23:59:57,714 - root - INFO - ...            ...                 ...                 ...              ...  ...                ...                ...                ...       ...
2026-02-18 23:59:57,714 - root - INFO - 2025-12-25  696.42             1834.74             1834.74            67.57  ...              78.10             115.64             121.71  123520.0
2026-02-18 23:59:57,715 - root - INFO - 2025-12-26  698.97             1832.24             1832.24            71.89  ...              79.93             116.36             121.93  130520.0
2026-02-18 23:59:57,715 - root - INFO - 2025-12-29  689.76             1834.74             1834.74            68.05  ...              79.42             115.64             121.41  118820.0
2026-02-18 23:59:57,715 - root - INFO - 2025-12-30  689.56             1824.74             1824.74            67.58  ...              79.09             115.64             121.33  121580.0
2026-02-18 23:59:57,715 - root - INFO - 2025-12-31  686.07             1815.99             1815.99            65.63  ...              79.48             115.33             120.78  121580.0
2026-02-18 23:59:57,716 - root - INFO - 
2026-02-18 23:59:57,716 - root - INFO - [485 rows x 10 columns]
2026-02-18 23:59:57,716 - root - INFO - Index(['宁德时代', 'market_data_1_上证综指', 'market_data_2_深证成指', 'upstream_1_湖南裕能',
2026-02-18 23:59:57,716 - root - INFO -        'upstream_2_盛新锂能', 'downstream_1_比亚迪', 'downstream_2_长城汽车',
2026-02-18 23:59:57,716 - root - INFO -        'downstream_3_长安汽车', 'downstream_4_上汽集团', 'LC'],
2026-02-18 23:59:57,717 - root - INFO -       dtype='object')
2026-02-18 23:59:57,717 - root - INFO - Missing values:
2026-02-18 23:59:57,718 - root - INFO - 宁德时代                  0
2026-02-18 23:59:57,718 - root - INFO - market_data_1_上证综指    0
2026-02-18 23:59:57,718 - root - INFO - market_data_2_深证成指    0
2026-02-18 23:59:57,719 - root - INFO - upstream_1_湖南裕能       0
2026-02-18 23:59:57,719 - root - INFO - upstream_2_盛新锂能       0
2026-02-18 23:59:57,719 - root - INFO - downstream_1_比亚迪      0
2026-02-18 23:59:57,720 - root - INFO - downstream_2_长城汽车     0
2026-02-18 23:59:57,720 - root - INFO - downstream_3_长安汽车     0
2026-02-18 23:59:57,720 - root - INFO - downstream_4_上汽集团     0
2026-02-18 23:59:57,720 - root - INFO - LC                    0
2026-02-18 23:59:57,720 - root - INFO - dtype: int64
2026-02-18 23:59:57,723 - root - INFO - Standard deviation of differenced data:
2026-02-18 23:59:57,724 - root - INFO - 宁德时代                  1.0
2026-02-18 23:59:57,724 - root - INFO - market_data_1_上证综指    1.0
2026-02-18 23:59:57,724 - root - INFO - market_data_2_深证成指    1.0
2026-02-18 23:59:57,724 - root - INFO - upstream_1_湖南裕能       1.0
2026-02-18 23:59:57,725 - root - INFO - upstream_2_盛新锂能       1.0
2026-02-18 23:59:57,725 - root - INFO - downstream_1_比亚迪      1.0
2026-02-18 23:59:57,725 - root - INFO - downstream_2_长城汽车     1.0
2026-02-18 23:59:57,725 - root - INFO - downstream_3_长安汽车     1.0
2026-02-18 23:59:57,726 - root - INFO - downstream_4_上汽集团     1.0
2026-02-18 23:59:57,726 - root - INFO - LC                    1.0
2026-02-18 23:59:57,726 - root - INFO - dtype: float64
2026-02-18 23:59:57,727 - root - ERROR - D:\anaconda\Lib\site-packages\statsmodels\tsa\base\tsa_model.py:473: ValueWarning: A date index has been provided, but it has no associated frequency information and so will be ignored when e.g. forecasting.
2026-02-18 23:59:57,728 - root - ERROR -   self._init_dates(dates, freq)
2026-02-18 23:59:57,733 - root - ERROR - Traceback (most recent call last):
2026-02-18 23:59:57,734 - root - ERROR -   File "D:\HuaweiMoveData\Users\86180\Desktop\new\main.py", line 56, in <module>
2026-02-18 23:59:57,734 - root - ERROR - causal_indices, causal_vector, adj_matrix = con.build_granger_causal_network(earnings)
2026-02-18 23:59:57,734 - root - ERROR - ^
2026-02-18 23:59:57,735 - root - ERROR - ^
2026-02-18 23:59:57,735 - root - ERROR - ^
2026-02-18 23:59:57,735 - root - ERROR - ^
2026-02-18 23:59:57,735 - root - ERROR - ^
2026-02-18 23:59:57,735 - root - ERROR - ^
2026-02-18 23:59:57,735 - root - ERROR - ^
2026-02-18 23:59:57,736 - root - ERROR - ^
2026-02-18 23:59:57,736 - root - ERROR - ^
2026-02-18 23:59:57,736 - root - ERROR - ^
2026-02-18 23:59:57,736 - root - ERROR - ^
2026-02-18 23:59:57,736 - root - ERROR - ^
2026-02-18 23:59:57,736 - root - ERROR - ^
2026-02-18 23:59:57,736 - root - ERROR - ^
2026-02-18 23:59:57,736 - root - ERROR - ^
2026-02-18 23:59:57,736 - root - ERROR - ^
2026-02-18 23:59:57,737 - root - ERROR - ^
2026-02-18 23:59:57,737 - root - ERROR - ^
2026-02-18 23:59:57,737 - root - ERROR - ^
2026-02-18 23:59:57,737 - root - ERROR - ^
2026-02-18 23:59:57,737 - root - ERROR - ^
2026-02-18 23:59:57,738 - root - ERROR - ^
2026-02-18 23:59:57,738 - root - ERROR - ^
2026-02-18 23:59:57,738 - root - ERROR - ^
2026-02-18 23:59:57,738 - root - ERROR - ^
2026-02-18 23:59:57,738 - root - ERROR - ^
2026-02-18 23:59:57,738 - root - ERROR - ^
2026-02-18 23:59:57,739 - root - ERROR - ^
2026-02-18 23:59:57,739 - root - ERROR - ^
2026-02-18 23:59:57,739 - root - ERROR - ^
2026-02-18 23:59:57,739 - root - ERROR - ^
2026-02-18 23:59:57,739 - root - ERROR - ^
2026-02-18 23:59:57,739 - root - ERROR - ^
2026-02-18 23:59:57,739 - root - ERROR - ^
2026-02-18 23:59:57,740 - root - ERROR - ^
2026-02-18 23:59:57,740 - root - ERROR - ^
2026-02-18 23:59:57,740 - root - ERROR - ^
2026-02-18 23:59:57,740 - root - ERROR - ^
2026-02-18 23:59:57,741 - root - ERROR - ^
2026-02-18 23:59:57,741 - root - ERROR - ^
2026-02-18 23:59:57,741 - root - ERROR - ^
2026-02-18 23:59:57,741 - root - ERROR - ^
2026-02-18 23:59:57,741 - root - ERROR -   File "D:\HuaweiMoveData\Users\86180\Desktop\new\Construction.py", line 42, in build_granger_causal_network
2026-02-18 23:59:57,742 - root - ERROR - aic_values.append(var_result.aic)
2026-02-18 23:59:57,742 - root - ERROR - ^
2026-02-18 23:59:57,742 - root - ERROR - ^
2026-02-18 23:59:57,742 - root - ERROR - ^
2026-02-18 23:59:57,742 - root - ERROR - ^
2026-02-18 23:59:57,742 - root - ERROR - ^
2026-02-18 23:59:57,743 - root - ERROR - ^
2026-02-18 23:59:57,743 - root - ERROR - ^
2026-02-18 23:59:57,743 - root - ERROR - ^
2026-02-18 23:59:57,743 - root - ERROR - ^
2026-02-18 23:59:57,743 - root - ERROR - ^
2026-02-18 23:59:57,743 - root - ERROR - ^
2026-02-18 23:59:57,743 - root - ERROR - ^
2026-02-18 23:59:57,744 - root - ERROR - ^
2026-02-18 23:59:57,744 - root - ERROR - ^
2026-02-18 23:59:57,744 - root - ERROR -   File "D:\anaconda\Lib\site-packages\statsmodels\base\wrapper.py", line 34, in __getattribute__
2026-02-18 23:59:57,744 - root - ERROR - obj = getattr(results, attr)
2026-02-18 23:59:57,745 - root - ERROR - ^
2026-02-18 23:59:57,745 - root - ERROR - ^
2026-02-18 23:59:57,745 - root - ERROR - ^
2026-02-18 23:59:57,745 - root - ERROR - ^
2026-02-18 23:59:57,745 - root - ERROR - ^
2026-02-18 23:59:57,745 - root - ERROR - ^
2026-02-18 23:59:57,746 - root - ERROR - ^
2026-02-18 23:59:57,746 - root - ERROR - ^
2026-02-18 23:59:57,746 - root - ERROR - ^
2026-02-18 23:59:57,746 - root - ERROR - ^
2026-02-18 23:59:57,746 - root - ERROR - ^
2026-02-18 23:59:57,746 - root - ERROR - ^
2026-02-18 23:59:57,746 - root - ERROR - ^
2026-02-18 23:59:57,747 - root - ERROR - ^
2026-02-18 23:59:57,747 - root - ERROR - ^
2026-02-18 23:59:57,747 - root - ERROR - ^
2026-02-18 23:59:57,747 - root - ERROR - ^
2026-02-18 23:59:57,747 - root - ERROR - ^
2026-02-18 23:59:57,747 - root - ERROR - ^
2026-02-18 23:59:57,747 - root - ERROR - ^
2026-02-18 23:59:57,748 - root - ERROR - ^
2026-02-18 23:59:57,748 - root - ERROR - ^
2026-02-18 23:59:57,748 - root - ERROR -   File "D:\anaconda\Lib\site-packages\statsmodels\tsa\vector_ar\var_model.py", line 2308, in aic
2026-02-18 23:59:57,748 - root - ERROR - return self.info_criteria["aic"]
2026-02-18 23:59:57,749 - root - ERROR - ^
2026-02-18 23:59:57,749 - root - ERROR - ^
2026-02-18 23:59:57,749 - root - ERROR - ^
2026-02-18 23:59:57,749 - root - ERROR - ^
2026-02-18 23:59:57,749 - root - ERROR - ^
2026-02-18 23:59:57,749 - root - ERROR - ^
2026-02-18 23:59:57,750 - root - ERROR - ^
2026-02-18 23:59:57,750 - root - ERROR - ^
2026-02-18 23:59:57,750 - root - ERROR - ^
2026-02-18 23:59:57,750 - root - ERROR - ^
2026-02-18 23:59:57,750 - root - ERROR - ^
2026-02-18 23:59:57,750 - root - ERROR - ^
2026-02-18 23:59:57,750 - root - ERROR - ^
2026-02-18 23:59:57,750 - root - ERROR - ^
2026-02-18 23:59:57,751 - root - ERROR - ^
2026-02-18 23:59:57,751 - root - ERROR - ^
2026-02-18 23:59:57,751 - root - ERROR - ^
2026-02-18 23:59:57,751 - root - ERROR - ^
2026-02-18 23:59:57,751 - root - ERROR -   File "properties.pyx", line 36, in pandas._libs.properties.CachedProperty.__get__
2026-02-18 23:59:57,752 - root - ERROR -   File "D:\anaconda\Lib\site-packages\statsmodels\tsa\vector_ar\var_model.py", line 2289, in info_criteria
2026-02-18 23:59:57,752 - root - ERROR - ld = logdet_symm(self.sigma_u_mle)
2026-02-18 23:59:57,753 - root - ERROR - ^
2026-02-18 23:59:57,753 - root - ERROR - ^
2026-02-18 23:59:57,753 - root - ERROR - ^
2026-02-18 23:59:57,753 - root - ERROR - ^
2026-02-18 23:59:57,753 - root - ERROR - ^
2026-02-18 23:59:57,753 - root - ERROR - ^
2026-02-18 23:59:57,754 - root - ERROR - ^
2026-02-18 23:59:57,754 - root - ERROR - ^
2026-02-18 23:59:57,754 - root - ERROR - ^
2026-02-18 23:59:57,754 - root - ERROR - ^
2026-02-18 23:59:57,754 - root - ERROR - ^
2026-02-18 23:59:57,754 - root - ERROR - ^
2026-02-18 23:59:57,754 - root - ERROR - ^
2026-02-18 23:59:57,754 - root - ERROR - ^
2026-02-18 23:59:57,755 - root - ERROR - ^
2026-02-18 23:59:57,755 - root - ERROR - ^
2026-02-18 23:59:57,755 - root - ERROR - ^
2026-02-18 23:59:57,755 - root - ERROR - ^
2026-02-18 23:59:57,755 - root - ERROR - ^
2026-02-18 23:59:57,755 - root - ERROR - ^
2026-02-18 23:59:57,755 - root - ERROR - ^
2026-02-18 23:59:57,756 - root - ERROR - ^
2026-02-18 23:59:57,756 - root - ERROR - ^
2026-02-18 23:59:57,756 - root - ERROR - ^
2026-02-18 23:59:57,756 - root - ERROR - ^
2026-02-18 23:59:57,756 - root - ERROR - ^
2026-02-18 23:59:57,756 - root - ERROR - ^
2026-02-18 23:59:57,756 - root - ERROR - ^
2026-02-18 23:59:57,757 - root - ERROR - ^
2026-02-18 23:59:57,757 - root - ERROR -   File "D:\anaconda\Lib\site-packages\statsmodels\tools\linalg.py", line 28, in logdet_symm
2026-02-18 23:59:57,757 - root - ERROR - c, _ = linalg.cho_factor(m, lower=True)
2026-02-18 23:59:57,757 - root - ERROR - ^
2026-02-18 23:59:57,758 - root - ERROR - ^
2026-02-18 23:59:57,758 - root - ERROR - ^
2026-02-18 23:59:57,758 - root - ERROR - ^
2026-02-18 23:59:57,758 - root - ERROR - ^
2026-02-18 23:59:57,758 - root - ERROR - ^
2026-02-18 23:59:57,758 - root - ERROR - ^
2026-02-18 23:59:57,759 - root - ERROR - ^
2026-02-18 23:59:57,759 - root - ERROR - ^
2026-02-18 23:59:57,759 - root - ERROR - ^
2026-02-18 23:59:57,759 - root - ERROR - ^
2026-02-18 23:59:57,759 - root - ERROR - ^
2026-02-18 23:59:57,759 - root - ERROR - ^
2026-02-18 23:59:57,760 - root - ERROR - ^
2026-02-18 23:59:57,760 - root - ERROR - ^
2026-02-18 23:59:57,760 - root - ERROR - ^
2026-02-18 23:59:57,760 - root - ERROR - ^
2026-02-18 23:59:57,760 - root - ERROR - ^
2026-02-18 23:59:57,761 - root - ERROR - ^
2026-02-18 23:59:57,761 - root - ERROR - ^
2026-02-18 23:59:57,761 - root - ERROR - ^
2026-02-18 23:59:57,761 - root - ERROR - ^
2026-02-18 23:59:57,761 - root - ERROR - ^
2026-02-18 23:59:57,761 - root - ERROR - ^
2026-02-18 23:59:57,762 - root - ERROR - ^
2026-02-18 23:59:57,762 - root - ERROR - ^
2026-02-18 23:59:57,762 - root - ERROR - ^
2026-02-18 23:59:57,762 - root - ERROR - ^
2026-02-18 23:59:57,762 - root - ERROR - ^
2026-02-18 23:59:57,762 - root - ERROR - ^
2026-02-18 23:59:57,762 - root - ERROR - ^
2026-02-18 23:59:57,762 - root - ERROR - ^
2026-02-18 23:59:57,762 - root - ERROR -   File "D:\anaconda\Lib\site-packages\scipy\linalg\_decomp_cholesky.py", line 153, in cho_factor
2026-02-18 23:59:57,764 - root - ERROR - c, lower = _cholesky(a, lower=lower, overwrite_a=overwrite_a, clean=False,
2026-02-18 23:59:57,764 - root - ERROR - ^
2026-02-18 23:59:57,764 - root - ERROR - ^
2026-02-18 23:59:57,764 - root - ERROR - ^
2026-02-18 23:59:57,764 - root - ERROR - ^
2026-02-18 23:59:57,764 - root - ERROR - ^
2026-02-18 23:59:57,764 - root - ERROR - ^
2026-02-18 23:59:57,765 - root - ERROR - ^
2026-02-18 23:59:57,765 - root - ERROR - ^
2026-02-18 23:59:57,765 - root - ERROR - ^
2026-02-18 23:59:57,765 - root - ERROR - ^
2026-02-18 23:59:57,765 - root - ERROR - ^
2026-02-18 23:59:57,765 - root - ERROR - ^
2026-02-18 23:59:57,765 - root - ERROR - ^
2026-02-18 23:59:57,765 - root - ERROR - ^
2026-02-18 23:59:57,766 - root - ERROR - ^
2026-02-18 23:59:57,766 - root - ERROR - ^
2026-02-18 23:59:57,766 - root - ERROR - ^
2026-02-18 23:59:57,766 - root - ERROR - ^
2026-02-18 23:59:57,766 - root - ERROR - ^
2026-02-18 23:59:57,766 - root - ERROR - ^
2026-02-18 23:59:57,766 - root - ERROR - ^
2026-02-18 23:59:57,767 - root - ERROR - ^
2026-02-18 23:59:57,767 - root - ERROR - ^
2026-02-18 23:59:57,767 - root - ERROR - ^
2026-02-18 23:59:57,767 - root - ERROR - ^
2026-02-18 23:59:57,767 - root - ERROR - ^
2026-02-18 23:59:57,767 - root - ERROR - ^
2026-02-18 23:59:57,767 - root - ERROR - ^
2026-02-18 23:59:57,767 - root - ERROR - ^
2026-02-18 23:59:57,768 - root - ERROR - ^
2026-02-18 23:59:57,768 - root - ERROR - ^
2026-02-18 23:59:57,768 - root - ERROR - ^
2026-02-18 23:59:57,768 - root - ERROR - ^
2026-02-18 23:59:57,769 - root - ERROR - ^
2026-02-18 23:59:57,769 - root - ERROR - ^
2026-02-18 23:59:57,769 - root - ERROR - ^
2026-02-18 23:59:57,769 - root - ERROR - ^
2026-02-18 23:59:57,769 - root - ERROR - ^
2026-02-18 23:59:57,769 - root - ERROR - ^
2026-02-18 23:59:57,769 - root - ERROR - ^
2026-02-18 23:59:57,769 - root - ERROR - ^
2026-02-18 23:59:57,770 - root - ERROR - ^
2026-02-18 23:59:57,770 - root - ERROR - ^
2026-02-18 23:59:57,770 - root - ERROR - ^
2026-02-18 23:59:57,770 - root - ERROR - ^
2026-02-18 23:59:57,770 - root - ERROR - ^
2026-02-18 23:59:57,770 - root - ERROR - ^
2026-02-18 23:59:57,770 - root - ERROR - ^
2026-02-18 23:59:57,770 - root - ERROR - ^
2026-02-18 23:59:57,770 - root - ERROR - ^
2026-02-18 23:59:57,771 - root - ERROR - ^
2026-02-18 23:59:57,771 - root - ERROR - ^
2026-02-18 23:59:57,771 - root - ERROR - ^
2026-02-18 23:59:57,771 - root - ERROR - ^
2026-02-18 23:59:57,771 - root - ERROR - ^
2026-02-18 23:59:57,771 - root - ERROR - ^
2026-02-18 23:59:57,771 - root - ERROR - ^
2026-02-18 23:59:57,772 - root - ERROR - ^
2026-02-18 23:59:57,772 - root - ERROR - ^
2026-02-18 23:59:57,772 - root - ERROR - ^
2026-02-18 23:59:57,772 - root - ERROR - ^
2026-02-18 23:59:57,772 - root - ERROR - ^
2026-02-18 23:59:57,772 - root - ERROR - ^
2026-02-18 23:59:57,772 - root - ERROR -   File "D:\anaconda\Lib\site-packages\scipy\linalg\_decomp_cholesky.py", line 36, in _cholesky
2026-02-18 23:59:57,773 - root - ERROR - raise LinAlgError("%d-th leading minor of the array is not positive "
2026-02-18 23:59:57,773 - root - ERROR - numpy.linalg
2026-02-18 23:59:57,773 - root - ERROR - .
2026-02-18 23:59:57,773 - root - ERROR - LinAlgError
2026-02-18 23:59:57,774 - root - ERROR - :
2026-02-18 23:59:57,774 - root - ERROR - 3-th leading minor of the array is not positive definite
