2026-02-19 19:55:14,964 - root - INFO - 合并后的价格数据预览：
2026-02-19 19:55:14,969 - root - INFO -               宁德时代  market_data_1_上证综指  market_data_2_深证成指  upstream_1_湖南裕能  \
2026-02-19 19:55:14,970 - root - INFO - 日期
2026-02-19 19:55:14,970 - root - INFO - 2024-01-02  286.07             1345.53             9401.35            33.31
2026-02-19 19:55:14,970 - root - INFO - 2024-01-03  284.22             1344.28             9330.86            32.89
2026-02-19 19:55:14,971 - root - INFO - 2024-01-04  275.94             1333.03             9215.25            32.45
2026-02-19 19:55:14,971 - root - INFO - 2024-01-05  275.40             1353.03             9116.44            32.60
2026-02-19 19:55:14,972 - root - INFO - 2024-01-08  273.78             1338.03             8947.72            32.05
2026-02-19 19:55:14,972 - root - INFO - ...            ...                 ...                 ...              ...
2026-02-19 19:55:14,972 - root - INFO - 2025-12-25  696.42             1834.74            13531.41            67.57
2026-02-19 19:55:14,972 - root - INFO - 2025-12-26  698.97             1832.24            13603.89            71.89
2026-02-19 19:55:14,972 - root - INFO - 2025-12-29  689.76             1834.74            13537.10            68.05
2026-02-19 19:55:14,972 - root - INFO - 2025-12-30  689.56             1824.74            13604.07            67.58
2026-02-19 19:55:14,973 - root - INFO - 2025-12-31  686.07             1815.99            13525.02            65.63
2026-02-19 19:55:14,973 - root - INFO - 
2026-02-19 19:55:14,973 - root - INFO -             upstream_2_盛新锂能  downstream_1_比亚迪  downstream_2_长城汽车  \
2026-02-19 19:55:14,973 - root - INFO - 日期
2026-02-19 19:55:14,973 - root - INFO - 2024-01-02            37.03            195.00              83.29
2026-02-19 19:55:14,973 - root - INFO - 2024-01-03            37.32            195.57              81.79
2026-02-19 19:55:14,973 - root - INFO - 2024-01-04            36.48            195.42              80.86
2026-02-19 19:55:14,974 - root - INFO - 2024-01-05            36.15            195.08              80.26
2026-02-19 19:55:14,974 - root - INFO - 2024-01-08            36.21            191.80              78.34
2026-02-19 19:55:14,974 - root - INFO - ...                     ...               ...                ...
2026-02-19 19:55:14,974 - root - INFO - 2025-12-25            56.56            293.99              78.10
2026-02-19 19:55:14,974 - root - INFO - 2025-12-26            58.02            309.50              79.93
2026-02-19 19:55:14,975 - root - INFO - 2025-12-29            54.53            310.10              79.42
2026-02-19 19:55:14,975 - root - INFO - 2025-12-30            55.12            308.72              79.09
2026-02-19 19:55:14,975 - root - INFO - 2025-12-31            56.77            302.63              79.48
2026-02-19 19:55:14,975 - root - INFO - 
2026-02-19 19:55:14,975 - root - INFO -             downstream_3_长安汽车  downstream_4_上汽集团        LC
2026-02-19 19:55:14,976 - root - INFO - 日期
2026-02-19 19:55:14,976 - root - INFO - 2024-01-02             144.59             111.18  108350.0
2026-02-19 19:55:14,976 - root - INFO - 2024-01-03             141.02             111.52  106600.0
2026-02-19 19:55:14,976 - root - INFO - 2024-01-04             137.06             111.18  100450.0
2026-02-19 19:55:14,976 - root - INFO - 2024-01-05             133.89             110.84   98650.0
2026-02-19 19:55:14,976 - root - INFO - 2024-01-08             133.10             109.90   97200.0
2026-02-19 19:55:14,976 - root - INFO - ...                       ...                ...       ...
2026-02-19 19:55:14,977 - root - INFO - 2025-12-25             115.64             121.71  123520.0
2026-02-19 19:55:14,977 - root - INFO - 2025-12-26             116.36             121.93  130520.0
2026-02-19 19:55:14,977 - root - INFO - 2025-12-29             115.64             121.41  118820.0
2026-02-19 19:55:14,977 - root - INFO - 2025-12-30             115.64             121.33  121580.0
2026-02-19 19:55:14,977 - root - INFO - 2025-12-31             115.33             120.78  121580.0
2026-02-19 19:55:14,977 - root - INFO - 
2026-02-19 19:55:14,977 - root - INFO - [485 rows x 10 columns]
2026-02-19 19:55:14,979 - root - ERROR - D:\anaconda\Lib\site-packages\statsmodels\tsa\stattools.py:1545: FutureWarning: verbose is deprecated since functions should not print results
2026-02-19 19:55:14,979 - root - ERROR -   warnings.warn(
2026-02-19 19:55:15,705 - root - INFO - 因果矩阵已构建：
2026-02-19 19:55:15,707 - root - INFO -                      宁德时代  market_data_1_上证综指  market_data_2_深证成指  \
2026-02-19 19:55:15,708 - root - INFO - 宁德时代                False               False               False
2026-02-19 19:55:15,708 - root - INFO - market_data_1_上证综指   True               False               False
2026-02-19 19:55:15,708 - root - INFO - market_data_2_深证成指  False               False               False
2026-02-19 19:55:15,708 - root - INFO - upstream_1_湖南裕能      True               False               False
2026-02-19 19:55:15,709 - root - INFO - upstream_2_盛新锂能      True               False               False
2026-02-19 19:55:15,709 - root - INFO - downstream_1_比亚迪    False               False               False
2026-02-19 19:55:15,709 - root - INFO - downstream_2_长城汽车   False               False               False
2026-02-19 19:55:15,709 - root - INFO - downstream_3_长安汽车   False                True               False
2026-02-19 19:55:15,709 - root - INFO - downstream_4_上汽集团   False               False               False
2026-02-19 19:55:15,710 - root - INFO - LC                   True                True               False
2026-02-19 19:55:15,710 - root - INFO - 
2026-02-19 19:55:15,710 - root - INFO -                     upstream_1_湖南裕能  upstream_2_盛新锂能  downstream_1_比亚迪  \
2026-02-19 19:55:15,710 - root - INFO - 宁德时代                          False            False             False
2026-02-19 19:55:15,710 - root - INFO - market_data_1_上证综指            False            False             False
2026-02-19 19:55:15,710 - root - INFO - market_data_2_深证成指            False            False             False
2026-02-19 19:55:15,710 - root - INFO - upstream_1_湖南裕能               False             True             False
2026-02-19 19:55:15,710 - root - INFO - upstream_2_盛新锂能                True            False             False
2026-02-19 19:55:15,711 - root - INFO - downstream_1_比亚迪              False            False             False
2026-02-19 19:55:15,711 - root - INFO - downstream_2_长城汽车             False            False             False
2026-02-19 19:55:15,711 - root - INFO - downstream_3_长安汽车             False            False              True
2026-02-19 19:55:15,711 - root - INFO - downstream_4_上汽集团             False            False             False
2026-02-19 19:55:15,711 - root - INFO - LC                            False            False             False
2026-02-19 19:55:15,711 - root - INFO - 
2026-02-19 19:55:15,711 - root - INFO -                     downstream_2_长城汽车  downstream_3_长安汽车  downstream_4_上汽集团  \
2026-02-19 19:55:15,711 - root - INFO - 宁德时代                            False              False              False
2026-02-19 19:55:15,712 - root - INFO - market_data_1_上证综指              False              False              False
2026-02-19 19:55:15,712 - root - INFO - market_data_2_深证成指              False              False              False
2026-02-19 19:55:15,712 - root - INFO - upstream_1_湖南裕能                 False              False              False
2026-02-19 19:55:15,712 - root - INFO - upstream_2_盛新锂能                 False              False              False
2026-02-19 19:55:15,712 - root - INFO - downstream_1_比亚迪                False              False              False
2026-02-19 19:55:15,712 - root - INFO - downstream_2_长城汽车               False              False              False
2026-02-19 19:55:15,713 - root - INFO - downstream_3_长安汽车               False              False              False
2026-02-19 19:55:15,713 - root - INFO - downstream_4_上汽集团               False              False              False
2026-02-19 19:55:15,713 - root - INFO - LC                              False              False              False
2026-02-19 19:55:15,713 - root - INFO - 
2026-02-19 19:55:15,713 - root - INFO -                        LC
2026-02-19 19:55:15,713 - root - INFO - 宁德时代                False
2026-02-19 19:55:15,713 - root - INFO - market_data_1_上证综指  False
2026-02-19 19:55:15,713 - root - INFO - market_data_2_深证成指  False
2026-02-19 19:55:15,714 - root - INFO - upstream_1_湖南裕能     False
2026-02-19 19:55:15,714 - root - INFO - upstream_2_盛新锂能     False
2026-02-19 19:55:15,714 - root - INFO - downstream_1_比亚迪    False
2026-02-19 19:55:15,714 - root - INFO - downstream_2_长城汽车   False
2026-02-19 19:55:15,714 - root - INFO - downstream_3_长安汽车   False
2026-02-19 19:55:15,714 - root - INFO - downstream_4_上汽集团   False
2026-02-19 19:55:15,714 - root - INFO - LC                  False
2026-02-19 19:55:15,715 - root - ERROR - Traceback (most recent call last):
2026-02-19 19:55:15,715 - root - ERROR -   File "D:\HuaweiMoveData\Users\86180\Desktop\new\main.py", line 58, in <module>
2026-02-19 19:55:15,715 - root - ERROR - causal_indices, causal_vector, adj_matrix = con.build_granger_causal_network(earnings)
2026-02-19 19:55:15,716 - root - ERROR - ^
2026-02-19 19:55:15,716 - root - ERROR - ^
2026-02-19 19:55:15,716 - root - ERROR - ^
2026-02-19 19:55:15,716 - root - ERROR - ^
2026-02-19 19:55:15,716 - root - ERROR - ^
2026-02-19 19:55:15,716 - root - ERROR - ^
2026-02-19 19:55:15,717 - root - ERROR - ^
2026-02-19 19:55:15,717 - root - ERROR - ^
2026-02-19 19:55:15,717 - root - ERROR - ^
2026-02-19 19:55:15,717 - root - ERROR - ^
2026-02-19 19:55:15,717 - root - ERROR - ^
2026-02-19 19:55:15,717 - root - ERROR - ^
2026-02-19 19:55:15,717 - root - ERROR - ^
2026-02-19 19:55:15,718 - root - ERROR - ^
2026-02-19 19:55:15,718 - root - ERROR - ^
2026-02-19 19:55:15,718 - root - ERROR - ^
2026-02-19 19:55:15,718 - root - ERROR - ^
2026-02-19 19:55:15,718 - root - ERROR - ^
2026-02-19 19:55:15,719 - root - ERROR - ^
2026-02-19 19:55:15,719 - root - ERROR - ^
2026-02-19 19:55:15,719 - root - ERROR - ^
2026-02-19 19:55:15,719 - root - ERROR - ^
2026-02-19 19:55:15,719 - root - ERROR - ^
2026-02-19 19:55:15,719 - root - ERROR - ^
2026-02-19 19:55:15,719 - root - ERROR - ^
2026-02-19 19:55:15,720 - root - ERROR - ^
2026-02-19 19:55:15,720 - root - ERROR - ^
2026-02-19 19:55:15,720 - root - ERROR - ^
2026-02-19 19:55:15,720 - root - ERROR - ^
2026-02-19 19:55:15,720 - root - ERROR - ^
2026-02-19 19:55:15,720 - root - ERROR - ^
2026-02-19 19:55:15,720 - root - ERROR - ^
2026-02-19 19:55:15,720 - root - ERROR - ^
2026-02-19 19:55:15,721 - root - ERROR - ^
2026-02-19 19:55:15,721 - root - ERROR - ^
2026-02-19 19:55:15,721 - root - ERROR - ^
2026-02-19 19:55:15,721 - root - ERROR - ^
2026-02-19 19:55:15,721 - root - ERROR - ^
2026-02-19 19:55:15,721 - root - ERROR - ^
2026-02-19 19:55:15,721 - root - ERROR - ^
2026-02-19 19:55:15,721 - root - ERROR - ^
2026-02-19 19:55:15,722 - root - ERROR - ^
2026-02-19 19:55:15,722 - root - ERROR -   File "D:\HuaweiMoveData\Users\86180\Desktop\new\Construction.py", line 56, in build_granger_causal_network
2026-02-19 19:55:15,722 - root - ERROR - if adj_matrix.iloc[i, j]==True:
2026-02-19 19:55:15,722 - root - ERROR - ~
2026-02-19 19:55:15,722 - root - ERROR - ~
2026-02-19 19:55:15,722 - root - ERROR - ~
2026-02-19 19:55:15,722 - root - ERROR - ~
2026-02-19 19:55:15,724 - root - ERROR - ~
2026-02-19 19:55:15,724 - root - ERROR - ~
2026-02-19 19:55:15,724 - root - ERROR - ~
2026-02-19 19:55:15,724 - root - ERROR - ~
2026-02-19 19:55:15,724 - root - ERROR - ~
2026-02-19 19:55:15,724 - root - ERROR - ~
2026-02-19 19:55:15,725 - root - ERROR - ~
2026-02-19 19:55:15,725 - root - ERROR - ~
2026-02-19 19:55:15,725 - root - ERROR - ~
2026-02-19 19:55:15,725 - root - ERROR - ~
2026-02-19 19:55:15,725 - root - ERROR - ~
2026-02-19 19:55:15,725 - root - ERROR - ^
2026-02-19 19:55:15,725 - root - ERROR - ^
2026-02-19 19:55:15,725 - root - ERROR - ^
2026-02-19 19:55:15,725 - root - ERROR - ^
2026-02-19 19:55:15,725 - root - ERROR - ^
2026-02-19 19:55:15,725 - root - ERROR - ^
2026-02-19 19:55:15,726 - root - ERROR -   File "D:\anaconda\Lib\site-packages\pandas\core\indexing.py", line 1183, in __getitem__
2026-02-19 19:55:15,726 - root - ERROR - return self.obj._get_value(*key, takeable=self._takeable)
2026-02-19 19:55:15,727 - root - ERROR - ^
2026-02-19 19:55:15,727 - root - ERROR - ^
2026-02-19 19:55:15,727 - root - ERROR - ^
2026-02-19 19:55:15,727 - root - ERROR - ^
2026-02-19 19:55:15,727 - root - ERROR - ^
2026-02-19 19:55:15,727 - root - ERROR - ^
2026-02-19 19:55:15,727 - root - ERROR - ^
2026-02-19 19:55:15,727 - root - ERROR - ^
2026-02-19 19:55:15,728 - root - ERROR - ^
2026-02-19 19:55:15,728 - root - ERROR - ^
2026-02-19 19:55:15,728 - root - ERROR - ^
2026-02-19 19:55:15,728 - root - ERROR - ^
2026-02-19 19:55:15,728 - root - ERROR - ^
2026-02-19 19:55:15,728 - root - ERROR - ^
2026-02-19 19:55:15,728 - root - ERROR - ^
2026-02-19 19:55:15,728 - root - ERROR - ^
2026-02-19 19:55:15,729 - root - ERROR - ^
2026-02-19 19:55:15,729 - root - ERROR - ^
2026-02-19 19:55:15,729 - root - ERROR - ^
2026-02-19 19:55:15,729 - root - ERROR - ^
2026-02-19 19:55:15,729 - root - ERROR - ^
2026-02-19 19:55:15,729 - root - ERROR - ^
2026-02-19 19:55:15,729 - root - ERROR - ^
2026-02-19 19:55:15,730 - root - ERROR - ^
2026-02-19 19:55:15,730 - root - ERROR - ^
2026-02-19 19:55:15,730 - root - ERROR - ^
2026-02-19 19:55:15,730 - root - ERROR - ^
2026-02-19 19:55:15,730 - root - ERROR - ^
2026-02-19 19:55:15,730 - root - ERROR - ^
2026-02-19 19:55:15,730 - root - ERROR - ^
2026-02-19 19:55:15,730 - root - ERROR - ^
2026-02-19 19:55:15,731 - root - ERROR - ^
2026-02-19 19:55:15,731 - root - ERROR - ^
2026-02-19 19:55:15,731 - root - ERROR - ^
2026-02-19 19:55:15,731 - root - ERROR - ^
2026-02-19 19:55:15,731 - root - ERROR - ^
2026-02-19 19:55:15,731 - root - ERROR - ^
2026-02-19 19:55:15,731 - root - ERROR - ^
2026-02-19 19:55:15,732 - root - ERROR - ^
2026-02-19 19:55:15,732 - root - ERROR - ^
2026-02-19 19:55:15,732 - root - ERROR - ^
2026-02-19 19:55:15,732 - root - ERROR - ^
2026-02-19 19:55:15,732 - root - ERROR - ^
2026-02-19 19:55:15,732 - root - ERROR - ^
2026-02-19 19:55:15,732 - root - ERROR - ^
2026-02-19 19:55:15,732 - root - ERROR - ^
2026-02-19 19:55:15,732 - root - ERROR - ^
2026-02-19 19:55:15,733 - root - ERROR - ^
2026-02-19 19:55:15,733 - root - ERROR - ^
2026-02-19 19:55:15,733 - root - ERROR - ^
2026-02-19 19:55:15,733 - root - ERROR -   File "D:\anaconda\Lib\site-packages\pandas\core\frame.py", line 4211, in _get_value
2026-02-19 19:55:15,734 - root - ERROR - series = self._ixs(col, axis=1)
2026-02-19 19:55:15,734 - root - ERROR - ^
2026-02-19 19:55:15,734 - root - ERROR - ^
2026-02-19 19:55:15,735 - root - ERROR - ^
2026-02-19 19:55:15,735 - root - ERROR - ^
2026-02-19 19:55:15,735 - root - ERROR - ^
2026-02-19 19:55:15,735 - root - ERROR - ^
2026-02-19 19:55:15,735 - root - ERROR - ^
2026-02-19 19:55:15,736 - root - ERROR - ^
2026-02-19 19:55:15,736 - root - ERROR - ^
2026-02-19 19:55:15,736 - root - ERROR - ^
2026-02-19 19:55:15,736 - root - ERROR - ^
2026-02-19 19:55:15,736 - root - ERROR - ^
2026-02-19 19:55:15,736 - root - ERROR - ^
2026-02-19 19:55:15,736 - root - ERROR - ^
2026-02-19 19:55:15,736 - root - ERROR - ^
2026-02-19 19:55:15,737 - root - ERROR - ^
2026-02-19 19:55:15,737 - root - ERROR - ^
2026-02-19 19:55:15,737 - root - ERROR - ^
2026-02-19 19:55:15,737 - root - ERROR - ^
2026-02-19 19:55:15,737 - root - ERROR - ^
2026-02-19 19:55:15,737 - root - ERROR - ^
2026-02-19 19:55:15,738 - root - ERROR - ^
2026-02-19 19:55:15,738 - root - ERROR -   File "D:\anaconda\Lib\site-packages\pandas\core\frame.py", line 4008, in _ixs
2026-02-19 19:55:15,738 - root - ERROR - label = self.columns[i]
2026-02-19 19:55:15,738 - root - ERROR - ~
2026-02-19 19:55:15,738 - root - ERROR - ~
2026-02-19 19:55:15,740 - root - ERROR - ~
2026-02-19 19:55:15,740 - root - ERROR - ~
2026-02-19 19:55:15,740 - root - ERROR - ~
2026-02-19 19:55:15,740 - root - ERROR - ~
2026-02-19 19:55:15,740 - root - ERROR - ~
2026-02-19 19:55:15,740 - root - ERROR - ~
2026-02-19 19:55:15,740 - root - ERROR - ~
2026-02-19 19:55:15,740 - root - ERROR - ~
2026-02-19 19:55:15,741 - root - ERROR - ~
2026-02-19 19:55:15,741 - root - ERROR - ~
2026-02-19 19:55:15,741 - root - ERROR - ^
2026-02-19 19:55:15,741 - root - ERROR - ^
2026-02-19 19:55:15,741 - root - ERROR - ^
2026-02-19 19:55:15,741 - root - ERROR -   File "D:\anaconda\Lib\site-packages\pandas\core\indexes\base.py", line 5389, in __getitem__
2026-02-19 19:55:15,742 - root - ERROR - return getitem(key)
2026-02-19 19:55:15,742 - root - ERROR - ^
2026-02-19 19:55:15,742 - root - ERROR - ^
2026-02-19 19:55:15,743 - root - ERROR - ^
2026-02-19 19:55:15,743 - root - ERROR - ^
2026-02-19 19:55:15,743 - root - ERROR - ^
2026-02-19 19:55:15,743 - root - ERROR - ^
2026-02-19 19:55:15,743 - root - ERROR - ^
2026-02-19 19:55:15,743 - root - ERROR - ^
2026-02-19 19:55:15,743 - root - ERROR - ^
2026-02-19 19:55:15,743 - root - ERROR - ^
2026-02-19 19:55:15,743 - root - ERROR - ^
2026-02-19 19:55:15,744 - root - ERROR - ^
2026-02-19 19:55:15,744 - root - ERROR - IndexError
2026-02-19 19:55:15,744 - root - ERROR - :
2026-02-19 19:55:15,744 - root - ERROR - index 10 is out of bounds for axis 0 with size 10
