2026-02-19 00:41:01,236 - root - INFO - 合并后的价格数据预览：
2026-02-19 00:41:01,246 - root - INFO -               宁德时代  market_data_1_上证综指  market_data_2_深证成指  upstream_1_湖南裕能  ...  downstream_2_长城汽车  downstream_3_长安汽车  downstream_4_上汽集团        LC
2026-02-19 00:41:01,246 - root - INFO - 日期                                                                           ...
2026-02-19 00:41:01,247 - root - INFO - 2024-01-02  286.07             1345.53             9401.35            33.31  ...              83.29             144.59             111.18  108350.0
2026-02-19 00:41:01,247 - root - INFO - 2024-01-03  284.22             1344.28             9330.86            32.89  ...              81.79             141.02             111.52  106600.0
2026-02-19 00:41:01,249 - root - INFO - 2024-01-04  275.94             1333.03             9215.25            32.45  ...              80.86             137.06             111.18  100450.0
2026-02-19 00:41:01,249 - root - INFO - 2024-01-05  275.40             1353.03             9116.44            32.60  ...              80.26             133.89             110.84   98650.0
2026-02-19 00:41:01,250 - root - INFO - 2024-01-08  273.78             1338.03             8947.72            32.05  ...              78.34             133.10             109.90   97200.0
2026-02-19 00:41:01,250 - root - INFO - ...            ...                 ...                 ...              ...  ...                ...                ...                ...       ...
2026-02-19 00:41:01,250 - root - INFO - 2025-12-25  696.42             1834.74            13531.41            67.57  ...              78.10             115.64             121.71  123520.0
2026-02-19 00:41:01,250 - root - INFO - 2025-12-26  698.97             1832.24            13603.89            71.89  ...              79.93             116.36             121.93  130520.0
2026-02-19 00:41:01,251 - root - INFO - 2025-12-29  689.76             1834.74            13537.10            68.05  ...              79.42             115.64             121.41  118820.0
2026-02-19 00:41:01,251 - root - INFO - 2025-12-30  689.56             1824.74            13604.07            67.58  ...              79.09             115.64             121.33  121580.0
2026-02-19 00:41:01,251 - root - INFO - 2025-12-31  686.07             1815.99            13525.02            65.63  ...              79.48             115.33             120.78  121580.0
2026-02-19 00:41:01,251 - root - INFO - 
2026-02-19 00:41:01,251 - root - INFO - [485 rows x 10 columns]
2026-02-19 00:41:01,252 - root - ERROR - D:\anaconda\Lib\site-packages\statsmodels\tsa\base\tsa_model.py:473: ValueWarning: A date index has been provided, but it has no associated frequency information and so will be ignored when e.g. forecasting.
2026-02-19 00:41:01,253 - root - ERROR -   self._init_dates(dates, freq)
2026-02-19 00:41:01,278 - root - INFO -                      宁德时代  market_data_1_上证综指  market_data_2_深证成指  ...  downstream_3_长安汽车  downstream_4_上汽集团     LC
2026-02-19 00:41:01,278 - root - INFO - 宁德时代                False               False               False  ...              False              False  False
2026-02-19 00:41:01,279 - root - INFO - market_data_1_上证综指  False               False               False  ...              False              False  False
2026-02-19 00:41:01,279 - root - INFO - market_data_2_深证成指  False               False               False  ...              False              False  False
2026-02-19 00:41:01,279 - root - INFO - upstream_1_湖南裕能     False               False               False  ...              False              False  False
2026-02-19 00:41:01,280 - root - INFO - upstream_2_盛新锂能     False               False               False  ...              False              False  False
2026-02-19 00:41:01,280 - root - INFO - downstream_1_比亚迪    False               False               False  ...              False              False  False
2026-02-19 00:41:01,280 - root - INFO - downstream_2_长城汽车   False               False               False  ...              False              False  False
2026-02-19 00:41:01,280 - root - INFO - downstream_3_长安汽车   False               False               False  ...              False              False  False
2026-02-19 00:41:01,281 - root - INFO - downstream_4_上汽集团   False               False               False  ...              False              False  False
2026-02-19 00:41:01,281 - root - INFO - LC                  False               False               False  ...              False              False  False
2026-02-19 00:41:01,281 - root - INFO - 
2026-02-19 00:41:01,281 - root - INFO - [10 rows x 10 columns]
2026-02-19 00:41:01,383 - root - INFO - 因果矩阵已生成：
2026-02-19 00:41:01,388 - root - INFO -                      宁德时代  market_data_1_上证综指  market_data_2_深证成指  ...  downstream_3_长安汽车  downstream_4_上汽集团     LC
2026-02-19 00:41:01,388 - root - INFO - 宁德时代                 True               False               False  ...              False              False  False
2026-02-19 00:41:01,388 - root - INFO - market_data_1_上证综指  False                True                True  ...              False              False   True
2026-02-19 00:41:01,389 - root - INFO - market_data_2_深证成指   True               False                True  ...              False              False  False
2026-02-19 00:41:01,389 - root - INFO - upstream_1_湖南裕能     False               False               False  ...              False              False  False
2026-02-19 00:41:01,389 - root - INFO - upstream_2_盛新锂能     False               False               False  ...               True              False  False
2026-02-19 00:41:01,389 - root - INFO - downstream_1_比亚迪     True               False                True  ...              False              False   True
2026-02-19 00:41:01,390 - root - INFO - downstream_2_长城汽车   False               False               False  ...              False              False  False
2026-02-19 00:41:01,390 - root - INFO - downstream_3_长安汽车   False               False                True  ...               True              False  False
2026-02-19 00:41:01,390 - root - INFO - downstream_4_上汽集团   False               False               False  ...              False               True  False
2026-02-19 00:41:01,390 - root - INFO - LC                  False               False               False  ...              False              False   True
2026-02-19 00:41:01,390 - root - INFO - 
2026-02-19 00:41:01,390 - root - INFO - [10 rows x 10 columns]
2026-02-19 00:41:01,391 - root - INFO - 目标变量因果变量为：
2026-02-19 00:41:01,391 - root - INFO - [0]
2026-02-19 00:41:01,391 - root - ERROR - Traceback (most recent call last):
2026-02-19 00:41:01,391 - root - ERROR -   File "D:\HuaweiMoveData\Users\86180\Desktop\new\main.py", line 59, in <module>
2026-02-19 00:41:01,392 - root - ERROR - con.visualize_granger_causal_network(causal_vector, adj_matrix)
2026-02-19 00:41:01,392 - root - ERROR -   File "D:\HuaweiMoveData\Users\86180\Desktop\new\Construction.py", line 100, in visualize_granger_causal_network
2026-02-19 00:41:01,392 - root - ERROR - for reason, result, p_value in causal_vector:
2026-02-19 00:41:01,392 - root - ERROR - ^
2026-02-19 00:41:01,392 - root - ERROR - ^
2026-02-19 00:41:01,392 - root - ERROR - ^
2026-02-19 00:41:01,392 - root - ERROR - ^
2026-02-19 00:41:01,392 - root - ERROR - ^
2026-02-19 00:41:01,393 - root - ERROR - ^
2026-02-19 00:41:01,394 - root - ERROR - ^
2026-02-19 00:41:01,394 - root - ERROR - ^
2026-02-19 00:41:01,394 - root - ERROR - ^
2026-02-19 00:41:01,394 - root - ERROR - ^
2026-02-19 00:41:01,394 - root - ERROR - ^
2026-02-19 00:41:01,394 - root - ERROR - ^
2026-02-19 00:41:01,394 - root - ERROR - ^
2026-02-19 00:41:01,395 - root - ERROR - ^
2026-02-19 00:41:01,395 - root - ERROR - ^
2026-02-19 00:41:01,395 - root - ERROR - ^
2026-02-19 00:41:01,395 - root - ERROR - ^
2026-02-19 00:41:01,395 - root - ERROR - ^
2026-02-19 00:41:01,396 - root - ERROR - ^
2026-02-19 00:41:01,396 - root - ERROR - ^
2026-02-19 00:41:01,396 - root - ERROR - ^
2026-02-19 00:41:01,396 - root - ERROR - ^
2026-02-19 00:41:01,396 - root - ERROR - ^
2026-02-19 00:41:01,396 - root - ERROR - ValueError
2026-02-19 00:41:01,396 - root - ERROR - :
2026-02-19 00:41:01,397 - root - ERROR - too many values to unpack (expected 3)
