2026-02-18 21:07:29,271 - root - INFO - 合并后的价格数据预览：
2026-02-18 21:07:29,279 - root - INFO -               宁德时代  market_data_1_上证综指  market_data_2_深证成指  upstream_1_湖南裕能  ...  downstream_2_长城汽车  downstream_3_长安汽车  downstream_4_上汽集团        LC
2026-02-18 21:07:29,280 - root - INFO - 日期                                                                           ...
2026-02-18 21:07:29,280 - root - INFO - 2024-01-02  286.07             1345.53             1345.53            33.31  ...              83.29             144.59             111.18  108350.0
2026-02-18 21:07:29,280 - root - INFO - 2024-01-03  284.22             1344.28             1344.28            32.89  ...              81.79             141.02             111.52  106600.0
2026-02-18 21:07:29,283 - root - INFO - 2024-01-04  275.94             1333.03             1333.03            32.45  ...              80.86             137.06             111.18  100450.0
2026-02-18 21:07:29,283 - root - INFO - 2024-01-05  275.40             1353.03             1353.03            32.60  ...              80.26             133.89             110.84   98650.0
2026-02-18 21:07:29,283 - root - INFO - 2024-01-08  273.78             1338.03             1338.03            32.05  ...              78.34             133.10             109.90   97200.0
2026-02-18 21:07:29,284 - root - INFO - ...            ...                 ...                 ...              ...  ...                ...                ...                ...       ...
2026-02-18 21:07:29,284 - root - INFO - 2025-12-25  696.42             1834.74             1834.74            67.57  ...              78.10             115.64             121.71  123520.0
2026-02-18 21:07:29,284 - root - INFO - 2025-12-26  698.97             1832.24             1832.24            71.89  ...              79.93             116.36             121.93  130520.0
2026-02-18 21:07:29,284 - root - INFO - 2025-12-29  689.76             1834.74             1834.74            68.05  ...              79.42             115.64             121.41  118820.0
2026-02-18 21:07:29,285 - root - INFO - 2025-12-30  689.56             1824.74             1824.74            67.58  ...              79.09             115.64             121.33  121580.0
2026-02-18 21:07:29,285 - root - INFO - 2025-12-31  686.07             1815.99             1815.99            65.63  ...              79.48             115.33             120.78  121580.0
2026-02-18 21:07:29,286 - root - INFO - 
2026-02-18 21:07:29,286 - root - INFO - [485 rows x 10 columns]
2026-02-18 21:07:29,289 - root - ERROR - D:\anaconda\Lib\site-packages\statsmodels\tsa\base\tsa_model.py:473: ValueWarning: A date index has been provided, but it has no associated frequency information and so will be ignored when e.g. forecasting.
2026-02-18 21:07:29,291 - root - ERROR -   self._init_dates(dates, freq)
2026-02-18 21:07:29,296 - root - ERROR - Traceback (most recent call last):
2026-02-18 21:07:29,296 - root - ERROR -   File "D:\HuaweiMoveData\Users\86180\Desktop\new\main.py", line 56, in <module>
2026-02-18 21:07:29,297 - root - ERROR - causal_indices, causal_vector, adj_matrix = con.build_granger_causal_network(earnings)
2026-02-18 21:07:29,297 - root - ERROR - ^
2026-02-18 21:07:29,297 - root - ERROR - ^
2026-02-18 21:07:29,297 - root - ERROR - ^
2026-02-18 21:07:29,298 - root - ERROR - ^
2026-02-18 21:07:29,298 - root - ERROR - ^
2026-02-18 21:07:29,298 - root - ERROR - ^
2026-02-18 21:07:29,298 - root - ERROR - ^
2026-02-18 21:07:29,299 - root - ERROR - ^
2026-02-18 21:07:29,299 - root - ERROR - ^
2026-02-18 21:07:29,299 - root - ERROR - ^
2026-02-18 21:07:29,299 - root - ERROR - ^
2026-02-18 21:07:29,299 - root - ERROR - ^
2026-02-18 21:07:29,299 - root - ERROR - ^
2026-02-18 21:07:29,300 - root - ERROR - ^
2026-02-18 21:07:29,300 - root - ERROR - ^
2026-02-18 21:07:29,300 - root - ERROR - ^
2026-02-18 21:07:29,300 - root - ERROR - ^
2026-02-18 21:07:29,300 - root - ERROR - ^
2026-02-18 21:07:29,300 - root - ERROR - ^
2026-02-18 21:07:29,300 - root - ERROR - ^
2026-02-18 21:07:29,300 - root - ERROR - ^
2026-02-18 21:07:29,301 - root - ERROR - ^
2026-02-18 21:07:29,301 - root - ERROR - ^
2026-02-18 21:07:29,301 - root - ERROR - ^
2026-02-18 21:07:29,301 - root - ERROR - ^
2026-02-18 21:07:29,302 - root - ERROR - ^
2026-02-18 21:07:29,302 - root - ERROR - ^
2026-02-18 21:07:29,302 - root - ERROR - ^
2026-02-18 21:07:29,302 - root - ERROR - ^
2026-02-18 21:07:29,302 - root - ERROR - ^
2026-02-18 21:07:29,302 - root - ERROR - ^
2026-02-18 21:07:29,302 - root - ERROR - ^
2026-02-18 21:07:29,302 - root - ERROR - ^
2026-02-18 21:07:29,302 - root - ERROR - ^
2026-02-18 21:07:29,303 - root - ERROR - ^
2026-02-18 21:07:29,303 - root - ERROR - ^
2026-02-18 21:07:29,303 - root - ERROR - ^
2026-02-18 21:07:29,303 - root - ERROR - ^
2026-02-18 21:07:29,303 - root - ERROR - ^
2026-02-18 21:07:29,303 - root - ERROR - ^
2026-02-18 21:07:29,303 - root - ERROR - ^
2026-02-18 21:07:29,303 - root - ERROR - ^
2026-02-18 21:07:29,304 - root - ERROR -   File "D:\HuaweiMoveData\Users\86180\Desktop\new\Construction.py", line 31, in build_granger_causal_network
2026-02-18 21:07:29,304 - root - ERROR - lag_results = model.select_order(maxlags=max_lag)
2026-02-18 21:07:29,304 - root - ERROR - ^
2026-02-18 21:07:29,305 - root - ERROR - ^
2026-02-18 21:07:29,305 - root - ERROR - ^
2026-02-18 21:07:29,305 - root - ERROR - ^
2026-02-18 21:07:29,305 - root - ERROR - ^
2026-02-18 21:07:29,305 - root - ERROR - ^
2026-02-18 21:07:29,305 - root - ERROR - ^
2026-02-18 21:07:29,305 - root - ERROR - ^
2026-02-18 21:07:29,305 - root - ERROR - ^
2026-02-18 21:07:29,306 - root - ERROR - ^
2026-02-18 21:07:29,306 - root - ERROR - ^
2026-02-18 21:07:29,306 - root - ERROR - ^
2026-02-18 21:07:29,306 - root - ERROR - ^
2026-02-18 21:07:29,306 - root - ERROR - ^
2026-02-18 21:07:29,306 - root - ERROR - ^
2026-02-18 21:07:29,306 - root - ERROR - ^
2026-02-18 21:07:29,306 - root - ERROR - ^
2026-02-18 21:07:29,307 - root - ERROR - ^
2026-02-18 21:07:29,307 - root - ERROR - ^
2026-02-18 21:07:29,307 - root - ERROR - ^
2026-02-18 21:07:29,307 - root - ERROR - ^
2026-02-18 21:07:29,307 - root - ERROR - ^
2026-02-18 21:07:29,307 - root - ERROR - ^
2026-02-18 21:07:29,307 - root - ERROR - ^
2026-02-18 21:07:29,307 - root - ERROR - ^
2026-02-18 21:07:29,307 - root - ERROR - ^
2026-02-18 21:07:29,308 - root - ERROR - ^
2026-02-18 21:07:29,308 - root - ERROR - ^
2026-02-18 21:07:29,308 - root - ERROR - ^
2026-02-18 21:07:29,308 - root - ERROR - ^
2026-02-18 21:07:29,308 - root - ERROR - ^
2026-02-18 21:07:29,308 - root - ERROR - ^
2026-02-18 21:07:29,308 - root - ERROR - ^
2026-02-18 21:07:29,309 - root - ERROR - ^
2026-02-18 21:07:29,309 - root - ERROR - ^
2026-02-18 21:07:29,309 - root - ERROR -   File "D:\anaconda\Lib\site-packages\statsmodels\tsa\vector_ar\var_model.py", line 823, in select_order
2026-02-18 21:07:29,309 - root - ERROR - for k, v in result.info_criteria.items():
2026-02-18 21:07:29,309 - root - ERROR - ^
2026-02-18 21:07:29,310 - root - ERROR - ^
2026-02-18 21:07:29,310 - root - ERROR - ^
2026-02-18 21:07:29,310 - root - ERROR - ^
2026-02-18 21:07:29,310 - root - ERROR - ^
2026-02-18 21:07:29,310 - root - ERROR - ^
2026-02-18 21:07:29,310 - root - ERROR - ^
2026-02-18 21:07:29,310 - root - ERROR - ^
2026-02-18 21:07:29,311 - root - ERROR - ^
2026-02-18 21:07:29,311 - root - ERROR - ^
2026-02-18 21:07:29,311 - root - ERROR - ^
2026-02-18 21:07:29,311 - root - ERROR - ^
2026-02-18 21:07:29,311 - root - ERROR - ^
2026-02-18 21:07:29,312 - root - ERROR - ^
2026-02-18 21:07:29,312 - root - ERROR - ^
2026-02-18 21:07:29,312 - root - ERROR - ^
2026-02-18 21:07:29,312 - root - ERROR - ^
2026-02-18 21:07:29,312 - root - ERROR - ^
2026-02-18 21:07:29,312 - root - ERROR - ^
2026-02-18 21:07:29,313 - root - ERROR - ^
2026-02-18 21:07:29,313 - root - ERROR -   File "D:\anaconda\Lib\site-packages\statsmodels\base\wrapper.py", line 34, in __getattribute__
2026-02-18 21:07:29,313 - root - ERROR - obj = getattr(results, attr)
2026-02-18 21:07:29,313 - root - ERROR - ^
2026-02-18 21:07:29,313 - root - ERROR - ^
2026-02-18 21:07:29,314 - root - ERROR - ^
2026-02-18 21:07:29,314 - root - ERROR - ^
2026-02-18 21:07:29,314 - root - ERROR - ^
2026-02-18 21:07:29,314 - root - ERROR - ^
2026-02-18 21:07:29,314 - root - ERROR - ^
2026-02-18 21:07:29,314 - root - ERROR - ^
2026-02-18 21:07:29,315 - root - ERROR - ^
2026-02-18 21:07:29,315 - root - ERROR - ^
2026-02-18 21:07:29,315 - root - ERROR - ^
2026-02-18 21:07:29,315 - root - ERROR - ^
2026-02-18 21:07:29,315 - root - ERROR - ^
2026-02-18 21:07:29,316 - root - ERROR - ^
2026-02-18 21:07:29,316 - root - ERROR - ^
2026-02-18 21:07:29,316 - root - ERROR - ^
2026-02-18 21:07:29,316 - root - ERROR - ^
2026-02-18 21:07:29,316 - root - ERROR - ^
2026-02-18 21:07:29,316 - root - ERROR - ^
2026-02-18 21:07:29,317 - root - ERROR - ^
2026-02-18 21:07:29,317 - root - ERROR - ^
2026-02-18 21:07:29,317 - root - ERROR - ^
2026-02-18 21:07:29,317 - root - ERROR -   File "properties.pyx", line 36, in pandas._libs.properties.CachedProperty.__get__
2026-02-18 21:07:29,318 - root - ERROR -   File "D:\anaconda\Lib\site-packages\statsmodels\tsa\vector_ar\var_model.py", line 2289, in info_criteria
2026-02-18 21:07:29,318 - root - ERROR - ld = logdet_symm(self.sigma_u_mle)
2026-02-18 21:07:29,319 - root - ERROR - ^
2026-02-18 21:07:29,319 - root - ERROR - ^
2026-02-18 21:07:29,319 - root - ERROR - ^
2026-02-18 21:07:29,319 - root - ERROR - ^
2026-02-18 21:07:29,319 - root - ERROR - ^
2026-02-18 21:07:29,319 - root - ERROR - ^
2026-02-18 21:07:29,319 - root - ERROR - ^
2026-02-18 21:07:29,320 - root - ERROR - ^
2026-02-18 21:07:29,320 - root - ERROR - ^
2026-02-18 21:07:29,320 - root - ERROR - ^
2026-02-18 21:07:29,320 - root - ERROR - ^
2026-02-18 21:07:29,320 - root - ERROR - ^
2026-02-18 21:07:29,320 - root - ERROR - ^
2026-02-18 21:07:29,321 - root - ERROR - ^
2026-02-18 21:07:29,321 - root - ERROR - ^
2026-02-18 21:07:29,321 - root - ERROR - ^
2026-02-18 21:07:29,321 - root - ERROR - ^
2026-02-18 21:07:29,321 - root - ERROR - ^
2026-02-18 21:07:29,321 - root - ERROR - ^
2026-02-18 21:07:29,321 - root - ERROR - ^
2026-02-18 21:07:29,322 - root - ERROR - ^
2026-02-18 21:07:29,322 - root - ERROR - ^
2026-02-18 21:07:29,322 - root - ERROR - ^
2026-02-18 21:07:29,322 - root - ERROR - ^
2026-02-18 21:07:29,322 - root - ERROR - ^
2026-02-18 21:07:29,322 - root - ERROR - ^
2026-02-18 21:07:29,322 - root - ERROR - ^
2026-02-18 21:07:29,323 - root - ERROR - ^
2026-02-18 21:07:29,323 - root - ERROR - ^
2026-02-18 21:07:29,323 - root - ERROR -   File "D:\anaconda\Lib\site-packages\statsmodels\tools\linalg.py", line 28, in logdet_symm
2026-02-18 21:07:29,323 - root - ERROR - c, _ = linalg.cho_factor(m, lower=True)
2026-02-18 21:07:29,323 - root - ERROR - ^
2026-02-18 21:07:29,324 - root - ERROR - ^
2026-02-18 21:07:29,324 - root - ERROR - ^
2026-02-18 21:07:29,324 - root - ERROR - ^
2026-02-18 21:07:29,324 - root - ERROR - ^
2026-02-18 21:07:29,324 - root - ERROR - ^
2026-02-18 21:07:29,324 - root - ERROR - ^
2026-02-18 21:07:29,325 - root - ERROR - ^
2026-02-18 21:07:29,325 - root - ERROR - ^
2026-02-18 21:07:29,325 - root - ERROR - ^
2026-02-18 21:07:29,325 - root - ERROR - ^
2026-02-18 21:07:29,325 - root - ERROR - ^
2026-02-18 21:07:29,325 - root - ERROR - ^
2026-02-18 21:07:29,325 - root - ERROR - ^
2026-02-18 21:07:29,325 - root - ERROR - ^
2026-02-18 21:07:29,326 - root - ERROR - ^
2026-02-18 21:07:29,326 - root - ERROR - ^
2026-02-18 21:07:29,326 - root - ERROR - ^
2026-02-18 21:07:29,326 - root - ERROR - ^
2026-02-18 21:07:29,326 - root - ERROR - ^
2026-02-18 21:07:29,326 - root - ERROR - ^
2026-02-18 21:07:29,326 - root - ERROR - ^
2026-02-18 21:07:29,326 - root - ERROR - ^
2026-02-18 21:07:29,327 - root - ERROR - ^
2026-02-18 21:07:29,327 - root - ERROR - ^
2026-02-18 21:07:29,327 - root - ERROR - ^
2026-02-18 21:07:29,327 - root - ERROR - ^
2026-02-18 21:07:29,327 - root - ERROR - ^
2026-02-18 21:07:29,327 - root - ERROR - ^
2026-02-18 21:07:29,328 - root - ERROR - ^
2026-02-18 21:07:29,328 - root - ERROR - ^
2026-02-18 21:07:29,329 - root - ERROR - ^
2026-02-18 21:07:29,329 - root - ERROR -   File "D:\anaconda\Lib\site-packages\scipy\linalg\_decomp_cholesky.py", line 153, in cho_factor
2026-02-18 21:07:29,329 - root - ERROR - c, lower = _cholesky(a, lower=lower, overwrite_a=overwrite_a, clean=False,
2026-02-18 21:07:29,329 - root - ERROR - ^
2026-02-18 21:07:29,329 - root - ERROR - ^
2026-02-18 21:07:29,330 - root - ERROR - ^
2026-02-18 21:07:29,330 - root - ERROR - ^
2026-02-18 21:07:29,330 - root - ERROR - ^
2026-02-18 21:07:29,330 - root - ERROR - ^
2026-02-18 21:07:29,330 - root - ERROR - ^
2026-02-18 21:07:29,330 - root - ERROR - ^
2026-02-18 21:07:29,330 - root - ERROR - ^
2026-02-18 21:07:29,331 - root - ERROR - ^
2026-02-18 21:07:29,331 - root - ERROR - ^
2026-02-18 21:07:29,331 - root - ERROR - ^
2026-02-18 21:07:29,331 - root - ERROR - ^
2026-02-18 21:07:29,331 - root - ERROR - ^
2026-02-18 21:07:29,331 - root - ERROR - ^
2026-02-18 21:07:29,331 - root - ERROR - ^
2026-02-18 21:07:29,331 - root - ERROR - ^
2026-02-18 21:07:29,332 - root - ERROR - ^
2026-02-18 21:07:29,332 - root - ERROR - ^
2026-02-18 21:07:29,332 - root - ERROR - ^
2026-02-18 21:07:29,332 - root - ERROR - ^
2026-02-18 21:07:29,332 - root - ERROR - ^
2026-02-18 21:07:29,332 - root - ERROR - ^
2026-02-18 21:07:29,333 - root - ERROR - ^
2026-02-18 21:07:29,333 - root - ERROR - ^
2026-02-18 21:07:29,333 - root - ERROR - ^
2026-02-18 21:07:29,333 - root - ERROR - ^
2026-02-18 21:07:29,333 - root - ERROR - ^
2026-02-18 21:07:29,333 - root - ERROR - ^
2026-02-18 21:07:29,333 - root - ERROR - ^
2026-02-18 21:07:29,334 - root - ERROR - ^
2026-02-18 21:07:29,334 - root - ERROR - ^
2026-02-18 21:07:29,334 - root - ERROR - ^
2026-02-18 21:07:29,334 - root - ERROR - ^
2026-02-18 21:07:29,334 - root - ERROR - ^
2026-02-18 21:07:29,334 - root - ERROR - ^
2026-02-18 21:07:29,334 - root - ERROR - ^
2026-02-18 21:07:29,334 - root - ERROR - ^
2026-02-18 21:07:29,335 - root - ERROR - ^
2026-02-18 21:07:29,335 - root - ERROR - ^
2026-02-18 21:07:29,335 - root - ERROR - ^
2026-02-18 21:07:29,335 - root - ERROR - ^
2026-02-18 21:07:29,335 - root - ERROR - ^
2026-02-18 21:07:29,335 - root - ERROR - ^
2026-02-18 21:07:29,336 - root - ERROR - ^
2026-02-18 21:07:29,336 - root - ERROR - ^
2026-02-18 21:07:29,336 - root - ERROR - ^
2026-02-18 21:07:29,336 - root - ERROR - ^
2026-02-18 21:07:29,336 - root - ERROR - ^
2026-02-18 21:07:29,336 - root - ERROR - ^
2026-02-18 21:07:29,336 - root - ERROR - ^
2026-02-18 21:07:29,337 - root - ERROR - ^
2026-02-18 21:07:29,337 - root - ERROR - ^
2026-02-18 21:07:29,337 - root - ERROR - ^
2026-02-18 21:07:29,337 - root - ERROR - ^
2026-02-18 21:07:29,337 - root - ERROR - ^
2026-02-18 21:07:29,337 - root - ERROR - ^
2026-02-18 21:07:29,338 - root - ERROR - ^
2026-02-18 21:07:29,338 - root - ERROR - ^
2026-02-18 21:07:29,338 - root - ERROR - ^
2026-02-18 21:07:29,339 - root - ERROR - ^
2026-02-18 21:07:29,339 - root - ERROR - ^
2026-02-18 21:07:29,339 - root - ERROR - ^
2026-02-18 21:07:29,339 - root - ERROR -   File "D:\anaconda\Lib\site-packages\scipy\linalg\_decomp_cholesky.py", line 36, in _cholesky
2026-02-18 21:07:29,340 - root - ERROR - raise LinAlgError("%d-th leading minor of the array is not positive "
2026-02-18 21:07:29,340 - root - ERROR - numpy.linalg
2026-02-18 21:07:29,341 - root - ERROR - .
2026-02-18 21:07:29,341 - root - ERROR - LinAlgError
2026-02-18 21:07:29,341 - root - ERROR - :
2026-02-18 21:07:29,341 - root - ERROR - 3-th leading minor of the array is not positive definite
