2026-02-18 20:35:59,266 - root - INFO - 合并后的价格数据预览：
2026-02-18 20:35:59,288 - root - INFO -               宁德时代  market_data_1_上证综指  market_data_2_深证成指  upstream_1_湖南裕能  ...  downstream_2_长城汽车  downstream_3_长安汽车  downstream_4_上汽集团        LC
2026-02-18 20:35:59,289 - root - INFO - 日期                                                                           ...
2026-02-18 20:35:59,289 - root - INFO - 2024-01-02  286.07             1345.53             1345.53            33.31  ...              83.29             144.59             111.18  108350.0
2026-02-18 20:35:59,289 - root - INFO - 2024-01-03  284.22             1344.28             1344.28            32.89  ...              81.79             141.02             111.52  106600.0
2026-02-18 20:35:59,289 - root - INFO - 2024-01-04  275.94             1333.03             1333.03            32.45  ...              80.86             137.06             111.18  100450.0
2026-02-18 20:35:59,289 - root - INFO - 2024-01-05  275.40             1353.03             1353.03            32.60  ...              80.26             133.89             110.84   98650.0
2026-02-18 20:35:59,290 - root - INFO - 2024-01-08  273.78             1338.03             1338.03            32.05  ...              78.34             133.10             109.90   97200.0
2026-02-18 20:35:59,290 - root - INFO - ...            ...                 ...                 ...              ...  ...                ...                ...                ...       ...
2026-02-18 20:35:59,290 - root - INFO - 2025-12-25  696.42             1834.74             1834.74            67.57  ...              78.10             115.64             121.71  123520.0
2026-02-18 20:35:59,290 - root - INFO - 2025-12-26  698.97             1832.24             1832.24            71.89  ...              79.93             116.36             121.93  130520.0
2026-02-18 20:35:59,291 - root - INFO - 2025-12-29  689.76             1834.74             1834.74            68.05  ...              79.42             115.64             121.41  118820.0
2026-02-18 20:35:59,291 - root - INFO - 2025-12-30  689.56             1824.74             1824.74            67.58  ...              79.09             115.64             121.33  121580.0
2026-02-18 20:35:59,291 - root - INFO - 2025-12-31  686.07             1815.99             1815.99            65.63  ...              79.48             115.33             120.78  121580.0
2026-02-18 20:35:59,291 - root - INFO - 
2026-02-18 20:35:59,292 - root - INFO - [485 rows x 10 columns]
2026-02-18 20:35:59,292 - root - ERROR - Traceback (most recent call last):
2026-02-18 20:35:59,292 - root - ERROR -   File "D:\HuaweiMoveData\Users\86180\Desktop\new\main.py", line 56, in <module>
2026-02-18 20:35:59,293 - root - ERROR - causal_indices, causal_vector, adj_matrix = con.build_granger_causal_network(earnings)
2026-02-18 20:35:59,293 - root - ERROR - ^
2026-02-18 20:35:59,293 - root - ERROR - ^
2026-02-18 20:35:59,293 - root - ERROR - ^
2026-02-18 20:35:59,293 - root - ERROR - ^
2026-02-18 20:35:59,294 - root - ERROR - ^
2026-02-18 20:35:59,294 - root - ERROR - ^
2026-02-18 20:35:59,294 - root - ERROR - ^
2026-02-18 20:35:59,294 - root - ERROR - ^
2026-02-18 20:35:59,294 - root - ERROR - ^
2026-02-18 20:35:59,295 - root - ERROR - ^
2026-02-18 20:35:59,295 - root - ERROR - ^
2026-02-18 20:35:59,295 - root - ERROR - ^
2026-02-18 20:35:59,295 - root - ERROR - ^
2026-02-18 20:35:59,295 - root - ERROR - ^
2026-02-18 20:35:59,296 - root - ERROR - ^
2026-02-18 20:35:59,296 - root - ERROR - ^
2026-02-18 20:35:59,296 - root - ERROR - ^
2026-02-18 20:35:59,296 - root - ERROR - ^
2026-02-18 20:35:59,296 - root - ERROR - ^
2026-02-18 20:35:59,296 - root - ERROR - ^
2026-02-18 20:35:59,296 - root - ERROR - ^
2026-02-18 20:35:59,297 - root - ERROR - ^
2026-02-18 20:35:59,297 - root - ERROR - ^
2026-02-18 20:35:59,298 - root - ERROR - ^
2026-02-18 20:35:59,298 - root - ERROR - ^
2026-02-18 20:35:59,298 - root - ERROR - ^
2026-02-18 20:35:59,298 - root - ERROR - ^
2026-02-18 20:35:59,299 - root - ERROR - ^
2026-02-18 20:35:59,299 - root - ERROR - ^
2026-02-18 20:35:59,299 - root - ERROR - ^
2026-02-18 20:35:59,300 - root - ERROR - ^
2026-02-18 20:35:59,300 - root - ERROR - ^
2026-02-18 20:35:59,300 - root - ERROR - ^
2026-02-18 20:35:59,301 - root - ERROR - ^
2026-02-18 20:35:59,301 - root - ERROR - ^
2026-02-18 20:35:59,301 - root - ERROR - ^
2026-02-18 20:35:59,301 - root - ERROR - ^
2026-02-18 20:35:59,302 - root - ERROR - ^
2026-02-18 20:35:59,302 - root - ERROR - ^
2026-02-18 20:35:59,302 - root - ERROR - ^
2026-02-18 20:35:59,302 - root - ERROR - ^
2026-02-18 20:35:59,302 - root - ERROR - ^
2026-02-18 20:35:59,302 - root - ERROR -   File "D:\HuaweiMoveData\Users\86180\Desktop\new\Construction.py", line 17, in build_granger_causal_network
2026-02-18 20:35:59,303 - root - ERROR - with open(stock_config_file, 'r', encoding='utf-8') as f:
2026-02-18 20:35:59,303 - root - ERROR - ^
2026-02-18 20:35:59,304 - root - ERROR - ^
2026-02-18 20:35:59,304 - root - ERROR - ^
2026-02-18 20:35:59,304 - root - ERROR - ^
2026-02-18 20:35:59,304 - root - ERROR - ^
2026-02-18 20:35:59,305 - root - ERROR - ^
2026-02-18 20:35:59,305 - root - ERROR - ^
2026-02-18 20:35:59,305 - root - ERROR - ^
2026-02-18 20:35:59,305 - root - ERROR - ^
2026-02-18 20:35:59,305 - root - ERROR - ^
2026-02-18 20:35:59,306 - root - ERROR - ^
2026-02-18 20:35:59,306 - root - ERROR - ^
2026-02-18 20:35:59,306 - root - ERROR - ^
2026-02-18 20:35:59,306 - root - ERROR - ^
2026-02-18 20:35:59,306 - root - ERROR - ^
2026-02-18 20:35:59,306 - root - ERROR - ^
2026-02-18 20:35:59,307 - root - ERROR - ^
2026-02-18 20:35:59,307 - root - ERROR - ^
2026-02-18 20:35:59,307 - root - ERROR - ^
2026-02-18 20:35:59,307 - root - ERROR - ^
2026-02-18 20:35:59,307 - root - ERROR - ^
2026-02-18 20:35:59,307 - root - ERROR - ^
2026-02-18 20:35:59,308 - root - ERROR - ^
2026-02-18 20:35:59,308 - root - ERROR - ^
2026-02-18 20:35:59,308 - root - ERROR - ^
2026-02-18 20:35:59,308 - root - ERROR - ^
2026-02-18 20:35:59,308 - root - ERROR - ^
2026-02-18 20:35:59,309 - root - ERROR - ^
2026-02-18 20:35:59,309 - root - ERROR - ^
2026-02-18 20:35:59,309 - root - ERROR - ^
2026-02-18 20:35:59,310 - root - ERROR - ^
2026-02-18 20:35:59,310 - root - ERROR - ^
2026-02-18 20:35:59,310 - root - ERROR - ^
2026-02-18 20:35:59,310 - root - ERROR - ^
2026-02-18 20:35:59,311 - root - ERROR - ^
2026-02-18 20:35:59,311 - root - ERROR - ^
2026-02-18 20:35:59,311 - root - ERROR - ^
2026-02-18 20:35:59,311 - root - ERROR - ^
2026-02-18 20:35:59,311 - root - ERROR - ^
2026-02-18 20:35:59,312 - root - ERROR - ^
2026-02-18 20:35:59,312 - root - ERROR - ^
2026-02-18 20:35:59,312 - root - ERROR - ^
2026-02-18 20:35:59,312 - root - ERROR - ^
2026-02-18 20:35:59,313 - root - ERROR - ^
2026-02-18 20:35:59,313 - root - ERROR - ^
2026-02-18 20:35:59,313 - root - ERROR - ^
2026-02-18 20:35:59,313 - root - ERROR - FileNotFoundError
2026-02-18 20:35:59,314 - root - ERROR - :
2026-02-18 20:35:59,314 - root - ERROR - [Errno 2] No such file or directory: 'log/stock_config.log'
