2026-02-22 17:05:12,912 - root - ERROR - Traceback (most recent call last):
2026-02-22 17:05:12,913 - root - ERROR -   File "D:\HuaweiMoveData\Users\86180\Desktop\new\main.py", line 52, in <module>
2026-02-22 17:05:12,913 - root - ERROR - target_price_data, market_price_data, price_upstream_data, price_downstream_data = pre.load_data()
2026-02-22 17:05:12,914 - root - ERROR - ^
2026-02-22 17:05:12,914 - root - ERROR - ^
2026-02-22 17:05:12,915 - root - ERROR - ^
2026-02-22 17:05:12,915 - root - ERROR - ^
2026-02-22 17:05:12,915 - root - ERROR - ^
2026-02-22 17:05:12,915 - root - ERROR - ^
2026-02-22 17:05:12,915 - root - ERROR - ^
2026-02-22 17:05:12,916 - root - ERROR - ^
2026-02-22 17:05:12,916 - root - ERROR - ^
2026-02-22 17:05:12,917 - root - ERROR - ^
2026-02-22 17:05:12,917 - root - ERROR - ^
2026-02-22 17:05:12,917 - root - ERROR - ^
2026-02-22 17:05:12,917 - root - ERROR - ^
2026-02-22 17:05:12,918 - root - ERROR - ^
2026-02-22 17:05:12,918 - root - ERROR - ^
2026-02-22 17:05:12,918 - root - ERROR -   File "D:\HuaweiMoveData\Users\86180\Desktop\new\Preprocessing.py", line 101, in load_data
2026-02-22 17:05:12,919 - root - ERROR - df = pd.read_csv(f"{cache_dir}/{filename}", encoding='utf-8-sig')
2026-02-22 17:05:12,919 - root - ERROR - ^
2026-02-22 17:05:12,919 - root - ERROR - ^
2026-02-22 17:05:12,919 - root - ERROR - ^
2026-02-22 17:05:12,919 - root - ERROR - ^
2026-02-22 17:05:12,920 - root - ERROR - ^
2026-02-22 17:05:12,920 - root - ERROR - ^
2026-02-22 17:05:12,920 - root - ERROR - ^
2026-02-22 17:05:12,920 - root - ERROR - ^
2026-02-22 17:05:12,920 - root - ERROR - ^
2026-02-22 17:05:12,920 - root - ERROR - ^
2026-02-22 17:05:12,921 - root - ERROR - ^
2026-02-22 17:05:12,921 - root - ERROR - ^
2026-02-22 17:05:12,921 - root - ERROR - ^
2026-02-22 17:05:12,921 - root - ERROR - ^
2026-02-22 17:05:12,922 - root - ERROR - ^
2026-02-22 17:05:12,922 - root - ERROR - ^
2026-02-22 17:05:12,922 - root - ERROR - ^
2026-02-22 17:05:12,922 - root - ERROR - ^
2026-02-22 17:05:12,922 - root - ERROR - ^
2026-02-22 17:05:12,923 - root - ERROR - ^
2026-02-22 17:05:12,923 - root - ERROR - ^
2026-02-22 17:05:12,923 - root - ERROR - ^
2026-02-22 17:05:12,923 - root - ERROR - ^
2026-02-22 17:05:12,923 - root - ERROR - ^
2026-02-22 17:05:12,924 - root - ERROR - ^
2026-02-22 17:05:12,924 - root - ERROR - ^
2026-02-22 17:05:12,924 - root - ERROR - ^
2026-02-22 17:05:12,924 - root - ERROR - ^
2026-02-22 17:05:12,925 - root - ERROR - ^
2026-02-22 17:05:12,925 - root - ERROR - ^
2026-02-22 17:05:12,925 - root - ERROR - ^
2026-02-22 17:05:12,925 - root - ERROR - ^
2026-02-22 17:05:12,925 - root - ERROR - ^
2026-02-22 17:05:12,925 - root - ERROR - ^
2026-02-22 17:05:12,925 - root - ERROR - ^
2026-02-22 17:05:12,925 - root - ERROR - ^
2026-02-22 17:05:12,925 - root - ERROR - ^
2026-02-22 17:05:12,926 - root - ERROR - ^
2026-02-22 17:05:12,926 - root - ERROR - ^
2026-02-22 17:05:12,926 - root - ERROR - ^
2026-02-22 17:05:12,927 - root - ERROR - ^
2026-02-22 17:05:12,927 - root - ERROR - ^
2026-02-22 17:05:12,927 - root - ERROR - ^
2026-02-22 17:05:12,927 - root - ERROR - ^
2026-02-22 17:05:12,927 - root - ERROR - ^
2026-02-22 17:05:12,927 - root - ERROR - ^
2026-02-22 17:05:12,929 - root - ERROR - ^
2026-02-22 17:05:12,929 - root - ERROR - ^
2026-02-22 17:05:12,929 - root - ERROR - ^
2026-02-22 17:05:12,929 - root - ERROR - ^
2026-02-22 17:05:12,929 - root - ERROR - ^
2026-02-22 17:05:12,930 - root - ERROR - ^
2026-02-22 17:05:12,930 - root - ERROR - ^
2026-02-22 17:05:12,930 - root - ERROR - ^
2026-02-22 17:05:12,930 - root - ERROR - ^
2026-02-22 17:05:12,931 - root - ERROR - ^
2026-02-22 17:05:12,931 - root - ERROR - ^
2026-02-22 17:05:12,931 - root - ERROR - ^
2026-02-22 17:05:12,931 - root - ERROR - ^
2026-02-22 17:05:12,931 - root - ERROR - ^
2026-02-22 17:05:12,932 - root - ERROR -   File "D:\anaconda\Lib\site-packages\pandas\io\parsers\readers.py", line 1026, in read_csv
2026-02-22 17:05:12,955 - root - ERROR - return _read(filepath_or_buffer, kwds)
2026-02-22 17:05:12,956 - root - ERROR - ^
2026-02-22 17:05:12,956 - root - ERROR - ^
2026-02-22 17:05:12,957 - root - ERROR - ^
2026-02-22 17:05:12,957 - root - ERROR - ^
2026-02-22 17:05:12,958 - root - ERROR - ^
2026-02-22 17:05:12,958 - root - ERROR - ^
2026-02-22 17:05:12,959 - root - ERROR - ^
2026-02-22 17:05:12,959 - root - ERROR - ^
2026-02-22 17:05:12,959 - root - ERROR - ^
2026-02-22 17:05:12,960 - root - ERROR - ^
2026-02-22 17:05:12,961 - root - ERROR - ^
2026-02-22 17:05:12,961 - root - ERROR - ^
2026-02-22 17:05:12,961 - root - ERROR - ^
2026-02-22 17:05:12,961 - root - ERROR - ^
2026-02-22 17:05:12,962 - root - ERROR - ^
2026-02-22 17:05:12,962 - root - ERROR - ^
2026-02-22 17:05:12,962 - root - ERROR - ^
2026-02-22 17:05:12,963 - root - ERROR - ^
2026-02-22 17:05:12,963 - root - ERROR - ^
2026-02-22 17:05:12,963 - root - ERROR - ^
2026-02-22 17:05:12,964 - root - ERROR - ^
2026-02-22 17:05:12,964 - root - ERROR - ^
2026-02-22 17:05:12,965 - root - ERROR - ^
2026-02-22 17:05:12,965 - root - ERROR - ^
2026-02-22 17:05:12,965 - root - ERROR - ^
2026-02-22 17:05:12,966 - root - ERROR - ^
2026-02-22 17:05:12,966 - root - ERROR - ^
2026-02-22 17:05:12,966 - root - ERROR - ^
2026-02-22 17:05:12,967 - root - ERROR - ^
2026-02-22 17:05:12,967 - root - ERROR - ^
2026-02-22 17:05:12,968 - root - ERROR - ^
2026-02-22 17:05:12,968 - root - ERROR -   File "D:\anaconda\Lib\site-packages\pandas\io\parsers\readers.py", line 620, in _read
2026-02-22 17:05:12,969 - root - ERROR - parser = TextFileReader(filepath_or_buffer, **kwds)
2026-02-22 17:05:12,969 - root - ERROR - ^
2026-02-22 17:05:12,969 - root - ERROR - ^
2026-02-22 17:05:12,970 - root - ERROR - ^
2026-02-22 17:05:12,970 - root - ERROR - ^
2026-02-22 17:05:12,970 - root - ERROR - ^
2026-02-22 17:05:12,971 - root - ERROR - ^
2026-02-22 17:05:12,971 - root - ERROR - ^
2026-02-22 17:05:12,971 - root - ERROR - ^
2026-02-22 17:05:12,972 - root - ERROR - ^
2026-02-22 17:05:12,972 - root - ERROR - ^
2026-02-22 17:05:12,972 - root - ERROR - ^
2026-02-22 17:05:12,973 - root - ERROR - ^
2026-02-22 17:05:12,973 - root - ERROR - ^
2026-02-22 17:05:12,973 - root - ERROR - ^
2026-02-22 17:05:12,974 - root - ERROR - ^
2026-02-22 17:05:12,975 - root - ERROR - ^
2026-02-22 17:05:12,975 - root - ERROR - ^
2026-02-22 17:05:12,975 - root - ERROR - ^
2026-02-22 17:05:12,975 - root - ERROR - ^
2026-02-22 17:05:12,977 - root - ERROR - ^
2026-02-22 17:05:12,977 - root - ERROR - ^
2026-02-22 17:05:12,977 - root - ERROR - ^
2026-02-22 17:05:12,977 - root - ERROR - ^
2026-02-22 17:05:12,978 - root - ERROR - ^
2026-02-22 17:05:12,978 - root - ERROR - ^
2026-02-22 17:05:12,979 - root - ERROR - ^
2026-02-22 17:05:12,979 - root - ERROR - ^
2026-02-22 17:05:12,979 - root - ERROR - ^
2026-02-22 17:05:12,980 - root - ERROR - ^
2026-02-22 17:05:12,980 - root - ERROR - ^
2026-02-22 17:05:12,980 - root - ERROR - ^
2026-02-22 17:05:12,981 - root - ERROR - ^
2026-02-22 17:05:12,981 - root - ERROR - ^
2026-02-22 17:05:12,981 - root - ERROR - ^
2026-02-22 17:05:12,981 - root - ERROR - ^
2026-02-22 17:05:12,982 - root - ERROR - ^
2026-02-22 17:05:12,982 - root - ERROR - ^
2026-02-22 17:05:12,982 - root - ERROR - ^
2026-02-22 17:05:12,982 - root - ERROR - ^
2026-02-22 17:05:12,983 - root - ERROR - ^
2026-02-22 17:05:12,983 - root - ERROR - ^
2026-02-22 17:05:12,983 - root - ERROR - ^
2026-02-22 17:05:12,983 - root - ERROR -   File "D:\anaconda\Lib\site-packages\pandas\io\parsers\readers.py", line 1620, in __init__
2026-02-22 17:05:12,984 - root - ERROR - self._engine = self._make_engine(f, self.engine)
2026-02-22 17:05:12,984 - root - ERROR - ^
2026-02-22 17:05:12,985 - root - ERROR - ^
2026-02-22 17:05:12,985 - root - ERROR - ^
2026-02-22 17:05:12,985 - root - ERROR - ^
2026-02-22 17:05:12,986 - root - ERROR - ^
2026-02-22 17:05:12,986 - root - ERROR - ^
2026-02-22 17:05:12,986 - root - ERROR - ^
2026-02-22 17:05:12,986 - root - ERROR - ^
2026-02-22 17:05:12,987 - root - ERROR - ^
2026-02-22 17:05:12,987 - root - ERROR - ^
2026-02-22 17:05:12,987 - root - ERROR - ^
2026-02-22 17:05:12,987 - root - ERROR - ^
2026-02-22 17:05:12,988 - root - ERROR - ^
2026-02-22 17:05:12,988 - root - ERROR - ^
2026-02-22 17:05:12,988 - root - ERROR - ^
2026-02-22 17:05:12,989 - root - ERROR - ^
2026-02-22 17:05:12,989 - root - ERROR - ^
2026-02-22 17:05:12,989 - root - ERROR - ^
2026-02-22 17:05:12,989 - root - ERROR - ^
2026-02-22 17:05:12,989 - root - ERROR - ^
2026-02-22 17:05:12,990 - root - ERROR - ^
2026-02-22 17:05:12,990 - root - ERROR - ^
2026-02-22 17:05:12,990 - root - ERROR - ^
2026-02-22 17:05:12,991 - root - ERROR - ^
2026-02-22 17:05:12,991 - root - ERROR - ^
2026-02-22 17:05:12,991 - root - ERROR - ^
2026-02-22 17:05:12,993 - root - ERROR - ^
2026-02-22 17:05:12,993 - root - ERROR - ^
2026-02-22 17:05:12,993 - root - ERROR - ^
2026-02-22 17:05:12,993 - root - ERROR - ^
2026-02-22 17:05:12,994 - root - ERROR - ^
2026-02-22 17:05:12,994 - root - ERROR - ^
2026-02-22 17:05:12,994 - root - ERROR - ^
2026-02-22 17:05:12,995 - root - ERROR -   File "D:\anaconda\Lib\site-packages\pandas\io\parsers\readers.py", line 1898, in _make_engine
2026-02-22 17:05:12,995 - root - ERROR - return mapping[engine](f, **self.options)
2026-02-22 17:05:12,996 - root - ERROR - ^
2026-02-22 17:05:12,996 - root - ERROR - ^
2026-02-22 17:05:12,996 - root - ERROR - ^
2026-02-22 17:05:12,996 - root - ERROR - ^
2026-02-22 17:05:12,997 - root - ERROR - ^
2026-02-22 17:05:12,997 - root - ERROR - ^
2026-02-22 17:05:12,997 - root - ERROR - ^
2026-02-22 17:05:12,997 - root - ERROR - ^
2026-02-22 17:05:12,997 - root - ERROR - ^
2026-02-22 17:05:12,998 - root - ERROR - ^
2026-02-22 17:05:12,998 - root - ERROR - ^
2026-02-22 17:05:12,998 - root - ERROR - ^
2026-02-22 17:05:12,998 - root - ERROR - ^
2026-02-22 17:05:12,998 - root - ERROR - ^
2026-02-22 17:05:12,998 - root - ERROR - ^
2026-02-22 17:05:12,999 - root - ERROR - ^
2026-02-22 17:05:12,999 - root - ERROR - ^
2026-02-22 17:05:12,999 - root - ERROR - ^
2026-02-22 17:05:12,999 - root - ERROR - ^
2026-02-22 17:05:13,000 - root - ERROR - ^
2026-02-22 17:05:13,000 - root - ERROR - ^
2026-02-22 17:05:13,000 - root - ERROR - ^
2026-02-22 17:05:13,000 - root - ERROR - ^
2026-02-22 17:05:13,001 - root - ERROR - ^
2026-02-22 17:05:13,001 - root - ERROR - ^
2026-02-22 17:05:13,001 - root - ERROR - ^
2026-02-22 17:05:13,001 - root - ERROR - ^
2026-02-22 17:05:13,002 - root - ERROR - ^
2026-02-22 17:05:13,002 - root - ERROR - ^
2026-02-22 17:05:13,002 - root - ERROR - ^
2026-02-22 17:05:13,002 - root - ERROR - ^
2026-02-22 17:05:13,003 - root - ERROR - ^
2026-02-22 17:05:13,003 - root - ERROR - ^
2026-02-22 17:05:13,003 - root - ERROR - ^
2026-02-22 17:05:13,003 - root - ERROR -   File "D:\anaconda\Lib\site-packages\pandas\io\parsers\c_parser_wrapper.py", line 93, in __init__
2026-02-22 17:05:13,025 - root - ERROR - self._reader = parsers.TextReader(src, **kwds)
2026-02-22 17:05:13,026 - root - ERROR - ^
2026-02-22 17:05:13,026 - root - ERROR - ^
2026-02-22 17:05:13,027 - root - ERROR - ^
2026-02-22 17:05:13,027 - root - ERROR - ^
2026-02-22 17:05:13,027 - root - ERROR - ^
2026-02-22 17:05:13,027 - root - ERROR - ^
2026-02-22 17:05:13,028 - root - ERROR - ^
2026-02-22 17:05:13,028 - root - ERROR - ^
2026-02-22 17:05:13,028 - root - ERROR - ^
2026-02-22 17:05:13,028 - root - ERROR - ^
2026-02-22 17:05:13,029 - root - ERROR - ^
2026-02-22 17:05:13,029 - root - ERROR - ^
2026-02-22 17:05:13,029 - root - ERROR - ^
2026-02-22 17:05:13,029 - root - ERROR - ^
2026-02-22 17:05:13,029 - root - ERROR - ^
2026-02-22 17:05:13,030 - root - ERROR - ^
2026-02-22 17:05:13,030 - root - ERROR - ^
2026-02-22 17:05:13,030 - root - ERROR - ^
2026-02-22 17:05:13,030 - root - ERROR - ^
2026-02-22 17:05:13,031 - root - ERROR - ^
2026-02-22 17:05:13,031 - root - ERROR - ^
2026-02-22 17:05:13,031 - root - ERROR - ^
2026-02-22 17:05:13,031 - root - ERROR - ^
2026-02-22 17:05:13,032 - root - ERROR - ^
2026-02-22 17:05:13,032 - root - ERROR - ^
2026-02-22 17:05:13,032 - root - ERROR - ^
2026-02-22 17:05:13,032 - root - ERROR - ^
2026-02-22 17:05:13,032 - root - ERROR - ^
2026-02-22 17:05:13,032 - root - ERROR - ^
2026-02-22 17:05:13,033 - root - ERROR - ^
2026-02-22 17:05:13,033 - root - ERROR - ^
2026-02-22 17:05:13,033 - root - ERROR -   File "parsers.pyx", line 581, in pandas._libs.parsers.TextReader.__cinit__
2026-02-22 17:05:13,034 - root - ERROR - pandas.errors
2026-02-22 17:05:13,034 - root - ERROR - .
2026-02-22 17:05:13,034 - root - ERROR - EmptyDataError
2026-02-22 17:05:13,035 - root - ERROR - :
2026-02-22 17:05:13,035 - root - ERROR - No columns to parse from file
