2026-02-18 21:10:40,897 - root - INFO - 合并后的价格数据预览：
2026-02-18 21:10:40,906 - root - INFO -               宁德时代  market_data_1_上证综指  market_data_2_深证成指  upstream_1_湖南裕能  ...  downstream_2_长城汽车  downstream_3_长安汽车  downstream_4_上汽集团        LC
2026-02-18 21:10:40,907 - root - INFO - 日期                                                                           ...
2026-02-18 21:10:40,907 - root - INFO - 2024-01-02  286.07             1345.53             1345.53            33.31  ...              83.29             144.59             111.18  108350.0
2026-02-18 21:10:40,907 - root - INFO - 2024-01-03  284.22             1344.28             1344.28            32.89  ...              81.79             141.02             111.52  106600.0
2026-02-18 21:10:40,910 - root - INFO - 2024-01-04  275.94             1333.03             1333.03            32.45  ...              80.86             137.06             111.18  100450.0
2026-02-18 21:10:40,911 - root - INFO - 2024-01-05  275.40             1353.03             1353.03            32.60  ...              80.26             133.89             110.84   98650.0
2026-02-18 21:10:40,911 - root - INFO - 2024-01-08  273.78             1338.03             1338.03            32.05  ...              78.34             133.10             109.90   97200.0
2026-02-18 21:10:40,911 - root - INFO - ...            ...                 ...                 ...              ...  ...                ...                ...                ...       ...
2026-02-18 21:10:40,912 - root - INFO - 2025-12-25  696.42             1834.74             1834.74            67.57  ...              78.10             115.64             121.71  123520.0
2026-02-18 21:10:40,912 - root - INFO - 2025-12-26  698.97             1832.24             1832.24            71.89  ...              79.93             116.36             121.93  130520.0
2026-02-18 21:10:40,912 - root - INFO - 2025-12-29  689.76             1834.74             1834.74            68.05  ...              79.42             115.64             121.41  118820.0
2026-02-18 21:10:40,912 - root - INFO - 2025-12-30  689.56             1824.74             1824.74            67.58  ...              79.09             115.64             121.33  121580.0
2026-02-18 21:10:40,912 - root - INFO - 2025-12-31  686.07             1815.99             1815.99            65.63  ...              79.48             115.33             120.78  121580.0
2026-02-18 21:10:40,913 - root - INFO - 
2026-02-18 21:10:40,913 - root - INFO - [485 rows x 10 columns]
2026-02-18 21:10:40,915 - root - ERROR - D:\anaconda\Lib\site-packages\statsmodels\tsa\base\tsa_model.py:473: ValueWarning: A date index has been provided, but it has no associated frequency information and so will be ignored when e.g. forecasting.
2026-02-18 21:10:40,915 - root - ERROR -   self._init_dates(dates, freq)
2026-02-18 21:10:40,919 - root - ERROR - Traceback (most recent call last):
2026-02-18 21:10:40,920 - root - ERROR -   File "D:\HuaweiMoveData\Users\86180\Desktop\new\main.py", line 56, in <module>
2026-02-18 21:10:40,920 - root - ERROR - causal_indices, causal_vector, adj_matrix = con.build_granger_causal_network(earnings)
2026-02-18 21:10:40,920 - root - ERROR - ^
2026-02-18 21:10:40,920 - root - ERROR - ^
2026-02-18 21:10:40,920 - root - ERROR - ^
2026-02-18 21:10:40,922 - root - ERROR - ^
2026-02-18 21:10:40,922 - root - ERROR - ^
2026-02-18 21:10:40,922 - root - ERROR - ^
2026-02-18 21:10:40,922 - root - ERROR - ^
2026-02-18 21:10:40,922 - root - ERROR - ^
2026-02-18 21:10:40,923 - root - ERROR - ^
2026-02-18 21:10:40,923 - root - ERROR - ^
2026-02-18 21:10:40,923 - root - ERROR - ^
2026-02-18 21:10:40,923 - root - ERROR - ^
2026-02-18 21:10:40,923 - root - ERROR - ^
2026-02-18 21:10:40,923 - root - ERROR - ^
2026-02-18 21:10:40,924 - root - ERROR - ^
2026-02-18 21:10:40,924 - root - ERROR - ^
2026-02-18 21:10:40,924 - root - ERROR - ^
2026-02-18 21:10:40,924 - root - ERROR - ^
2026-02-18 21:10:40,924 - root - ERROR - ^
2026-02-18 21:10:40,925 - root - ERROR - ^
2026-02-18 21:10:40,925 - root - ERROR - ^
2026-02-18 21:10:40,925 - root - ERROR - ^
2026-02-18 21:10:40,925 - root - ERROR - ^
2026-02-18 21:10:40,925 - root - ERROR - ^
2026-02-18 21:10:40,926 - root - ERROR - ^
2026-02-18 21:10:40,926 - root - ERROR - ^
2026-02-18 21:10:40,926 - root - ERROR - ^
2026-02-18 21:10:40,927 - root - ERROR - ^
2026-02-18 21:10:40,927 - root - ERROR - ^
2026-02-18 21:10:40,927 - root - ERROR - ^
2026-02-18 21:10:40,927 - root - ERROR - ^
2026-02-18 21:10:40,927 - root - ERROR - ^
2026-02-18 21:10:40,927 - root - ERROR - ^
2026-02-18 21:10:40,928 - root - ERROR - ^
2026-02-18 21:10:40,928 - root - ERROR - ^
2026-02-18 21:10:40,928 - root - ERROR - ^
2026-02-18 21:10:40,928 - root - ERROR - ^
2026-02-18 21:10:40,928 - root - ERROR - ^
2026-02-18 21:10:40,928 - root - ERROR - ^
2026-02-18 21:10:40,929 - root - ERROR - ^
2026-02-18 21:10:40,929 - root - ERROR - ^
2026-02-18 21:10:40,929 - root - ERROR - ^
2026-02-18 21:10:40,929 - root - ERROR -   File "D:\HuaweiMoveData\Users\86180\Desktop\new\Construction.py", line 31, in build_granger_causal_network
2026-02-18 21:10:40,929 - root - ERROR - lag_results = model.select_order(maxlags=max_lag)
2026-02-18 21:10:40,930 - root - ERROR - ^
2026-02-18 21:10:40,930 - root - ERROR - ^
2026-02-18 21:10:40,930 - root - ERROR - ^
2026-02-18 21:10:40,930 - root - ERROR - ^
2026-02-18 21:10:40,930 - root - ERROR - ^
2026-02-18 21:10:40,930 - root - ERROR - ^
2026-02-18 21:10:40,931 - root - ERROR - ^
2026-02-18 21:10:40,931 - root - ERROR - ^
2026-02-18 21:10:40,931 - root - ERROR - ^
2026-02-18 21:10:40,931 - root - ERROR - ^
2026-02-18 21:10:40,931 - root - ERROR - ^
2026-02-18 21:10:40,931 - root - ERROR - ^
2026-02-18 21:10:40,932 - root - ERROR - ^
2026-02-18 21:10:40,932 - root - ERROR - ^
2026-02-18 21:10:40,932 - root - ERROR - ^
2026-02-18 21:10:40,932 - root - ERROR - ^
2026-02-18 21:10:40,932 - root - ERROR - ^
2026-02-18 21:10:40,932 - root - ERROR - ^
2026-02-18 21:10:40,933 - root - ERROR - ^
2026-02-18 21:10:40,933 - root - ERROR - ^
2026-02-18 21:10:40,933 - root - ERROR - ^
2026-02-18 21:10:40,933 - root - ERROR - ^
2026-02-18 21:10:40,933 - root - ERROR - ^
2026-02-18 21:10:40,933 - root - ERROR - ^
2026-02-18 21:10:40,934 - root - ERROR - ^
2026-02-18 21:10:40,934 - root - ERROR - ^
2026-02-18 21:10:40,934 - root - ERROR - ^
2026-02-18 21:10:40,934 - root - ERROR - ^
2026-02-18 21:10:40,934 - root - ERROR - ^
2026-02-18 21:10:40,935 - root - ERROR - ^
2026-02-18 21:10:40,935 - root - ERROR - ^
2026-02-18 21:10:40,935 - root - ERROR - ^
2026-02-18 21:10:40,935 - root - ERROR - ^
2026-02-18 21:10:40,935 - root - ERROR - ^
2026-02-18 21:10:40,935 - root - ERROR - ^
2026-02-18 21:10:40,936 - root - ERROR -   File "D:\anaconda\Lib\site-packages\statsmodels\tsa\vector_ar\var_model.py", line 823, in select_order
2026-02-18 21:10:40,936 - root - ERROR - for k, v in result.info_criteria.items():
2026-02-18 21:10:40,937 - root - ERROR - ^
2026-02-18 21:10:40,937 - root - ERROR - ^
2026-02-18 21:10:40,937 - root - ERROR - ^
2026-02-18 21:10:40,937 - root - ERROR - ^
2026-02-18 21:10:40,937 - root - ERROR - ^
2026-02-18 21:10:40,938 - root - ERROR - ^
2026-02-18 21:10:40,938 - root - ERROR - ^
2026-02-18 21:10:40,938 - root - ERROR - ^
2026-02-18 21:10:40,938 - root - ERROR - ^
2026-02-18 21:10:40,938 - root - ERROR - ^
2026-02-18 21:10:40,938 - root - ERROR - ^
2026-02-18 21:10:40,939 - root - ERROR - ^
2026-02-18 21:10:40,939 - root - ERROR - ^
2026-02-18 21:10:40,939 - root - ERROR - ^
2026-02-18 21:10:40,939 - root - ERROR - ^
2026-02-18 21:10:40,939 - root - ERROR - ^
2026-02-18 21:10:40,940 - root - ERROR - ^
2026-02-18 21:10:40,940 - root - ERROR - ^
2026-02-18 21:10:40,940 - root - ERROR - ^
2026-02-18 21:10:40,940 - root - ERROR - ^
2026-02-18 21:10:40,940 - root - ERROR -   File "D:\anaconda\Lib\site-packages\statsmodels\base\wrapper.py", line 34, in __getattribute__
2026-02-18 21:10:40,941 - root - ERROR - obj = getattr(results, attr)
2026-02-18 21:10:40,941 - root - ERROR - ^
2026-02-18 21:10:40,941 - root - ERROR - ^
2026-02-18 21:10:40,942 - root - ERROR - ^
2026-02-18 21:10:40,942 - root - ERROR - ^
2026-02-18 21:10:40,942 - root - ERROR - ^
2026-02-18 21:10:40,942 - root - ERROR - ^
2026-02-18 21:10:40,943 - root - ERROR - ^
2026-02-18 21:10:40,943 - root - ERROR - ^
2026-02-18 21:10:40,943 - root - ERROR - ^
2026-02-18 21:10:40,943 - root - ERROR - ^
2026-02-18 21:10:40,943 - root - ERROR - ^
2026-02-18 21:10:40,943 - root - ERROR - ^
2026-02-18 21:10:40,944 - root - ERROR - ^
2026-02-18 21:10:40,944 - root - ERROR - ^
2026-02-18 21:10:40,944 - root - ERROR - ^
2026-02-18 21:10:40,944 - root - ERROR - ^
2026-02-18 21:10:40,944 - root - ERROR - ^
2026-02-18 21:10:40,944 - root - ERROR - ^
2026-02-18 21:10:40,945 - root - ERROR - ^
2026-02-18 21:10:40,945 - root - ERROR - ^
2026-02-18 21:10:40,945 - root - ERROR - ^
2026-02-18 21:10:40,945 - root - ERROR - ^
2026-02-18 21:10:40,945 - root - ERROR -   File "properties.pyx", line 36, in pandas._libs.properties.CachedProperty.__get__
2026-02-18 21:10:40,946 - root - ERROR -   File "D:\anaconda\Lib\site-packages\statsmodels\tsa\vector_ar\var_model.py", line 2289, in info_criteria
2026-02-18 21:10:40,947 - root - ERROR - ld = logdet_symm(self.sigma_u_mle)
2026-02-18 21:10:40,947 - root - ERROR - ^
2026-02-18 21:10:40,947 - root - ERROR - ^
2026-02-18 21:10:40,947 - root - ERROR - ^
2026-02-18 21:10:40,947 - root - ERROR - ^
2026-02-18 21:10:40,947 - root - ERROR - ^
2026-02-18 21:10:40,948 - root - ERROR - ^
2026-02-18 21:10:40,948 - root - ERROR - ^
2026-02-18 21:10:40,948 - root - ERROR - ^
2026-02-18 21:10:40,948 - root - ERROR - ^
2026-02-18 21:10:40,948 - root - ERROR - ^
2026-02-18 21:10:40,949 - root - ERROR - ^
2026-02-18 21:10:40,949 - root - ERROR - ^
2026-02-18 21:10:40,949 - root - ERROR - ^
2026-02-18 21:10:40,949 - root - ERROR - ^
2026-02-18 21:10:40,949 - root - ERROR - ^
2026-02-18 21:10:40,949 - root - ERROR - ^
2026-02-18 21:10:40,950 - root - ERROR - ^
2026-02-18 21:10:40,950 - root - ERROR - ^
2026-02-18 21:10:40,950 - root - ERROR - ^
2026-02-18 21:10:40,950 - root - ERROR - ^
2026-02-18 21:10:40,950 - root - ERROR - ^
2026-02-18 21:10:40,950 - root - ERROR - ^
2026-02-18 21:10:40,951 - root - ERROR - ^
2026-02-18 21:10:40,951 - root - ERROR - ^
2026-02-18 21:10:40,951 - root - ERROR - ^
2026-02-18 21:10:40,951 - root - ERROR - ^
2026-02-18 21:10:40,951 - root - ERROR - ^
2026-02-18 21:10:40,951 - root - ERROR - ^
2026-02-18 21:10:40,951 - root - ERROR - ^
2026-02-18 21:10:40,952 - root - ERROR -   File "D:\anaconda\Lib\site-packages\statsmodels\tools\linalg.py", line 28, in logdet_symm
2026-02-18 21:10:40,952 - root - ERROR - c, _ = linalg.cho_factor(m, lower=True)
2026-02-18 21:10:40,952 - root - ERROR - ^
2026-02-18 21:10:40,952 - root - ERROR - ^
2026-02-18 21:10:40,952 - root - ERROR - ^
2026-02-18 21:10:40,953 - root - ERROR - ^
2026-02-18 21:10:40,953 - root - ERROR - ^
2026-02-18 21:10:40,953 - root - ERROR - ^
2026-02-18 21:10:40,953 - root - ERROR - ^
2026-02-18 21:10:40,953 - root - ERROR - ^
2026-02-18 21:10:40,953 - root - ERROR - ^
2026-02-18 21:10:40,954 - root - ERROR - ^
2026-02-18 21:10:40,954 - root - ERROR - ^
2026-02-18 21:10:40,954 - root - ERROR - ^
2026-02-18 21:10:40,954 - root - ERROR - ^
2026-02-18 21:10:40,954 - root - ERROR - ^
2026-02-18 21:10:40,954 - root - ERROR - ^
2026-02-18 21:10:40,954 - root - ERROR - ^
2026-02-18 21:10:40,955 - root - ERROR - ^
2026-02-18 21:10:40,955 - root - ERROR - ^
2026-02-18 21:10:40,955 - root - ERROR - ^
2026-02-18 21:10:40,955 - root - ERROR - ^
2026-02-18 21:10:40,955 - root - ERROR - ^
2026-02-18 21:10:40,955 - root - ERROR - ^
2026-02-18 21:10:40,956 - root - ERROR - ^
2026-02-18 21:10:40,956 - root - ERROR - ^
2026-02-18 21:10:40,956 - root - ERROR - ^
2026-02-18 21:10:40,956 - root - ERROR - ^
2026-02-18 21:10:40,956 - root - ERROR - ^
2026-02-18 21:10:40,956 - root - ERROR - ^
2026-02-18 21:10:40,956 - root - ERROR - ^
2026-02-18 21:10:40,957 - root - ERROR - ^
2026-02-18 21:10:40,957 - root - ERROR - ^
2026-02-18 21:10:40,957 - root - ERROR - ^
2026-02-18 21:10:40,957 - root - ERROR -   File "D:\anaconda\Lib\site-packages\scipy\linalg\_decomp_cholesky.py", line 153, in cho_factor
2026-02-18 21:10:40,957 - root - ERROR - c, lower = _cholesky(a, lower=lower, overwrite_a=overwrite_a, clean=False,
2026-02-18 21:10:40,957 - root - ERROR - ^
2026-02-18 21:10:40,958 - root - ERROR - ^
2026-02-18 21:10:40,958 - root - ERROR - ^
2026-02-18 21:10:40,958 - root - ERROR - ^
2026-02-18 21:10:40,958 - root - ERROR - ^
2026-02-18 21:10:40,958 - root - ERROR - ^
2026-02-18 21:10:40,959 - root - ERROR - ^
2026-02-18 21:10:40,959 - root - ERROR - ^
2026-02-18 21:10:40,959 - root - ERROR - ^
2026-02-18 21:10:40,959 - root - ERROR - ^
2026-02-18 21:10:40,959 - root - ERROR - ^
2026-02-18 21:10:40,959 - root - ERROR - ^
2026-02-18 21:10:40,959 - root - ERROR - ^
2026-02-18 21:10:40,960 - root - ERROR - ^
2026-02-18 21:10:40,960 - root - ERROR - ^
2026-02-18 21:10:40,960 - root - ERROR - ^
2026-02-18 21:10:40,960 - root - ERROR - ^
2026-02-18 21:10:40,960 - root - ERROR - ^
2026-02-18 21:10:40,960 - root - ERROR - ^
2026-02-18 21:10:40,960 - root - ERROR - ^
2026-02-18 21:10:40,961 - root - ERROR - ^
2026-02-18 21:10:40,961 - root - ERROR - ^
2026-02-18 21:10:40,961 - root - ERROR - ^
2026-02-18 21:10:40,961 - root - ERROR - ^
2026-02-18 21:10:40,961 - root - ERROR - ^
2026-02-18 21:10:40,961 - root - ERROR - ^
2026-02-18 21:10:40,961 - root - ERROR - ^
2026-02-18 21:10:40,961 - root - ERROR - ^
2026-02-18 21:10:40,962 - root - ERROR - ^
2026-02-18 21:10:40,962 - root - ERROR - ^
2026-02-18 21:10:40,962 - root - ERROR - ^
2026-02-18 21:10:40,962 - root - ERROR - ^
2026-02-18 21:10:40,962 - root - ERROR - ^
2026-02-18 21:10:40,962 - root - ERROR - ^
2026-02-18 21:10:40,963 - root - ERROR - ^
2026-02-18 21:10:40,963 - root - ERROR - ^
2026-02-18 21:10:40,963 - root - ERROR - ^
2026-02-18 21:10:40,963 - root - ERROR - ^
2026-02-18 21:10:40,964 - root - ERROR - ^
2026-02-18 21:10:40,964 - root - ERROR - ^
2026-02-18 21:10:40,964 - root - ERROR - ^
2026-02-18 21:10:40,965 - root - ERROR - ^
2026-02-18 21:10:40,965 - root - ERROR - ^
2026-02-18 21:10:40,965 - root - ERROR - ^
2026-02-18 21:10:40,965 - root - ERROR - ^
2026-02-18 21:10:40,966 - root - ERROR - ^
2026-02-18 21:10:40,966 - root - ERROR - ^
2026-02-18 21:10:40,968 - root - ERROR - ^
2026-02-18 21:10:40,968 - root - ERROR - ^
2026-02-18 21:10:40,969 - root - ERROR - ^
2026-02-18 21:10:40,969 - root - ERROR - ^
2026-02-18 21:10:40,969 - root - ERROR - ^
2026-02-18 21:10:40,969 - root - ERROR - ^
2026-02-18 21:10:40,970 - root - ERROR - ^
2026-02-18 21:10:40,970 - root - ERROR - ^
2026-02-18 21:10:40,970 - root - ERROR - ^
2026-02-18 21:10:40,970 - root - ERROR - ^
2026-02-18 21:10:40,970 - root - ERROR - ^
2026-02-18 21:10:40,970 - root - ERROR - ^
2026-02-18 21:10:40,971 - root - ERROR - ^
2026-02-18 21:10:40,971 - root - ERROR - ^
2026-02-18 21:10:40,971 - root - ERROR - ^
2026-02-18 21:10:40,971 - root - ERROR - ^
2026-02-18 21:10:40,971 - root - ERROR -   File "D:\anaconda\Lib\site-packages\scipy\linalg\_decomp_cholesky.py", line 36, in _cholesky
2026-02-18 21:10:40,972 - root - ERROR - raise LinAlgError("%d-th leading minor of the array is not positive "
2026-02-18 21:10:40,972 - root - ERROR - numpy.linalg
2026-02-18 21:10:40,972 - root - ERROR - .
2026-02-18 21:10:40,973 - root - ERROR - LinAlgError
2026-02-18 21:10:40,973 - root - ERROR - :
2026-02-18 21:10:40,973 - root - ERROR - 3-th leading minor of the array is not positive definite
