2026-03-01 12:24:21,141 - root - ERROR - Traceback (most recent call last):
2026-03-01 12:24:21,142 - root - ERROR -   File "D:\HuaweiMoveData\Users\86180\Desktop\new\main.py", line 52, in <module>
2026-03-01 12:24:21,142 - root - ERROR - target_price_data, market_price_data, price_related_data = pre.load_data()
2026-03-01 12:24:21,143 - root - ERROR - ^
2026-03-01 12:24:21,143 - root - ERROR - ^
2026-03-01 12:24:21,143 - root - ERROR - ^
2026-03-01 12:24:21,144 - root - ERROR - ^
2026-03-01 12:24:21,144 - root - ERROR - ^
2026-03-01 12:24:21,144 - root - ERROR - ^
2026-03-01 12:24:21,145 - root - ERROR - ^
2026-03-01 12:24:21,145 - root - ERROR - ^
2026-03-01 12:24:21,145 - root - ERROR - ^
2026-03-01 12:24:21,147 - root - ERROR - ^
2026-03-01 12:24:21,147 - root - ERROR - ^
2026-03-01 12:24:21,147 - root - ERROR - ^
2026-03-01 12:24:21,148 - root - ERROR - ^
2026-03-01 12:24:21,148 - root - ERROR - ^
2026-03-01 12:24:21,148 - root - ERROR - ^
2026-03-01 12:24:21,148 - root - ERROR -   File "D:\HuaweiMoveData\Users\86180\Desktop\new\Preprocessing.py", line 113, in load_data
2026-03-01 12:24:21,149 - root - ERROR - for filename in metadata['files']['related_stock_files']:
2026-03-01 12:24:21,149 - root - ERROR - ~
2026-03-01 12:24:21,151 - root - ERROR - ~
2026-03-01 12:24:21,151 - root - ERROR - ~
2026-03-01 12:24:21,151 - root - ERROR - ~
2026-03-01 12:24:21,151 - root - ERROR - ~
2026-03-01 12:24:21,152 - root - ERROR - ~
2026-03-01 12:24:21,152 - root - ERROR - ~
2026-03-01 12:24:21,152 - root - ERROR - ~
2026-03-01 12:24:21,152 - root - ERROR - ~
2026-03-01 12:24:21,153 - root - ERROR - ~
2026-03-01 12:24:21,153 - root - ERROR - ~
2026-03-01 12:24:21,153 - root - ERROR - ~
2026-03-01 12:24:21,153 - root - ERROR - ~
2026-03-01 12:24:21,155 - root - ERROR - ~
2026-03-01 12:24:21,155 - root - ERROR - ~
2026-03-01 12:24:21,155 - root - ERROR - ~
2026-03-01 12:24:21,155 - root - ERROR - ~
2026-03-01 12:24:21,155 - root - ERROR - ^
2026-03-01 12:24:21,156 - root - ERROR - ^
2026-03-01 12:24:21,156 - root - ERROR - ^
2026-03-01 12:24:21,157 - root - ERROR - ^
2026-03-01 12:24:21,157 - root - ERROR - ^
2026-03-01 12:24:21,157 - root - ERROR - ^
2026-03-01 12:24:21,157 - root - ERROR - ^
2026-03-01 12:24:21,157 - root - ERROR - ^
2026-03-01 12:24:21,158 - root - ERROR - ^
2026-03-01 12:24:21,158 - root - ERROR - ^
2026-03-01 12:24:21,158 - root - ERROR - ^
2026-03-01 12:24:21,158 - root - ERROR - ^
2026-03-01 12:24:21,158 - root - ERROR - ^
2026-03-01 12:24:21,159 - root - ERROR - ^
2026-03-01 12:24:21,159 - root - ERROR - ^
2026-03-01 12:24:21,159 - root - ERROR - ^
2026-03-01 12:24:21,159 - root - ERROR - ^
2026-03-01 12:24:21,160 - root - ERROR - ^
2026-03-01 12:24:21,160 - root - ERROR - ^
2026-03-01 12:24:21,161 - root - ERROR - ^
2026-03-01 12:24:21,161 - root - ERROR - ^
2026-03-01 12:24:21,162 - root - ERROR - ^
2026-03-01 12:24:21,162 - root - ERROR - ^
2026-03-01 12:24:21,162 - root - ERROR - KeyError
2026-03-01 12:24:21,163 - root - ERROR - :
2026-03-01 12:24:21,163 - root - ERROR - 'related_stock_files'
