2026-02-18 20:42:52,065 - root - INFO - 合并后的价格数据预览：
2026-02-18 20:42:52,073 - root - INFO -               宁德时代  market_data_1_上证综指  market_data_2_深证成指  upstream_1_湖南裕能  ...  downstream_2_长城汽车  downstream_3_长安汽车  downstream_4_上汽集团        LC
2026-02-18 20:42:52,074 - root - INFO - 日期                                                                           ...
2026-02-18 20:42:52,074 - root - INFO - 2024-01-02  286.07             1345.53             1345.53            33.31  ...              83.29             144.59             111.18  108350.0
2026-02-18 20:42:52,075 - root - INFO - 2024-01-03  284.22             1344.28             1344.28            32.89  ...              81.79             141.02             111.52  106600.0
2026-02-18 20:42:52,076 - root - INFO - 2024-01-04  275.94             1333.03             1333.03            32.45  ...              80.86             137.06             111.18  100450.0
2026-02-18 20:42:52,076 - root - INFO - 2024-01-05  275.40             1353.03             1353.03            32.60  ...              80.26             133.89             110.84   98650.0
2026-02-18 20:42:52,077 - root - INFO - 2024-01-08  273.78             1338.03             1338.03            32.05  ...              78.34             133.10             109.90   97200.0
2026-02-18 20:42:52,077 - root - INFO - ...            ...                 ...                 ...              ...  ...                ...                ...                ...       ...
2026-02-18 20:42:52,077 - root - INFO - 2025-12-25  696.42             1834.74             1834.74            67.57  ...              78.10             115.64             121.71  123520.0
2026-02-18 20:42:52,078 - root - INFO - 2025-12-26  698.97             1832.24             1832.24            71.89  ...              79.93             116.36             121.93  130520.0
2026-02-18 20:42:52,078 - root - INFO - 2025-12-29  689.76             1834.74             1834.74            68.05  ...              79.42             115.64             121.41  118820.0
2026-02-18 20:42:52,078 - root - INFO - 2025-12-30  689.56             1824.74             1824.74            67.58  ...              79.09             115.64             121.33  121580.0
2026-02-18 20:42:52,078 - root - INFO - 2025-12-31  686.07             1815.99             1815.99            65.63  ...              79.48             115.33             120.78  121580.0
2026-02-18 20:42:52,079 - root - INFO - 
2026-02-18 20:42:52,079 - root - INFO - [485 rows x 10 columns]
2026-02-18 20:42:52,081 - root - ERROR - D:\anaconda\Lib\site-packages\statsmodels\tsa\base\tsa_model.py:473: ValueWarning: A date index has been provided, but it has no associated frequency information and so will be ignored when e.g. forecasting.
2026-02-18 20:42:52,081 - root - ERROR -   self._init_dates(dates, freq)
2026-02-18 20:42:52,086 - root - ERROR - Traceback (most recent call last):
2026-02-18 20:42:52,087 - root - ERROR -   File "D:\HuaweiMoveData\Users\86180\Desktop\new\main.py", line 56, in <module>
2026-02-18 20:42:52,087 - root - ERROR - causal_indices, causal_vector, adj_matrix = con.build_granger_causal_network(earnings)
2026-02-18 20:42:52,087 - root - ERROR - ^
2026-02-18 20:42:52,088 - root - ERROR - ^
2026-02-18 20:42:52,088 - root - ERROR - ^
2026-02-18 20:42:52,089 - root - ERROR - ^
2026-02-18 20:42:52,089 - root - ERROR - ^
2026-02-18 20:42:52,089 - root - ERROR - ^
2026-02-18 20:42:52,089 - root - ERROR - ^
2026-02-18 20:42:52,090 - root - ERROR - ^
2026-02-18 20:42:52,090 - root - ERROR - ^
2026-02-18 20:42:52,090 - root - ERROR - ^
2026-02-18 20:42:52,090 - root - ERROR - ^
2026-02-18 20:42:52,090 - root - ERROR - ^
2026-02-18 20:42:52,090 - root - ERROR - ^
2026-02-18 20:42:52,091 - root - ERROR - ^
2026-02-18 20:42:52,091 - root - ERROR - ^
2026-02-18 20:42:52,091 - root - ERROR - ^
2026-02-18 20:42:52,091 - root - ERROR - ^
2026-02-18 20:42:52,091 - root - ERROR - ^
2026-02-18 20:42:52,092 - root - ERROR - ^
2026-02-18 20:42:52,092 - root - ERROR - ^
2026-02-18 20:42:52,092 - root - ERROR - ^
2026-02-18 20:42:52,093 - root - ERROR - ^
2026-02-18 20:42:52,093 - root - ERROR - ^
2026-02-18 20:42:52,093 - root - ERROR - ^
2026-02-18 20:42:52,093 - root - ERROR - ^
2026-02-18 20:42:52,093 - root - ERROR - ^
2026-02-18 20:42:52,093 - root - ERROR - ^
2026-02-18 20:42:52,094 - root - ERROR - ^
2026-02-18 20:42:52,094 - root - ERROR - ^
2026-02-18 20:42:52,094 - root - ERROR - ^
2026-02-18 20:42:52,094 - root - ERROR - ^
2026-02-18 20:42:52,094 - root - ERROR - ^
2026-02-18 20:42:52,094 - root - ERROR - ^
2026-02-18 20:42:52,095 - root - ERROR - ^
2026-02-18 20:42:52,095 - root - ERROR - ^
2026-02-18 20:42:52,095 - root - ERROR - ^
2026-02-18 20:42:52,096 - root - ERROR - ^
2026-02-18 20:42:52,096 - root - ERROR - ^
2026-02-18 20:42:52,096 - root - ERROR - ^
2026-02-18 20:42:52,096 - root - ERROR - ^
2026-02-18 20:42:52,096 - root - ERROR - ^
2026-02-18 20:42:52,096 - root - ERROR - ^
2026-02-18 20:42:52,096 - root - ERROR -   File "D:\HuaweiMoveData\Users\86180\Desktop\new\Construction.py", line 32, in build_granger_causal_network
2026-02-18 20:42:52,097 - root - ERROR - results = model.select_order(maxlags=max_lag)
2026-02-18 20:42:52,097 - root - ERROR - ^
2026-02-18 20:42:52,097 - root - ERROR - ^
2026-02-18 20:42:52,097 - root - ERROR - ^
2026-02-18 20:42:52,098 - root - ERROR - ^
2026-02-18 20:42:52,098 - root - ERROR - ^
2026-02-18 20:42:52,098 - root - ERROR - ^
2026-02-18 20:42:52,098 - root - ERROR - ^
2026-02-18 20:42:52,098 - root - ERROR - ^
2026-02-18 20:42:52,098 - root - ERROR - ^
2026-02-18 20:42:52,098 - root - ERROR - ^
2026-02-18 20:42:52,098 - root - ERROR - ^
2026-02-18 20:42:52,099 - root - ERROR - ^
2026-02-18 20:42:52,099 - root - ERROR - ^
2026-02-18 20:42:52,099 - root - ERROR - ^
2026-02-18 20:42:52,099 - root - ERROR - ^
2026-02-18 20:42:52,099 - root - ERROR - ^
2026-02-18 20:42:52,099 - root - ERROR - ^
2026-02-18 20:42:52,099 - root - ERROR - ^
2026-02-18 20:42:52,100 - root - ERROR - ^
2026-02-18 20:42:52,100 - root - ERROR - ^
2026-02-18 20:42:52,100 - root - ERROR - ^
2026-02-18 20:42:52,100 - root - ERROR - ^
2026-02-18 20:42:52,100 - root - ERROR - ^
2026-02-18 20:42:52,100 - root - ERROR - ^
2026-02-18 20:42:52,100 - root - ERROR - ^
2026-02-18 20:42:52,100 - root - ERROR - ^
2026-02-18 20:42:52,100 - root - ERROR - ^
2026-02-18 20:42:52,101 - root - ERROR - ^
2026-02-18 20:42:52,101 - root - ERROR - ^
2026-02-18 20:42:52,101 - root - ERROR - ^
2026-02-18 20:42:52,101 - root - ERROR - ^
2026-02-18 20:42:52,101 - root - ERROR - ^
2026-02-18 20:42:52,101 - root - ERROR - ^
2026-02-18 20:42:52,101 - root - ERROR - ^
2026-02-18 20:42:52,101 - root - ERROR - ^
2026-02-18 20:42:52,102 - root - ERROR -   File "D:\anaconda\Lib\site-packages\statsmodels\tsa\vector_ar\var_model.py", line 823, in select_order
2026-02-18 20:42:52,102 - root - ERROR - for k, v in result.info_criteria.items():
2026-02-18 20:42:52,102 - root - ERROR - ^
2026-02-18 20:42:52,102 - root - ERROR - ^
2026-02-18 20:42:52,103 - root - ERROR - ^
2026-02-18 20:42:52,103 - root - ERROR - ^
2026-02-18 20:42:52,103 - root - ERROR - ^
2026-02-18 20:42:52,103 - root - ERROR - ^
2026-02-18 20:42:52,103 - root - ERROR - ^
2026-02-18 20:42:52,104 - root - ERROR - ^
2026-02-18 20:42:52,104 - root - ERROR - ^
2026-02-18 20:42:52,104 - root - ERROR - ^
2026-02-18 20:42:52,104 - root - ERROR - ^
2026-02-18 20:42:52,104 - root - ERROR - ^
2026-02-18 20:42:52,104 - root - ERROR - ^
2026-02-18 20:42:52,105 - root - ERROR - ^
2026-02-18 20:42:52,105 - root - ERROR - ^
2026-02-18 20:42:52,105 - root - ERROR - ^
2026-02-18 20:42:52,105 - root - ERROR - ^
2026-02-18 20:42:52,105 - root - ERROR - ^
2026-02-18 20:42:52,106 - root - ERROR - ^
2026-02-18 20:42:52,106 - root - ERROR - ^
2026-02-18 20:42:52,106 - root - ERROR -   File "D:\anaconda\Lib\site-packages\statsmodels\base\wrapper.py", line 34, in __getattribute__
2026-02-18 20:42:52,106 - root - ERROR - obj = getattr(results, attr)
2026-02-18 20:42:52,107 - root - ERROR - ^
2026-02-18 20:42:52,107 - root - ERROR - ^
2026-02-18 20:42:52,107 - root - ERROR - ^
2026-02-18 20:42:52,107 - root - ERROR - ^
2026-02-18 20:42:52,107 - root - ERROR - ^
2026-02-18 20:42:52,108 - root - ERROR - ^
2026-02-18 20:42:52,108 - root - ERROR - ^
2026-02-18 20:42:52,108 - root - ERROR - ^
2026-02-18 20:42:52,108 - root - ERROR - ^
2026-02-18 20:42:52,109 - root - ERROR - ^
2026-02-18 20:42:52,109 - root - ERROR - ^
2026-02-18 20:42:52,109 - root - ERROR - ^
2026-02-18 20:42:52,109 - root - ERROR - ^
2026-02-18 20:42:52,109 - root - ERROR - ^
2026-02-18 20:42:52,109 - root - ERROR - ^
2026-02-18 20:42:52,109 - root - ERROR - ^
2026-02-18 20:42:52,110 - root - ERROR - ^
2026-02-18 20:42:52,110 - root - ERROR - ^
2026-02-18 20:42:52,110 - root - ERROR - ^
2026-02-18 20:42:52,110 - root - ERROR - ^
2026-02-18 20:42:52,111 - root - ERROR - ^
2026-02-18 20:42:52,111 - root - ERROR - ^
2026-02-18 20:42:52,111 - root - ERROR -   File "properties.pyx", line 36, in pandas._libs.properties.CachedProperty.__get__
2026-02-18 20:42:52,112 - root - ERROR -   File "D:\anaconda\Lib\site-packages\statsmodels\tsa\vector_ar\var_model.py", line 2289, in info_criteria
2026-02-18 20:42:52,112 - root - ERROR - ld = logdet_symm(self.sigma_u_mle)
2026-02-18 20:42:52,113 - root - ERROR - ^
2026-02-18 20:42:52,113 - root - ERROR - ^
2026-02-18 20:42:52,113 - root - ERROR - ^
2026-02-18 20:42:52,113 - root - ERROR - ^
2026-02-18 20:42:52,113 - root - ERROR - ^
2026-02-18 20:42:52,113 - root - ERROR - ^
2026-02-18 20:42:52,114 - root - ERROR - ^
2026-02-18 20:42:52,114 - root - ERROR - ^
2026-02-18 20:42:52,114 - root - ERROR - ^
2026-02-18 20:42:52,114 - root - ERROR - ^
2026-02-18 20:42:52,114 - root - ERROR - ^
2026-02-18 20:42:52,114 - root - ERROR - ^
2026-02-18 20:42:52,114 - root - ERROR - ^
2026-02-18 20:42:52,115 - root - ERROR - ^
2026-02-18 20:42:52,115 - root - ERROR - ^
2026-02-18 20:42:52,115 - root - ERROR - ^
2026-02-18 20:42:52,115 - root - ERROR - ^
2026-02-18 20:42:52,115 - root - ERROR - ^
2026-02-18 20:42:52,116 - root - ERROR - ^
2026-02-18 20:42:52,116 - root - ERROR - ^
2026-02-18 20:42:52,116 - root - ERROR - ^
2026-02-18 20:42:52,116 - root - ERROR - ^
2026-02-18 20:42:52,116 - root - ERROR - ^
2026-02-18 20:42:52,116 - root - ERROR - ^
2026-02-18 20:42:52,117 - root - ERROR - ^
2026-02-18 20:42:52,117 - root - ERROR - ^
2026-02-18 20:42:52,117 - root - ERROR - ^
2026-02-18 20:42:52,117 - root - ERROR - ^
2026-02-18 20:42:52,117 - root - ERROR - ^
2026-02-18 20:42:52,117 - root - ERROR -   File "D:\anaconda\Lib\site-packages\statsmodels\tools\linalg.py", line 28, in logdet_symm
2026-02-18 20:42:52,118 - root - ERROR - c, _ = linalg.cho_factor(m, lower=True)
2026-02-18 20:42:52,118 - root - ERROR - ^
2026-02-18 20:42:52,118 - root - ERROR - ^
2026-02-18 20:42:52,118 - root - ERROR - ^
2026-02-18 20:42:52,118 - root - ERROR - ^
2026-02-18 20:42:52,118 - root - ERROR - ^
2026-02-18 20:42:52,119 - root - ERROR - ^
2026-02-18 20:42:52,119 - root - ERROR - ^
2026-02-18 20:42:52,119 - root - ERROR - ^
2026-02-18 20:42:52,119 - root - ERROR - ^
2026-02-18 20:42:52,119 - root - ERROR - ^
2026-02-18 20:42:52,119 - root - ERROR - ^
2026-02-18 20:42:52,120 - root - ERROR - ^
2026-02-18 20:42:52,120 - root - ERROR - ^
2026-02-18 20:42:52,120 - root - ERROR - ^
2026-02-18 20:42:52,120 - root - ERROR - ^
2026-02-18 20:42:52,121 - root - ERROR - ^
2026-02-18 20:42:52,121 - root - ERROR - ^
2026-02-18 20:42:52,121 - root - ERROR - ^
2026-02-18 20:42:52,121 - root - ERROR - ^
2026-02-18 20:42:52,121 - root - ERROR - ^
2026-02-18 20:42:52,122 - root - ERROR - ^
2026-02-18 20:42:52,122 - root - ERROR - ^
2026-02-18 20:42:52,122 - root - ERROR - ^
2026-02-18 20:42:52,122 - root - ERROR - ^
2026-02-18 20:42:52,122 - root - ERROR - ^
2026-02-18 20:42:52,122 - root - ERROR - ^
2026-02-18 20:42:52,123 - root - ERROR - ^
2026-02-18 20:42:52,123 - root - ERROR - ^
2026-02-18 20:42:52,123 - root - ERROR - ^
2026-02-18 20:42:52,123 - root - ERROR - ^
2026-02-18 20:42:52,124 - root - ERROR - ^
2026-02-18 20:42:52,124 - root - ERROR - ^
2026-02-18 20:42:52,124 - root - ERROR -   File "D:\anaconda\Lib\site-packages\scipy\linalg\_decomp_cholesky.py", line 153, in cho_factor
2026-02-18 20:42:52,125 - root - ERROR - c, lower = _cholesky(a, lower=lower, overwrite_a=overwrite_a, clean=False,
2026-02-18 20:42:52,125 - root - ERROR - ^
2026-02-18 20:42:52,126 - root - ERROR - ^
2026-02-18 20:42:52,126 - root - ERROR - ^
2026-02-18 20:42:52,126 - root - ERROR - ^
2026-02-18 20:42:52,126 - root - ERROR - ^
2026-02-18 20:42:52,127 - root - ERROR - ^
2026-02-18 20:42:52,127 - root - ERROR - ^
2026-02-18 20:42:52,127 - root - ERROR - ^
2026-02-18 20:42:52,127 - root - ERROR - ^
2026-02-18 20:42:52,127 - root - ERROR - ^
2026-02-18 20:42:52,128 - root - ERROR - ^
2026-02-18 20:42:52,128 - root - ERROR - ^
2026-02-18 20:42:52,128 - root - ERROR - ^
2026-02-18 20:42:52,128 - root - ERROR - ^
2026-02-18 20:42:52,128 - root - ERROR - ^
2026-02-18 20:42:52,129 - root - ERROR - ^
2026-02-18 20:42:52,129 - root - ERROR - ^
2026-02-18 20:42:52,129 - root - ERROR - ^
2026-02-18 20:42:52,129 - root - ERROR - ^
2026-02-18 20:42:52,130 - root - ERROR - ^
2026-02-18 20:42:52,130 - root - ERROR - ^
2026-02-18 20:42:52,130 - root - ERROR - ^
2026-02-18 20:42:52,130 - root - ERROR - ^
2026-02-18 20:42:52,130 - root - ERROR - ^
2026-02-18 20:42:52,130 - root - ERROR - ^
2026-02-18 20:42:52,131 - root - ERROR - ^
2026-02-18 20:42:52,131 - root - ERROR - ^
2026-02-18 20:42:52,131 - root - ERROR - ^
2026-02-18 20:42:52,131 - root - ERROR - ^
2026-02-18 20:42:52,131 - root - ERROR - ^
2026-02-18 20:42:52,132 - root - ERROR - ^
2026-02-18 20:42:52,132 - root - ERROR - ^
2026-02-18 20:42:52,132 - root - ERROR - ^
2026-02-18 20:42:52,132 - root - ERROR - ^
2026-02-18 20:42:52,133 - root - ERROR - ^
2026-02-18 20:42:52,133 - root - ERROR - ^
2026-02-18 20:42:52,133 - root - ERROR - ^
2026-02-18 20:42:52,133 - root - ERROR - ^
2026-02-18 20:42:52,133 - root - ERROR - ^
2026-02-18 20:42:52,134 - root - ERROR - ^
2026-02-18 20:42:52,134 - root - ERROR - ^
2026-02-18 20:42:52,134 - root - ERROR - ^
2026-02-18 20:42:52,134 - root - ERROR - ^
2026-02-18 20:42:52,134 - root - ERROR - ^
2026-02-18 20:42:52,134 - root - ERROR - ^
2026-02-18 20:42:52,135 - root - ERROR - ^
2026-02-18 20:42:52,135 - root - ERROR - ^
2026-02-18 20:42:52,135 - root - ERROR - ^
2026-02-18 20:42:52,135 - root - ERROR - ^
2026-02-18 20:42:52,135 - root - ERROR - ^
2026-02-18 20:42:52,137 - root - ERROR - ^
2026-02-18 20:42:52,137 - root - ERROR - ^
2026-02-18 20:42:52,137 - root - ERROR - ^
2026-02-18 20:42:52,137 - root - ERROR - ^
2026-02-18 20:42:52,137 - root - ERROR - ^
2026-02-18 20:42:52,137 - root - ERROR - ^
2026-02-18 20:42:52,137 - root - ERROR - ^
2026-02-18 20:42:52,137 - root - ERROR - ^
2026-02-18 20:42:52,137 - root - ERROR - ^
2026-02-18 20:42:52,138 - root - ERROR - ^
2026-02-18 20:42:52,138 - root - ERROR - ^
2026-02-18 20:42:52,138 - root - ERROR - ^
2026-02-18 20:42:52,138 - root - ERROR - ^
2026-02-18 20:42:52,138 - root - ERROR -   File "D:\anaconda\Lib\site-packages\scipy\linalg\_decomp_cholesky.py", line 36, in _cholesky
2026-02-18 20:42:52,139 - root - ERROR - raise LinAlgError("%d-th leading minor of the array is not positive "
2026-02-18 20:42:52,139 - root - ERROR - numpy.linalg
2026-02-18 20:42:52,139 - root - ERROR - .
2026-02-18 20:42:52,139 - root - ERROR - LinAlgError
2026-02-18 20:42:52,139 - root - ERROR - :
2026-02-18 20:42:52,139 - root - ERROR - 3-th leading minor of the array is not positive definite
