2026-03-01 19:17:52,219 - root - INFO - 合并后的价格数据预览：
2026-03-01 19:17:52,224 - root - INFO - Empty DataFrame
2026-03-01 19:17:52,224 - root - INFO - Columns: [宁德时代, market_data_1_上证综指, market_data_2_深证成指, market_data_3_创业板指, related_stock_1_中兴通讯, related_stock_2_中国长城, related_stock_3_云南白药, related_stock_4_长安汽车, related_stock_5_格力电器, related_stock_6_京东方A, related_stock_7_盐湖股份, related_stock_8_五粮液, related_stock_9_神火股份, related_stock_10_中科三环, related_stock_11_浪潮信息, related_stock_12_凯恩股份, related_stock_13_紫光国微, related_stock_14_三花智控, related_stock_15_国轩高科, related_stock_16_中材科技, related_stock_17_湘潭电化, related_stock_18_通富微电, related_stock_19_方正电机, related_stock_20_金风科技, related_stock_21_奥特迅, related_stock_22_科大讯飞, related_stock_23_盛新锂能, related_stock_24_歌尔股份, related_stock_25_大洋电机, related_stock_26_卫士通, related_stock_27_光迅科技, related_stock_28_永太科技, related_stock_29_格林美, related_stock_30_新纶新材, related_stock_31_多氟多, related_stock_32_晶澳科技, related_stock_33_赣锋锂业, related_stock_34_海格通信, related_stock_35_天齐锂业, related_stock_36_立讯精密, related_stock_37_新筑股份, related_stock_38_瑞泰科技, related_stock_39_雅化集团, related_stock_40_科士达, related_stock_41_普天科技, related_stock_42_比亚迪, related_stock_43_天赐材料, related_stock_44_永兴材料, related_stock_45_恩捷股份, related_stock_46_视源股份, related_stock_47_川恒股份, related_stock_48_深南电路, related_stock_49_德赛西威, related_stock_50_特锐德, related_stock_51_亿纬锂能, related_stock_52_新宙邦, related_stock_53_南都电源, related_stock_54_当升科技, related_stock_55_东方日升, related_stock_56_汇川技术, related_stock_57_和顺电气, related_stock_58_阳光电源, related_stock_59_永贵电器, related_stock_60_天华新能, related_stock_61_正业科技, related_stock_62_富临精工, related_stock_63_鹏辉能源, related_stock_64_先导智能, related_stock_65_蓝海华腾, related_stock_66_通合科技, related_stock_67_星源材质, related_stock_68_金银河, related_stock_69_盛弘股份, related_stock_70_英可瑞, related_stock_71_欣锐科技, related_stock_72_迈为股份, related_stock_73_罗博特科, related_stock_74_上海瀚讯, related_stock_75_德方纳米, related_stock_76_翔丰华, related_stock_77_中伟股份, related_stock_78_湖南裕能, related_stock_79_浦发银行, related_stock_80_中信证券, related_stock_81_招商银行, related_stock_82_中直股份, related_stock_83_特变电工, related_stock_84_云天化, related_stock_85_上汽集团, related_stock_86_诺德股份, related_stock_87_北方稀土, related_stock_88_中国卫星, related_stock_89_生益科技, related_stock_90_南山铝业, related_stock_91_恒瑞医药, related_stock_92_亿利洁能, related_stock_93_恒顺醋业, related_stock_94_平高电气, related_stock_95_西藏珠峰, related_stock_96_江西铜业, ...]
2026-03-01 19:17:52,227 - root - INFO - Index: []
2026-03-01 19:17:52,263 - root - ERROR - D:\anaconda\Lib\site-packages\statsmodels\tsa\stattools.py:1545: FutureWarning: verbose is deprecated since functions should not print results
2026-03-01 19:17:52,264 - root - ERROR -   warnings.warn(
2026-03-01 19:17:52,264 - root - ERROR - Traceback (most recent call last):
2026-03-01 19:17:52,265 - root - ERROR -   File "D:\HuaweiMoveData\Users\86180\Desktop\new\main.py", line 58, in <module>
2026-03-01 19:17:52,265 - root - ERROR - causal_indices, causal_vector, adj_matrix = con.build_granger_causal_network(earnings)
2026-03-01 19:17:52,266 - root - ERROR - ^
2026-03-01 19:17:52,266 - root - ERROR - ^
2026-03-01 19:17:52,267 - root - ERROR - ^
2026-03-01 19:17:52,267 - root - ERROR - ^
2026-03-01 19:17:52,267 - root - ERROR - ^
2026-03-01 19:17:52,267 - root - ERROR - ^
2026-03-01 19:17:52,268 - root - ERROR - ^
2026-03-01 19:17:52,268 - root - ERROR - ^
2026-03-01 19:17:52,268 - root - ERROR - ^
2026-03-01 19:17:52,268 - root - ERROR - ^
2026-03-01 19:17:52,269 - root - ERROR - ^
2026-03-01 19:17:52,269 - root - ERROR - ^
2026-03-01 19:17:52,269 - root - ERROR - ^
2026-03-01 19:17:52,269 - root - ERROR - ^
2026-03-01 19:17:52,269 - root - ERROR - ^
2026-03-01 19:17:52,270 - root - ERROR - ^
2026-03-01 19:17:52,270 - root - ERROR - ^
2026-03-01 19:17:52,270 - root - ERROR - ^
2026-03-01 19:17:52,270 - root - ERROR - ^
2026-03-01 19:17:52,271 - root - ERROR - ^
2026-03-01 19:17:52,271 - root - ERROR - ^
2026-03-01 19:17:52,272 - root - ERROR - ^
2026-03-01 19:17:52,273 - root - ERROR - ^
2026-03-01 19:17:52,273 - root - ERROR - ^
2026-03-01 19:17:52,273 - root - ERROR - ^
2026-03-01 19:17:52,274 - root - ERROR - ^
2026-03-01 19:17:52,274 - root - ERROR - ^
2026-03-01 19:17:52,274 - root - ERROR - ^
2026-03-01 19:17:52,275 - root - ERROR - ^
2026-03-01 19:17:52,276 - root - ERROR - ^
2026-03-01 19:17:52,277 - root - ERROR - ^
2026-03-01 19:17:52,277 - root - ERROR - ^
2026-03-01 19:17:52,277 - root - ERROR - ^
2026-03-01 19:17:52,278 - root - ERROR - ^
2026-03-01 19:17:52,278 - root - ERROR - ^
2026-03-01 19:17:52,278 - root - ERROR - ^
2026-03-01 19:17:52,278 - root - ERROR - ^
2026-03-01 19:17:52,279 - root - ERROR - ^
2026-03-01 19:17:52,279 - root - ERROR - ^
2026-03-01 19:17:52,279 - root - ERROR - ^
2026-03-01 19:17:52,280 - root - ERROR - ^
2026-03-01 19:17:52,280 - root - ERROR - ^
2026-03-01 19:17:52,280 - root - ERROR -   File "D:\HuaweiMoveData\Users\86180\Desktop\new\Construction.py", line 32, in build_granger_causal_network
2026-03-01 19:17:52,281 - root - ERROR - granger_test_result = grangercausalitytests(test_data, maxlag=max_lags, verbose=False)
2026-03-01 19:17:52,282 - root - ERROR - ^
2026-03-01 19:17:52,282 - root - ERROR - ^
2026-03-01 19:17:52,282 - root - ERROR - ^
2026-03-01 19:17:52,283 - root - ERROR - ^
2026-03-01 19:17:52,283 - root - ERROR - ^
2026-03-01 19:17:52,283 - root - ERROR - ^
2026-03-01 19:17:52,283 - root - ERROR - ^
2026-03-01 19:17:52,284 - root - ERROR - ^
2026-03-01 19:17:52,284 - root - ERROR - ^
2026-03-01 19:17:52,284 - root - ERROR - ^
2026-03-01 19:17:52,284 - root - ERROR - ^
2026-03-01 19:17:52,284 - root - ERROR - ^
2026-03-01 19:17:52,285 - root - ERROR - ^
2026-03-01 19:17:52,285 - root - ERROR - ^
2026-03-01 19:17:52,285 - root - ERROR - ^
2026-03-01 19:17:52,285 - root - ERROR - ^
2026-03-01 19:17:52,285 - root - ERROR - ^
2026-03-01 19:17:52,285 - root - ERROR - ^
2026-03-01 19:17:52,286 - root - ERROR - ^
2026-03-01 19:17:52,286 - root - ERROR - ^
2026-03-01 19:17:52,286 - root - ERROR - ^
2026-03-01 19:17:52,286 - root - ERROR - ^
2026-03-01 19:17:52,287 - root - ERROR - ^
2026-03-01 19:17:52,287 - root - ERROR - ^
2026-03-01 19:17:52,287 - root - ERROR - ^
2026-03-01 19:17:52,287 - root - ERROR - ^
2026-03-01 19:17:52,288 - root - ERROR - ^
2026-03-01 19:17:52,288 - root - ERROR - ^
2026-03-01 19:17:52,288 - root - ERROR - ^
2026-03-01 19:17:52,288 - root - ERROR - ^
2026-03-01 19:17:52,289 - root - ERROR - ^
2026-03-01 19:17:52,289 - root - ERROR - ^
2026-03-01 19:17:52,289 - root - ERROR - ^
2026-03-01 19:17:52,290 - root - ERROR - ^
2026-03-01 19:17:52,290 - root - ERROR - ^
2026-03-01 19:17:52,290 - root - ERROR - ^
2026-03-01 19:17:52,291 - root - ERROR - ^
2026-03-01 19:17:52,291 - root - ERROR - ^
2026-03-01 19:17:52,291 - root - ERROR - ^
2026-03-01 19:17:52,291 - root - ERROR - ^
2026-03-01 19:17:52,291 - root - ERROR - ^
2026-03-01 19:17:52,292 - root - ERROR - ^
2026-03-01 19:17:52,292 - root - ERROR - ^
2026-03-01 19:17:52,292 - root - ERROR - ^
2026-03-01 19:17:52,292 - root - ERROR - ^
2026-03-01 19:17:52,292 - root - ERROR - ^
2026-03-01 19:17:52,293 - root - ERROR - ^
2026-03-01 19:17:52,293 - root - ERROR - ^
2026-03-01 19:17:52,293 - root - ERROR - ^
2026-03-01 19:17:52,293 - root - ERROR - ^
2026-03-01 19:17:52,293 - root - ERROR - ^
2026-03-01 19:17:52,294 - root - ERROR - ^
2026-03-01 19:17:52,294 - root - ERROR - ^
2026-03-01 19:17:52,294 - root - ERROR - ^
2026-03-01 19:17:52,294 - root - ERROR - ^
2026-03-01 19:17:52,295 - root - ERROR - ^
2026-03-01 19:17:52,295 - root - ERROR - ^
2026-03-01 19:17:52,295 - root - ERROR - ^
2026-03-01 19:17:52,295 - root - ERROR - ^
2026-03-01 19:17:52,295 - root - ERROR - ^
2026-03-01 19:17:52,295 - root - ERROR - ^
2026-03-01 19:17:52,296 - root - ERROR - ^
2026-03-01 19:17:52,296 - root - ERROR - ^
2026-03-01 19:17:52,296 - root - ERROR - ^
2026-03-01 19:17:52,297 - root - ERROR -   File "D:\anaconda\Lib\site-packages\statsmodels\tsa\stattools.py", line 1567, in grangercausalitytests
2026-03-01 19:17:52,298 - root - ERROR - raise ValueError(
2026-03-01 19:17:52,298 - root - ERROR - ValueError
2026-03-01 19:17:52,299 - root - ERROR - :
2026-03-01 19:17:52,299 - root - ERROR - Insufficient observations. Maximum allowable lag is -1
