2026-02-19 19:55:50,109 - root - INFO - 合并后的价格数据预览：
2026-02-19 19:55:50,113 - root - INFO -               宁德时代  market_data_1_上证综指  market_data_2_深证成指  upstream_1_湖南裕能  \
2026-02-19 19:55:50,114 - root - INFO - 日期
2026-02-19 19:55:50,114 - root - INFO - 2024-01-02  286.07             1345.53             9401.35            33.31
2026-02-19 19:55:50,114 - root - INFO - 2024-01-03  284.22             1344.28             9330.86            32.89
2026-02-19 19:55:50,115 - root - INFO - 2024-01-04  275.94             1333.03             9215.25            32.45
2026-02-19 19:55:50,115 - root - INFO - 2024-01-05  275.40             1353.03             9116.44            32.60
2026-02-19 19:55:50,115 - root - INFO - 2024-01-08  273.78             1338.03             8947.72            32.05
2026-02-19 19:55:50,115 - root - INFO - ...            ...                 ...                 ...              ...
2026-02-19 19:55:50,116 - root - INFO - 2025-12-25  696.42             1834.74            13531.41            67.57
2026-02-19 19:55:50,116 - root - INFO - 2025-12-26  698.97             1832.24            13603.89            71.89
2026-02-19 19:55:50,116 - root - INFO - 2025-12-29  689.76             1834.74            13537.10            68.05
2026-02-19 19:55:50,116 - root - INFO - 2025-12-30  689.56             1824.74            13604.07            67.58
2026-02-19 19:55:50,116 - root - INFO - 2025-12-31  686.07             1815.99            13525.02            65.63
2026-02-19 19:55:50,116 - root - INFO - 
2026-02-19 19:55:50,117 - root - INFO -             upstream_2_盛新锂能  downstream_1_比亚迪  downstream_2_长城汽车  \
2026-02-19 19:55:50,117 - root - INFO - 日期
2026-02-19 19:55:50,117 - root - INFO - 2024-01-02            37.03            195.00              83.29
2026-02-19 19:55:50,117 - root - INFO - 2024-01-03            37.32            195.57              81.79
2026-02-19 19:55:50,117 - root - INFO - 2024-01-04            36.48            195.42              80.86
2026-02-19 19:55:50,117 - root - INFO - 2024-01-05            36.15            195.08              80.26
2026-02-19 19:55:50,118 - root - INFO - 2024-01-08            36.21            191.80              78.34
2026-02-19 19:55:50,118 - root - INFO - ...                     ...               ...                ...
2026-02-19 19:55:50,118 - root - INFO - 2025-12-25            56.56            293.99              78.10
2026-02-19 19:55:50,118 - root - INFO - 2025-12-26            58.02            309.50              79.93
2026-02-19 19:55:50,118 - root - INFO - 2025-12-29            54.53            310.10              79.42
2026-02-19 19:55:50,119 - root - INFO - 2025-12-30            55.12            308.72              79.09
2026-02-19 19:55:50,119 - root - INFO - 2025-12-31            56.77            302.63              79.48
2026-02-19 19:55:50,119 - root - INFO - 
2026-02-19 19:55:50,119 - root - INFO -             downstream_3_长安汽车  downstream_4_上汽集团        LC
2026-02-19 19:55:50,119 - root - INFO - 日期
2026-02-19 19:55:50,119 - root - INFO - 2024-01-02             144.59             111.18  108350.0
2026-02-19 19:55:50,120 - root - INFO - 2024-01-03             141.02             111.52  106600.0
2026-02-19 19:55:50,120 - root - INFO - 2024-01-04             137.06             111.18  100450.0
2026-02-19 19:55:50,120 - root - INFO - 2024-01-05             133.89             110.84   98650.0
2026-02-19 19:55:50,120 - root - INFO - 2024-01-08             133.10             109.90   97200.0
2026-02-19 19:55:50,120 - root - INFO - ...                       ...                ...       ...
2026-02-19 19:55:50,120 - root - INFO - 2025-12-25             115.64             121.71  123520.0
2026-02-19 19:55:50,121 - root - INFO - 2025-12-26             116.36             121.93  130520.0
2026-02-19 19:55:50,121 - root - INFO - 2025-12-29             115.64             121.41  118820.0
2026-02-19 19:55:50,121 - root - INFO - 2025-12-30             115.64             121.33  121580.0
2026-02-19 19:55:50,121 - root - INFO - 2025-12-31             115.33             120.78  121580.0
2026-02-19 19:55:50,121 - root - INFO - 
2026-02-19 19:55:50,121 - root - INFO - [485 rows x 10 columns]
2026-02-19 19:55:50,123 - root - ERROR - D:\anaconda\Lib\site-packages\statsmodels\tsa\stattools.py:1545: FutureWarning: verbose is deprecated since functions should not print results
2026-02-19 19:55:50,124 - root - ERROR -   warnings.warn(
2026-02-19 19:55:50,844 - root - ERROR - Traceback (most recent call last):
2026-02-19 19:55:50,844 - root - ERROR -   File "D:\anaconda\Lib\site-packages\pandas\core\indexes\base.py", line 3805, in get_loc
2026-02-19 19:55:50,844 - root - ERROR - return self._engine.get_loc(casted_key)
2026-02-19 19:55:50,846 - root - ERROR - ^
2026-02-19 19:55:50,846 - root - ERROR - ^
2026-02-19 19:55:50,846 - root - ERROR - ^
2026-02-19 19:55:50,846 - root - ERROR - ^
2026-02-19 19:55:50,846 - root - ERROR - ^
2026-02-19 19:55:50,846 - root - ERROR - ^
2026-02-19 19:55:50,848 - root - ERROR - ^
2026-02-19 19:55:50,848 - root - ERROR - ^
2026-02-19 19:55:50,848 - root - ERROR - ^
2026-02-19 19:55:50,848 - root - ERROR - ^
2026-02-19 19:55:50,848 - root - ERROR - ^
2026-02-19 19:55:50,849 - root - ERROR - ^
2026-02-19 19:55:50,849 - root - ERROR - ^
2026-02-19 19:55:50,849 - root - ERROR - ^
2026-02-19 19:55:50,849 - root - ERROR - ^
2026-02-19 19:55:50,850 - root - ERROR - ^
2026-02-19 19:55:50,850 - root - ERROR - ^
2026-02-19 19:55:50,850 - root - ERROR - ^
2026-02-19 19:55:50,850 - root - ERROR - ^
2026-02-19 19:55:50,850 - root - ERROR - ^
2026-02-19 19:55:50,851 - root - ERROR - ^
2026-02-19 19:55:50,851 - root - ERROR - ^
2026-02-19 19:55:50,851 - root - ERROR - ^
2026-02-19 19:55:50,851 - root - ERROR - ^
2026-02-19 19:55:50,851 - root - ERROR - ^
2026-02-19 19:55:50,851 - root - ERROR - ^
2026-02-19 19:55:50,851 - root - ERROR - ^
2026-02-19 19:55:50,852 - root - ERROR - ^
2026-02-19 19:55:50,852 - root - ERROR - ^
2026-02-19 19:55:50,852 - root - ERROR - ^
2026-02-19 19:55:50,852 - root - ERROR - ^
2026-02-19 19:55:50,852 - root - ERROR - ^
2026-02-19 19:55:50,852 - root - ERROR -   File "index.pyx", line 167, in pandas._libs.index.IndexEngine.get_loc
2026-02-19 19:55:50,853 - root - ERROR -   File "index.pyx", line 196, in pandas._libs.index.IndexEngine.get_loc
2026-02-19 19:55:50,853 - root - ERROR -   File "pandas\\_libs\\hashtable_class_helper.pxi", line 7081, in pandas._libs.hashtable.PyObjectHashTable.get_item
2026-02-19 19:55:50,855 - root - ERROR -   File "pandas\\_libs\\hashtable_class_helper.pxi", line 7089, in pandas._libs.hashtable.PyObjectHashTable.get_item
2026-02-19 19:55:50,855 - root - ERROR - KeyError
2026-02-19 19:55:50,856 - root - ERROR - :
2026-02-19 19:55:50,856 - root - ERROR - 0
2026-02-19 19:55:50,856 - root - ERROR - The above exception was the direct cause of the following exception:
2026-02-19 19:55:50,856 - root - ERROR - Traceback (most recent call last):
2026-02-19 19:55:50,856 - root - ERROR -   File "D:\HuaweiMoveData\Users\86180\Desktop\new\main.py", line 58, in <module>
2026-02-19 19:55:50,857 - root - ERROR - causal_indices, causal_vector, adj_matrix = con.build_granger_causal_network(earnings)
2026-02-19 19:55:50,857 - root - ERROR - ^
2026-02-19 19:55:50,857 - root - ERROR - ^
2026-02-19 19:55:50,857 - root - ERROR - ^
2026-02-19 19:55:50,857 - root - ERROR - ^
2026-02-19 19:55:50,857 - root - ERROR - ^
2026-02-19 19:55:50,857 - root - ERROR - ^
2026-02-19 19:55:50,858 - root - ERROR - ^
2026-02-19 19:55:50,858 - root - ERROR - ^
2026-02-19 19:55:50,858 - root - ERROR - ^
2026-02-19 19:55:50,858 - root - ERROR - ^
2026-02-19 19:55:50,858 - root - ERROR - ^
2026-02-19 19:55:50,858 - root - ERROR - ^
2026-02-19 19:55:50,858 - root - ERROR - ^
2026-02-19 19:55:50,858 - root - ERROR - ^
2026-02-19 19:55:50,859 - root - ERROR - ^
2026-02-19 19:55:50,859 - root - ERROR - ^
2026-02-19 19:55:50,859 - root - ERROR - ^
2026-02-19 19:55:50,859 - root - ERROR - ^
2026-02-19 19:55:50,859 - root - ERROR - ^
2026-02-19 19:55:50,859 - root - ERROR - ^
2026-02-19 19:55:50,859 - root - ERROR - ^
2026-02-19 19:55:50,861 - root - ERROR - ^
2026-02-19 19:55:50,861 - root - ERROR - ^
2026-02-19 19:55:50,861 - root - ERROR - ^
2026-02-19 19:55:50,861 - root - ERROR - ^
2026-02-19 19:55:50,861 - root - ERROR - ^
2026-02-19 19:55:50,861 - root - ERROR - ^
2026-02-19 19:55:50,861 - root - ERROR - ^
2026-02-19 19:55:50,861 - root - ERROR - ^
2026-02-19 19:55:50,861 - root - ERROR - ^
2026-02-19 19:55:50,861 - root - ERROR - ^
2026-02-19 19:55:50,862 - root - ERROR - ^
2026-02-19 19:55:50,862 - root - ERROR - ^
2026-02-19 19:55:50,862 - root - ERROR - ^
2026-02-19 19:55:50,862 - root - ERROR - ^
2026-02-19 19:55:50,862 - root - ERROR - ^
2026-02-19 19:55:50,862 - root - ERROR - ^
2026-02-19 19:55:50,863 - root - ERROR - ^
2026-02-19 19:55:50,863 - root - ERROR - ^
2026-02-19 19:55:50,863 - root - ERROR - ^
2026-02-19 19:55:50,863 - root - ERROR - ^
2026-02-19 19:55:50,863 - root - ERROR - ^
2026-02-19 19:55:50,863 - root - ERROR -   File "D:\HuaweiMoveData\Users\86180\Desktop\new\Construction.py", line 53, in build_granger_causal_network
2026-02-19 19:55:50,864 - root - ERROR - if adj_matrix.loc[i, j]==True:
2026-02-19 19:55:50,864 - root - ERROR - ~
2026-02-19 19:55:50,864 - root - ERROR - ~
2026-02-19 19:55:50,864 - root - ERROR - ~
2026-02-19 19:55:50,864 - root - ERROR - ~
2026-02-19 19:55:50,864 - root - ERROR - ~
2026-02-19 19:55:50,865 - root - ERROR - ~
2026-02-19 19:55:50,865 - root - ERROR - ~
2026-02-19 19:55:50,865 - root - ERROR - ~
2026-02-19 19:55:50,865 - root - ERROR - ~
2026-02-19 19:55:50,865 - root - ERROR - ~
2026-02-19 19:55:50,865 - root - ERROR - ~
2026-02-19 19:55:50,865 - root - ERROR - ~
2026-02-19 19:55:50,865 - root - ERROR - ~
2026-02-19 19:55:50,866 - root - ERROR - ~
2026-02-19 19:55:50,866 - root - ERROR - ^
2026-02-19 19:55:50,866 - root - ERROR - ^
2026-02-19 19:55:50,866 - root - ERROR - ^
2026-02-19 19:55:50,866 - root - ERROR - ^
2026-02-19 19:55:50,866 - root - ERROR - ^
2026-02-19 19:55:50,866 - root - ERROR - ^
2026-02-19 19:55:50,867 - root - ERROR -   File "D:\anaconda\Lib\site-packages\pandas\core\indexing.py", line 1183, in __getitem__
2026-02-19 19:55:50,867 - root - ERROR - return self.obj._get_value(*key, takeable=self._takeable)
2026-02-19 19:55:50,867 - root - ERROR - ^
2026-02-19 19:55:50,868 - root - ERROR - ^
2026-02-19 19:55:50,868 - root - ERROR - ^
2026-02-19 19:55:50,868 - root - ERROR - ^
2026-02-19 19:55:50,868 - root - ERROR - ^
2026-02-19 19:55:50,868 - root - ERROR - ^
2026-02-19 19:55:50,868 - root - ERROR - ^
2026-02-19 19:55:50,868 - root - ERROR - ^
2026-02-19 19:55:50,868 - root - ERROR - ^
2026-02-19 19:55:50,869 - root - ERROR - ^
2026-02-19 19:55:50,869 - root - ERROR - ^
2026-02-19 19:55:50,869 - root - ERROR - ^
2026-02-19 19:55:50,869 - root - ERROR - ^
2026-02-19 19:55:50,869 - root - ERROR - ^
2026-02-19 19:55:50,869 - root - ERROR - ^
2026-02-19 19:55:50,869 - root - ERROR - ^
2026-02-19 19:55:50,870 - root - ERROR - ^
2026-02-19 19:55:50,870 - root - ERROR - ^
2026-02-19 19:55:50,870 - root - ERROR - ^
2026-02-19 19:55:50,870 - root - ERROR - ^
2026-02-19 19:55:50,870 - root - ERROR - ^
2026-02-19 19:55:50,870 - root - ERROR - ^
2026-02-19 19:55:50,870 - root - ERROR - ^
2026-02-19 19:55:50,870 - root - ERROR - ^
2026-02-19 19:55:50,870 - root - ERROR - ^
2026-02-19 19:55:50,871 - root - ERROR - ^
2026-02-19 19:55:50,871 - root - ERROR - ^
2026-02-19 19:55:50,871 - root - ERROR - ^
2026-02-19 19:55:50,871 - root - ERROR - ^
2026-02-19 19:55:50,871 - root - ERROR - ^
2026-02-19 19:55:50,871 - root - ERROR - ^
2026-02-19 19:55:50,871 - root - ERROR - ^
2026-02-19 19:55:50,872 - root - ERROR - ^
2026-02-19 19:55:50,872 - root - ERROR - ^
2026-02-19 19:55:50,872 - root - ERROR - ^
2026-02-19 19:55:50,872 - root - ERROR - ^
2026-02-19 19:55:50,872 - root - ERROR - ^
2026-02-19 19:55:50,872 - root - ERROR - ^
2026-02-19 19:55:50,872 - root - ERROR - ^
2026-02-19 19:55:50,872 - root - ERROR - ^
2026-02-19 19:55:50,872 - root - ERROR - ^
2026-02-19 19:55:50,873 - root - ERROR - ^
2026-02-19 19:55:50,873 - root - ERROR - ^
2026-02-19 19:55:50,873 - root - ERROR - ^
2026-02-19 19:55:50,873 - root - ERROR - ^
2026-02-19 19:55:50,873 - root - ERROR - ^
2026-02-19 19:55:50,873 - root - ERROR - ^
2026-02-19 19:55:50,873 - root - ERROR - ^
2026-02-19 19:55:50,874 - root - ERROR - ^
2026-02-19 19:55:50,874 - root - ERROR - ^
2026-02-19 19:55:50,874 - root - ERROR -   File "D:\anaconda\Lib\site-packages\pandas\core\frame.py", line 4214, in _get_value
2026-02-19 19:55:50,874 - root - ERROR - series = self._get_item_cache(col)
2026-02-19 19:55:50,874 - root - ERROR - ^
2026-02-19 19:55:50,874 - root - ERROR - ^
2026-02-19 19:55:50,876 - root - ERROR - ^
2026-02-19 19:55:50,876 - root - ERROR - ^
2026-02-19 19:55:50,876 - root - ERROR - ^
2026-02-19 19:55:50,876 - root - ERROR - ^
2026-02-19 19:55:50,876 - root - ERROR - ^
2026-02-19 19:55:50,876 - root - ERROR - ^
2026-02-19 19:55:50,876 - root - ERROR - ^
2026-02-19 19:55:50,876 - root - ERROR - ^
2026-02-19 19:55:50,877 - root - ERROR - ^
2026-02-19 19:55:50,877 - root - ERROR - ^
2026-02-19 19:55:50,877 - root - ERROR - ^
2026-02-19 19:55:50,877 - root - ERROR - ^
2026-02-19 19:55:50,877 - root - ERROR - ^
2026-02-19 19:55:50,877 - root - ERROR - ^
2026-02-19 19:55:50,877 - root - ERROR - ^
2026-02-19 19:55:50,877 - root - ERROR - ^
2026-02-19 19:55:50,877 - root - ERROR - ^
2026-02-19 19:55:50,877 - root - ERROR - ^
2026-02-19 19:55:50,877 - root - ERROR - ^
2026-02-19 19:55:50,877 - root - ERROR - ^
2026-02-19 19:55:50,878 - root - ERROR - ^
2026-02-19 19:55:50,878 - root - ERROR - ^
2026-02-19 19:55:50,878 - root - ERROR - ^
2026-02-19 19:55:50,878 - root - ERROR -   File "D:\anaconda\Lib\site-packages\pandas\core\frame.py", line 4638, in _get_item_cache
2026-02-19 19:55:50,879 - root - ERROR - loc = self.columns.get_loc(item)
2026-02-19 19:55:50,879 - root - ERROR - ^
2026-02-19 19:55:50,879 - root - ERROR - ^
2026-02-19 19:55:50,879 - root - ERROR - ^
2026-02-19 19:55:50,880 - root - ERROR - ^
2026-02-19 19:55:50,880 - root - ERROR - ^
2026-02-19 19:55:50,880 - root - ERROR - ^
2026-02-19 19:55:50,880 - root - ERROR - ^
2026-02-19 19:55:50,880 - root - ERROR - ^
2026-02-19 19:55:50,880 - root - ERROR - ^
2026-02-19 19:55:50,880 - root - ERROR - ^
2026-02-19 19:55:50,880 - root - ERROR - ^
2026-02-19 19:55:50,880 - root - ERROR - ^
2026-02-19 19:55:50,880 - root - ERROR - ^
2026-02-19 19:55:50,881 - root - ERROR - ^
2026-02-19 19:55:50,881 - root - ERROR - ^
2026-02-19 19:55:50,881 - root - ERROR - ^
2026-02-19 19:55:50,881 - root - ERROR - ^
2026-02-19 19:55:50,881 - root - ERROR - ^
2026-02-19 19:55:50,881 - root - ERROR - ^
2026-02-19 19:55:50,881 - root - ERROR - ^
2026-02-19 19:55:50,882 - root - ERROR - ^
2026-02-19 19:55:50,882 - root - ERROR - ^
2026-02-19 19:55:50,882 - root - ERROR - ^
2026-02-19 19:55:50,882 - root - ERROR - ^
2026-02-19 19:55:50,882 - root - ERROR - ^
2026-02-19 19:55:50,882 - root - ERROR - ^
2026-02-19 19:55:50,883 - root - ERROR -   File "D:\anaconda\Lib\site-packages\pandas\core\indexes\base.py", line 3812, in get_loc
2026-02-19 19:55:50,883 - root - ERROR - raise KeyError(key) from err
2026-02-19 19:55:50,884 - root - ERROR - KeyError
2026-02-19 19:55:50,884 - root - ERROR - :
2026-02-19 19:55:50,884 - root - ERROR - 0
