2026-02-18 23:42:46,731 - root - INFO - 合并后的价格数据预览：
2026-02-18 23:42:46,741 - root - INFO -               宁德时代  market_data_1_上证综指  market_data_2_深证成指  upstream_1_湖南裕能  ...  downstream_2_长城汽车  downstream_3_长安汽车  downstream_4_上汽集团        LC
2026-02-18 23:42:46,742 - root - INFO - 日期                                                                           ...
2026-02-18 23:42:46,743 - root - INFO - 2024-01-02  286.07             1345.53             1345.53            33.31  ...              83.29             144.59             111.18  108350.0
2026-02-18 23:42:46,743 - root - INFO - 2024-01-03  284.22             1344.28             1344.28            32.89  ...              81.79             141.02             111.52  106600.0
2026-02-18 23:42:46,745 - root - INFO - 2024-01-04  275.94             1333.03             1333.03            32.45  ...              80.86             137.06             111.18  100450.0
2026-02-18 23:42:46,745 - root - INFO - 2024-01-05  275.40             1353.03             1353.03            32.60  ...              80.26             133.89             110.84   98650.0
2026-02-18 23:42:46,745 - root - INFO - 2024-01-08  273.78             1338.03             1338.03            32.05  ...              78.34             133.10             109.90   97200.0
2026-02-18 23:42:46,746 - root - INFO - ...            ...                 ...                 ...              ...  ...                ...                ...                ...       ...
2026-02-18 23:42:46,746 - root - INFO - 2025-12-25  696.42             1834.74             1834.74            67.57  ...              78.10             115.64             121.71  123520.0
2026-02-18 23:42:46,747 - root - INFO - 2025-12-26  698.97             1832.24             1832.24            71.89  ...              79.93             116.36             121.93  130520.0
2026-02-18 23:42:46,747 - root - INFO - 2025-12-29  689.76             1834.74             1834.74            68.05  ...              79.42             115.64             121.41  118820.0
2026-02-18 23:42:46,747 - root - INFO - 2025-12-30  689.56             1824.74             1824.74            67.58  ...              79.09             115.64             121.33  121580.0
2026-02-18 23:42:46,747 - root - INFO - 2025-12-31  686.07             1815.99             1815.99            65.63  ...              79.48             115.33             120.78  121580.0
2026-02-18 23:42:46,747 - root - INFO - 
2026-02-18 23:42:46,748 - root - INFO - [485 rows x 10 columns]
2026-02-18 23:42:46,748 - root - INFO - Index(['宁德时代', 'market_data_1_上证综指', 'market_data_2_深证成指', 'upstream_1_湖南裕能',
2026-02-18 23:42:46,749 - root - INFO -        'upstream_2_盛新锂能', 'downstream_1_比亚迪', 'downstream_2_长城汽车',
2026-02-18 23:42:46,749 - root - INFO -        'downstream_3_长安汽车', 'downstream_4_上汽集团', 'LC'],
2026-02-18 23:42:46,749 - root - INFO -       dtype='object')
2026-02-18 23:42:46,749 - root - INFO - Missing values:
2026-02-18 23:42:46,750 - root - INFO - 宁德时代                  0
2026-02-18 23:42:46,750 - root - INFO - market_data_1_上证综指    0
2026-02-18 23:42:46,750 - root - INFO - market_data_2_深证成指    0
2026-02-18 23:42:46,751 - root - INFO - upstream_1_湖南裕能       0
2026-02-18 23:42:46,751 - root - INFO - upstream_2_盛新锂能       0
2026-02-18 23:42:46,751 - root - INFO - downstream_1_比亚迪      0
2026-02-18 23:42:46,751 - root - INFO - downstream_2_长城汽车     0
2026-02-18 23:42:46,751 - root - INFO - downstream_3_长安汽车     0
2026-02-18 23:42:46,751 - root - INFO - downstream_4_上汽集团     0
2026-02-18 23:42:46,752 - root - INFO - LC                    0
2026-02-18 23:42:46,752 - root - INFO - dtype: int64
2026-02-18 23:42:46,753 - root - INFO - Standard deviation of differenced data:
2026-02-18 23:42:46,753 - root - INFO - 宁德时代                    12.351510
2026-02-18 23:42:46,754 - root - INFO - market_data_1_上证综指      19.169787
2026-02-18 23:42:46,754 - root - INFO - market_data_2_深证成指      19.169787
2026-02-18 23:42:46,754 - root - INFO - upstream_1_湖南裕能          1.746826
2026-02-18 23:42:46,754 - root - INFO - upstream_2_盛新锂能          1.102651
2026-02-18 23:42:46,754 - root - INFO - downstream_1_比亚迪         6.321829
2026-02-18 23:42:46,754 - root - INFO - downstream_2_长城汽车        1.507361
2026-02-18 23:42:46,755 - root - INFO - downstream_3_长安汽车        2.519939
2026-02-18 23:42:46,755 - root - INFO - downstream_4_上汽集团        1.580877
2026-02-18 23:42:46,755 - root - INFO - LC                    2196.310694
2026-02-18 23:42:46,755 - root - INFO - dtype: float64
2026-02-18 23:42:46,756 - root - ERROR - D:\anaconda\Lib\site-packages\statsmodels\tsa\base\tsa_model.py:473: ValueWarning: A date index has been provided, but it has no associated frequency information and so will be ignored when e.g. forecasting.
2026-02-18 23:42:46,756 - root - ERROR -   self._init_dates(dates, freq)
2026-02-18 23:42:46,765 - root - ERROR - Traceback (most recent call last):
2026-02-18 23:42:46,765 - root - ERROR -   File "D:\HuaweiMoveData\Users\86180\Desktop\new\main.py", line 56, in <module>
2026-02-18 23:42:46,767 - root - ERROR - causal_indices, causal_vector, adj_matrix = con.build_granger_causal_network(earnings)
2026-02-18 23:42:46,767 - root - ERROR - ^
2026-02-18 23:42:46,767 - root - ERROR - ^
2026-02-18 23:42:46,767 - root - ERROR - ^
2026-02-18 23:42:46,768 - root - ERROR - ^
2026-02-18 23:42:46,768 - root - ERROR - ^
2026-02-18 23:42:46,768 - root - ERROR - ^
2026-02-18 23:42:46,768 - root - ERROR - ^
2026-02-18 23:42:46,768 - root - ERROR - ^
2026-02-18 23:42:46,768 - root - ERROR - ^
2026-02-18 23:42:46,769 - root - ERROR - ^
2026-02-18 23:42:46,769 - root - ERROR - ^
2026-02-18 23:42:46,769 - root - ERROR - ^
2026-02-18 23:42:46,769 - root - ERROR - ^
2026-02-18 23:42:46,769 - root - ERROR - ^
2026-02-18 23:42:46,770 - root - ERROR - ^
2026-02-18 23:42:46,770 - root - ERROR - ^
2026-02-18 23:42:46,770 - root - ERROR - ^
2026-02-18 23:42:46,770 - root - ERROR - ^
2026-02-18 23:42:46,770 - root - ERROR - ^
2026-02-18 23:42:46,770 - root - ERROR - ^
2026-02-18 23:42:46,771 - root - ERROR - ^
2026-02-18 23:42:46,771 - root - ERROR - ^
2026-02-18 23:42:46,771 - root - ERROR - ^
2026-02-18 23:42:46,771 - root - ERROR - ^
2026-02-18 23:42:46,771 - root - ERROR - ^
2026-02-18 23:42:46,772 - root - ERROR - ^
2026-02-18 23:42:46,772 - root - ERROR - ^
2026-02-18 23:42:46,772 - root - ERROR - ^
2026-02-18 23:42:46,772 - root - ERROR - ^
2026-02-18 23:42:46,773 - root - ERROR - ^
2026-02-18 23:42:46,773 - root - ERROR - ^
2026-02-18 23:42:46,773 - root - ERROR - ^
2026-02-18 23:42:46,773 - root - ERROR - ^
2026-02-18 23:42:46,773 - root - ERROR - ^
2026-02-18 23:42:46,773 - root - ERROR - ^
2026-02-18 23:42:46,774 - root - ERROR - ^
2026-02-18 23:42:46,774 - root - ERROR - ^
2026-02-18 23:42:46,774 - root - ERROR - ^
2026-02-18 23:42:46,774 - root - ERROR - ^
2026-02-18 23:42:46,774 - root - ERROR - ^
2026-02-18 23:42:46,774 - root - ERROR - ^
2026-02-18 23:42:46,774 - root - ERROR - ^
2026-02-18 23:42:46,774 - root - ERROR -   File "D:\HuaweiMoveData\Users\86180\Desktop\new\Construction.py", line 39, in build_granger_causal_network
2026-02-18 23:42:46,775 - root - ERROR - aic_values.append(var_result.aic)
2026-02-18 23:42:46,775 - root - ERROR - ^
2026-02-18 23:42:46,775 - root - ERROR - ^
2026-02-18 23:42:46,775 - root - ERROR - ^
2026-02-18 23:42:46,775 - root - ERROR - ^
2026-02-18 23:42:46,775 - root - ERROR - ^
2026-02-18 23:42:46,775 - root - ERROR - ^
2026-02-18 23:42:46,776 - root - ERROR - ^
2026-02-18 23:42:46,776 - root - ERROR - ^
2026-02-18 23:42:46,776 - root - ERROR - ^
2026-02-18 23:42:46,776 - root - ERROR - ^
2026-02-18 23:42:46,776 - root - ERROR - ^
2026-02-18 23:42:46,776 - root - ERROR - ^
2026-02-18 23:42:46,776 - root - ERROR - ^
2026-02-18 23:42:46,777 - root - ERROR - ^
2026-02-18 23:42:46,777 - root - ERROR -   File "D:\anaconda\Lib\site-packages\statsmodels\base\wrapper.py", line 34, in __getattribute__
2026-02-18 23:42:46,777 - root - ERROR - obj = getattr(results, attr)
2026-02-18 23:42:46,777 - root - ERROR - ^
2026-02-18 23:42:46,777 - root - ERROR - ^
2026-02-18 23:42:46,777 - root - ERROR - ^
2026-02-18 23:42:46,777 - root - ERROR - ^
2026-02-18 23:42:46,779 - root - ERROR - ^
2026-02-18 23:42:46,779 - root - ERROR - ^
2026-02-18 23:42:46,779 - root - ERROR - ^
2026-02-18 23:42:46,779 - root - ERROR - ^
2026-02-18 23:42:46,779 - root - ERROR - ^
2026-02-18 23:42:46,779 - root - ERROR - ^
2026-02-18 23:42:46,779 - root - ERROR - ^
2026-02-18 23:42:46,780 - root - ERROR - ^
2026-02-18 23:42:46,780 - root - ERROR - ^
2026-02-18 23:42:46,780 - root - ERROR - ^
2026-02-18 23:42:46,780 - root - ERROR - ^
2026-02-18 23:42:46,780 - root - ERROR - ^
2026-02-18 23:42:46,780 - root - ERROR - ^
2026-02-18 23:42:46,780 - root - ERROR - ^
2026-02-18 23:42:46,781 - root - ERROR - ^
2026-02-18 23:42:46,781 - root - ERROR - ^
2026-02-18 23:42:46,781 - root - ERROR - ^
2026-02-18 23:42:46,781 - root - ERROR - ^
2026-02-18 23:42:46,781 - root - ERROR -   File "D:\anaconda\Lib\site-packages\statsmodels\tsa\vector_ar\var_model.py", line 2308, in aic
2026-02-18 23:42:46,782 - root - ERROR - return self.info_criteria["aic"]
2026-02-18 23:42:46,782 - root - ERROR - ^
2026-02-18 23:42:46,782 - root - ERROR - ^
2026-02-18 23:42:46,782 - root - ERROR - ^
2026-02-18 23:42:46,782 - root - ERROR - ^
2026-02-18 23:42:46,782 - root - ERROR - ^
2026-02-18 23:42:46,782 - root - ERROR - ^
2026-02-18 23:42:46,783 - root - ERROR - ^
2026-02-18 23:42:46,783 - root - ERROR - ^
2026-02-18 23:42:46,783 - root - ERROR - ^
2026-02-18 23:42:46,783 - root - ERROR - ^
2026-02-18 23:42:46,783 - root - ERROR - ^
2026-02-18 23:42:46,783 - root - ERROR - ^
2026-02-18 23:42:46,783 - root - ERROR - ^
2026-02-18 23:42:46,784 - root - ERROR - ^
2026-02-18 23:42:46,784 - root - ERROR - ^
2026-02-18 23:42:46,784 - root - ERROR - ^
2026-02-18 23:42:46,784 - root - ERROR - ^
2026-02-18 23:42:46,784 - root - ERROR - ^
2026-02-18 23:42:46,784 - root - ERROR -   File "properties.pyx", line 36, in pandas._libs.properties.CachedProperty.__get__
2026-02-18 23:42:46,785 - root - ERROR -   File "D:\anaconda\Lib\site-packages\statsmodels\tsa\vector_ar\var_model.py", line 2289, in info_criteria
2026-02-18 23:42:46,786 - root - ERROR - ld = logdet_symm(self.sigma_u_mle)
2026-02-18 23:42:46,786 - root - ERROR - ^
2026-02-18 23:42:46,787 - root - ERROR - ^
2026-02-18 23:42:46,787 - root - ERROR - ^
2026-02-18 23:42:46,787 - root - ERROR - ^
2026-02-18 23:42:46,787 - root - ERROR - ^
2026-02-18 23:42:46,787 - root - ERROR - ^
2026-02-18 23:42:46,787 - root - ERROR - ^
2026-02-18 23:42:46,787 - root - ERROR - ^
2026-02-18 23:42:46,788 - root - ERROR - ^
2026-02-18 23:42:46,788 - root - ERROR - ^
2026-02-18 23:42:46,788 - root - ERROR - ^
2026-02-18 23:42:46,788 - root - ERROR - ^
2026-02-18 23:42:46,788 - root - ERROR - ^
2026-02-18 23:42:46,788 - root - ERROR - ^
2026-02-18 23:42:46,789 - root - ERROR - ^
2026-02-18 23:42:46,789 - root - ERROR - ^
2026-02-18 23:42:46,789 - root - ERROR - ^
2026-02-18 23:42:46,789 - root - ERROR - ^
2026-02-18 23:42:46,789 - root - ERROR - ^
2026-02-18 23:42:46,789 - root - ERROR - ^
2026-02-18 23:42:46,790 - root - ERROR - ^
2026-02-18 23:42:46,790 - root - ERROR - ^
2026-02-18 23:42:46,790 - root - ERROR - ^
2026-02-18 23:42:46,790 - root - ERROR - ^
2026-02-18 23:42:46,790 - root - ERROR - ^
2026-02-18 23:42:46,790 - root - ERROR - ^
2026-02-18 23:42:46,790 - root - ERROR - ^
2026-02-18 23:42:46,790 - root - ERROR - ^
2026-02-18 23:42:46,790 - root - ERROR - ^
2026-02-18 23:42:46,791 - root - ERROR -   File "D:\anaconda\Lib\site-packages\statsmodels\tools\linalg.py", line 28, in logdet_symm
2026-02-18 23:42:46,791 - root - ERROR - c, _ = linalg.cho_factor(m, lower=True)
2026-02-18 23:42:46,791 - root - ERROR - ^
2026-02-18 23:42:46,791 - root - ERROR - ^
2026-02-18 23:42:46,791 - root - ERROR - ^
2026-02-18 23:42:46,792 - root - ERROR - ^
2026-02-18 23:42:46,792 - root - ERROR - ^
2026-02-18 23:42:46,792 - root - ERROR - ^
2026-02-18 23:42:46,792 - root - ERROR - ^
2026-02-18 23:42:46,792 - root - ERROR - ^
2026-02-18 23:42:46,792 - root - ERROR - ^
2026-02-18 23:42:46,792 - root - ERROR - ^
2026-02-18 23:42:46,793 - root - ERROR - ^
2026-02-18 23:42:46,793 - root - ERROR - ^
2026-02-18 23:42:46,793 - root - ERROR - ^
2026-02-18 23:42:46,793 - root - ERROR - ^
2026-02-18 23:42:46,793 - root - ERROR - ^
2026-02-18 23:42:46,793 - root - ERROR - ^
2026-02-18 23:42:46,793 - root - ERROR - ^
2026-02-18 23:42:46,793 - root - ERROR - ^
2026-02-18 23:42:46,794 - root - ERROR - ^
2026-02-18 23:42:46,794 - root - ERROR - ^
2026-02-18 23:42:46,794 - root - ERROR - ^
2026-02-18 23:42:46,794 - root - ERROR - ^
2026-02-18 23:42:46,794 - root - ERROR - ^
2026-02-18 23:42:46,794 - root - ERROR - ^
2026-02-18 23:42:46,794 - root - ERROR - ^
2026-02-18 23:42:46,795 - root - ERROR - ^
2026-02-18 23:42:46,795 - root - ERROR - ^
2026-02-18 23:42:46,795 - root - ERROR - ^
2026-02-18 23:42:46,795 - root - ERROR - ^
2026-02-18 23:42:46,795 - root - ERROR - ^
2026-02-18 23:42:46,795 - root - ERROR - ^
2026-02-18 23:42:46,795 - root - ERROR - ^
2026-02-18 23:42:46,795 - root - ERROR -   File "D:\anaconda\Lib\site-packages\scipy\linalg\_decomp_cholesky.py", line 153, in cho_factor
2026-02-18 23:42:46,797 - root - ERROR - c, lower = _cholesky(a, lower=lower, overwrite_a=overwrite_a, clean=False,
2026-02-18 23:42:46,797 - root - ERROR - ^
2026-02-18 23:42:46,797 - root - ERROR - ^
2026-02-18 23:42:46,797 - root - ERROR - ^
2026-02-18 23:42:46,797 - root - ERROR - ^
2026-02-18 23:42:46,798 - root - ERROR - ^
2026-02-18 23:42:46,798 - root - ERROR - ^
2026-02-18 23:42:46,798 - root - ERROR - ^
2026-02-18 23:42:46,798 - root - ERROR - ^
2026-02-18 23:42:46,798 - root - ERROR - ^
2026-02-18 23:42:46,798 - root - ERROR - ^
2026-02-18 23:42:46,798 - root - ERROR - ^
2026-02-18 23:42:46,798 - root - ERROR - ^
2026-02-18 23:42:46,799 - root - ERROR - ^
2026-02-18 23:42:46,799 - root - ERROR - ^
2026-02-18 23:42:46,799 - root - ERROR - ^
2026-02-18 23:42:46,799 - root - ERROR - ^
2026-02-18 23:42:46,799 - root - ERROR - ^
2026-02-18 23:42:46,799 - root - ERROR - ^
2026-02-18 23:42:46,799 - root - ERROR - ^
2026-02-18 23:42:46,799 - root - ERROR - ^
2026-02-18 23:42:46,800 - root - ERROR - ^
2026-02-18 23:42:46,800 - root - ERROR - ^
2026-02-18 23:42:46,800 - root - ERROR - ^
2026-02-18 23:42:46,800 - root - ERROR - ^
2026-02-18 23:42:46,800 - root - ERROR - ^
2026-02-18 23:42:46,800 - root - ERROR - ^
2026-02-18 23:42:46,800 - root - ERROR - ^
2026-02-18 23:42:46,800 - root - ERROR - ^
2026-02-18 23:42:46,801 - root - ERROR - ^
2026-02-18 23:42:46,801 - root - ERROR - ^
2026-02-18 23:42:46,801 - root - ERROR - ^
2026-02-18 23:42:46,801 - root - ERROR - ^
2026-02-18 23:42:46,801 - root - ERROR - ^
2026-02-18 23:42:46,801 - root - ERROR - ^
2026-02-18 23:42:46,801 - root - ERROR - ^
2026-02-18 23:42:46,801 - root - ERROR - ^
2026-02-18 23:42:46,802 - root - ERROR - ^
2026-02-18 23:42:46,802 - root - ERROR - ^
2026-02-18 23:42:46,802 - root - ERROR - ^
2026-02-18 23:42:46,802 - root - ERROR - ^
2026-02-18 23:42:46,802 - root - ERROR - ^
2026-02-18 23:42:46,802 - root - ERROR - ^
2026-02-18 23:42:46,802 - root - ERROR - ^
2026-02-18 23:42:46,802 - root - ERROR - ^
2026-02-18 23:42:46,803 - root - ERROR - ^
2026-02-18 23:42:46,803 - root - ERROR - ^
2026-02-18 23:42:46,803 - root - ERROR - ^
2026-02-18 23:42:46,803 - root - ERROR - ^
2026-02-18 23:42:46,803 - root - ERROR - ^
2026-02-18 23:42:46,803 - root - ERROR - ^
2026-02-18 23:42:46,803 - root - ERROR - ^
2026-02-18 23:42:46,803 - root - ERROR - ^
2026-02-18 23:42:46,803 - root - ERROR - ^
2026-02-18 23:42:46,804 - root - ERROR - ^
2026-02-18 23:42:46,804 - root - ERROR - ^
2026-02-18 23:42:46,804 - root - ERROR - ^
2026-02-18 23:42:46,804 - root - ERROR - ^
2026-02-18 23:42:46,804 - root - ERROR - ^
2026-02-18 23:42:46,804 - root - ERROR - ^
2026-02-18 23:42:46,805 - root - ERROR - ^
2026-02-18 23:42:46,805 - root - ERROR - ^
2026-02-18 23:42:46,805 - root - ERROR - ^
2026-02-18 23:42:46,805 - root - ERROR - ^
2026-02-18 23:42:46,805 - root - ERROR -   File "D:\anaconda\Lib\site-packages\scipy\linalg\_decomp_cholesky.py", line 36, in _cholesky
2026-02-18 23:42:46,806 - root - ERROR - raise LinAlgError("%d-th leading minor of the array is not positive "
2026-02-18 23:42:46,806 - root - ERROR - numpy.linalg
2026-02-18 23:42:46,806 - root - ERROR - .
2026-02-18 23:42:46,806 - root - ERROR - LinAlgError
2026-02-18 23:42:46,806 - root - ERROR - :
2026-02-18 23:42:46,806 - root - ERROR - 3-th leading minor of the array is not positive definite
