2026-02-19 19:46:30,719 - root - INFO - 合并后的价格数据预览：
2026-02-19 19:46:30,719 - root - INFO -               宁德时代  market_data_1_上证综指  market_data_2_深证成指  upstream_1_湖南裕能  \
2026-02-19 19:46:30,719 - root - INFO - 日期
2026-02-19 19:46:30,719 - root - INFO - 2024-01-02  286.07             1345.53             9401.35            33.31
2026-02-19 19:46:30,719 - root - INFO - 2024-01-03  284.22             1344.28             9330.86            32.89
2026-02-19 19:46:30,719 - root - INFO - 2024-01-04  275.94             1333.03             9215.25            32.45
2026-02-19 19:46:30,719 - root - INFO - 2024-01-05  275.40             1353.03             9116.44            32.60
2026-02-19 19:46:30,719 - root - INFO - 2024-01-08  273.78             1338.03             8947.72            32.05
2026-02-19 19:46:30,719 - root - INFO - ...            ...                 ...                 ...              ...
2026-02-19 19:46:30,719 - root - INFO - 2025-12-25  696.42             1834.74            13531.41            67.57
2026-02-19 19:46:30,719 - root - INFO - 2025-12-26  698.97             1832.24            13603.89            71.89
2026-02-19 19:46:30,719 - root - INFO - 2025-12-29  689.76             1834.74            13537.10            68.05
2026-02-19 19:46:30,719 - root - INFO - 2025-12-30  689.56             1824.74            13604.07            67.58
2026-02-19 19:46:30,719 - root - INFO - 2025-12-31  686.07             1815.99            13525.02            65.63
2026-02-19 19:46:30,719 - root - INFO - 
2026-02-19 19:46:30,719 - root - INFO -             upstream_2_盛新锂能  downstream_1_比亚迪  downstream_2_长城汽车  \
2026-02-19 19:46:30,719 - root - INFO - 日期
2026-02-19 19:46:30,719 - root - INFO - 2024-01-02            37.03            195.00              83.29
2026-02-19 19:46:30,719 - root - INFO - 2024-01-03            37.32            195.57              81.79
2026-02-19 19:46:30,719 - root - INFO - 2024-01-04            36.48            195.42              80.86
2026-02-19 19:46:30,719 - root - INFO - 2024-01-05            36.15            195.08              80.26
2026-02-19 19:46:30,719 - root - INFO - 2024-01-08            36.21            191.80              78.34
2026-02-19 19:46:30,719 - root - INFO - ...                     ...               ...                ...
2026-02-19 19:46:30,732 - root - INFO - 2025-12-25            56.56            293.99              78.10
2026-02-19 19:46:30,732 - root - INFO - 2025-12-26            58.02            309.50              79.93
2026-02-19 19:46:30,732 - root - INFO - 2025-12-29            54.53            310.10              79.42
2026-02-19 19:46:30,732 - root - INFO - 2025-12-30            55.12            308.72              79.09
2026-02-19 19:46:30,732 - root - INFO - 2025-12-31            56.77            302.63              79.48
2026-02-19 19:46:30,732 - root - INFO - 
2026-02-19 19:46:30,732 - root - INFO -             downstream_3_长安汽车  downstream_4_上汽集团        LC
2026-02-19 19:46:30,732 - root - INFO - 日期
2026-02-19 19:46:30,732 - root - INFO - 2024-01-02             144.59             111.18  108350.0
2026-02-19 19:46:30,732 - root - INFO - 2024-01-03             141.02             111.52  106600.0
2026-02-19 19:46:30,732 - root - INFO - 2024-01-04             137.06             111.18  100450.0
2026-02-19 19:46:30,732 - root - INFO - 2024-01-05             133.89             110.84   98650.0
2026-02-19 19:46:30,732 - root - INFO - 2024-01-08             133.10             109.90   97200.0
2026-02-19 19:46:30,732 - root - INFO - ...                       ...                ...       ...
2026-02-19 19:46:30,732 - root - INFO - 2025-12-25             115.64             121.71  123520.0
2026-02-19 19:46:30,732 - root - INFO - 2025-12-26             116.36             121.93  130520.0
2026-02-19 19:46:30,734 - root - INFO - 2025-12-29             115.64             121.41  118820.0
2026-02-19 19:46:30,734 - root - INFO - 2025-12-30             115.64             121.33  121580.0
2026-02-19 19:46:30,734 - root - INFO - 2025-12-31             115.33             120.78  121580.0
2026-02-19 19:46:30,734 - root - INFO - 
2026-02-19 19:46:30,734 - root - INFO - [485 rows x 10 columns]
2026-02-19 19:46:30,736 - root - ERROR - D:\anaconda\Lib\site-packages\statsmodels\tsa\base\tsa_model.py:473: ValueWarning: A date index has been provided, but it has no associated frequency information and so will be ignored when e.g. forecasting.
2026-02-19 19:46:30,736 - root - ERROR -   self._init_dates(dates, freq)
2026-02-19 19:46:30,738 - root - INFO - 滞后 1: AIC=57.827675, BIC=57.922722, HQIC=57.865023, FPE=782950383748854272.000000
2026-02-19 19:46:30,739 - root - ERROR - D:\anaconda\Lib\site-packages\statsmodels\tsa\base\tsa_model.py:473: ValueWarning: A date index has been provided, but it has no associated frequency information and so will be ignored when e.g. forecasting.
2026-02-19 19:46:30,739 - root - ERROR -   self._init_dates(dates, freq)
2026-02-19 19:46:30,741 - root - INFO - 滞后 2: AIC=56.566241, BIC=56.747981, HQIC=56.637660, FPE=1095637313301347584.000000
2026-02-19 19:46:30,742 - root - ERROR - D:\anaconda\Lib\site-packages\statsmodels\tsa\base\tsa_model.py:473: ValueWarning: A date index has been provided, but it has no associated frequency information and so will be ignored when e.g. forecasting.
2026-02-19 19:46:30,742 - root - ERROR -   self._init_dates(dates, freq)
2026-02-19 19:46:30,745 - root - INFO - 滞后 3: AIC=55.370579, BIC=55.639285, HQIC=55.476183, FPE=1651773793838925568.000000
2026-02-19 19:46:30,746 - root - ERROR - D:\anaconda\Lib\site-packages\statsmodels\tsa\base\tsa_model.py:473: ValueWarning: A date index has been provided, but it has no associated frequency information and so will be ignored when e.g. forecasting.
2026-02-19 19:46:30,746 - root - ERROR -   self._init_dates(dates, freq)
2026-02-19 19:46:30,749 - root - INFO - 滞后 4: AIC=54.182861, BIC=54.538808, HQIC=54.322764, FPE=2531929130382318592.000000
2026-02-19 19:46:30,750 - root - ERROR - D:\anaconda\Lib\site-packages\statsmodels\tsa\base\tsa_model.py:473: ValueWarning: A date index has been provided, but it has no associated frequency information and so will be ignored when e.g. forecasting.
2026-02-19 19:46:30,750 - root - ERROR -   self._init_dates(dates, freq)
2026-02-19 19:46:30,757 - root - INFO - 滞后 5: AIC=52.951596, BIC=53.395061, HQIC=53.125912, FPE=3730444347601427968.000000
2026-02-19 19:46:30,757 - root - ERROR - D:\anaconda\Lib\site-packages\statsmodels\tsa\base\tsa_model.py:473: ValueWarning: A date index has been provided, but it has no associated frequency information and so will be ignored when e.g. forecasting.
2026-02-19 19:46:30,758 - root - ERROR -   self._init_dates(dates, freq)
2026-02-19 19:46:30,767 - root - INFO - 滞后 6: AIC=51.679821, BIC=52.211082, HQIC=51.888667, FPE=5287377056378207232.000000
2026-02-19 19:46:30,767 - root - ERROR - D:\anaconda\Lib\site-packages\statsmodels\tsa\base\tsa_model.py:473: ValueWarning: A date index has been provided, but it has no associated frequency information and so will be ignored when e.g. forecasting.
2026-02-19 19:46:30,767 - root - ERROR -   self._init_dates(dates, freq)
2026-02-19 19:46:30,778 - root - INFO - 滞后 7: AIC=50.502666, BIC=51.122002, HQIC=50.746156, FPE=8426399222129786880.000000
2026-02-19 19:46:30,778 - root - ERROR - D:\anaconda\Lib\site-packages\statsmodels\tsa\base\tsa_model.py:473: ValueWarning: A date index has been provided, but it has no associated frequency information and so will be ignored when e.g. forecasting.
2026-02-19 19:46:30,778 - root - ERROR -   self._init_dates(dates, freq)
2026-02-19 19:46:30,792 - root - INFO - 滞后 8: AIC=49.206883, BIC=49.914574, HQIC=49.485135, FPE=11786815027381538816.000000
2026-02-19 19:46:30,792 - root - ERROR - D:\anaconda\Lib\site-packages\statsmodels\tsa\base\tsa_model.py:473: ValueWarning: A date index has been provided, but it has no associated frequency information and so will be ignored when e.g. forecasting.
2026-02-19 19:46:30,792 - root - ERROR -   self._init_dates(dates, freq)
2026-02-19 19:46:30,808 - root - INFO - 滞后 9: AIC=48.073605, BIC=48.869935, HQIC=48.386736, FPE=20279034052175511552.000000
2026-02-19 19:46:30,809 - root - ERROR - D:\anaconda\Lib\site-packages\statsmodels\tsa\base\tsa_model.py:473: ValueWarning: A date index has been provided, but it has no associated frequency information and so will be ignored when e.g. forecasting.
2026-02-19 19:46:30,809 - root - ERROR -   self._init_dates(dates, freq)
2026-02-19 19:46:30,830 - root - INFO - 滞后 10: AIC=46.860969, BIC=47.746221, HQIC=47.209096, FPE=32106092233897103360.000000
2026-02-19 19:46:30,830 - root - ERROR - D:\anaconda\Lib\site-packages\statsmodels\tsa\base\tsa_model.py:473: ValueWarning: A date index has been provided, but it has no associated frequency information and so will be ignored when e.g. forecasting.
2026-02-19 19:46:30,830 - root - ERROR -   self._init_dates(dates, freq)
2026-02-19 19:46:30,858 - root - INFO - 滞后 11: AIC=45.611252, BIC=46.585712, HQIC=45.994494, FPE=49092769905701945344.000000
2026-02-19 19:46:30,858 - root - ERROR - D:\anaconda\Lib\site-packages\statsmodels\tsa\base\tsa_model.py:473: ValueWarning: A date index has been provided, but it has no associated frequency information and so will be ignored when e.g. forecasting.
2026-02-19 19:46:30,858 - root - ERROR -   self._init_dates(dates, freq)
2026-02-19 19:46:30,892 - root - INFO - 滞后 12: AIC=44.381255, BIC=45.445210, HQIC=44.799731, FPE=78021984756377108480.000000
2026-02-19 19:46:30,893 - root - ERROR - D:\anaconda\Lib\site-packages\statsmodels\tsa\base\tsa_model.py:473: ValueWarning: A date index has been provided, but it has no associated frequency information and so will be ignored when e.g. forecasting.
2026-02-19 19:46:30,893 - root - ERROR -   self._init_dates(dates, freq)
2026-02-19 19:46:30,924 - root - INFO - 滞后 13: AIC=43.131919, BIC=44.285656, HQIC=43.585748, FPE=122532325504355663872.000000
2026-02-19 19:46:30,925 - root - ERROR - D:\anaconda\Lib\site-packages\statsmodels\tsa\base\tsa_model.py:473: ValueWarning: A date index has been provided, but it has no associated frequency information and so will be ignored when e.g. forecasting.
2026-02-19 19:46:30,925 - root - ERROR -   self._init_dates(dates, freq)
2026-02-19 19:46:30,963 - root - INFO - 滞后 14: AIC=41.844175, BIC=43.087986, HQIC=42.333479, FPE=184859913182934892544.000000
2026-02-19 19:46:30,964 - root - ERROR - D:\anaconda\Lib\site-packages\statsmodels\tsa\base\tsa_model.py:473: ValueWarning: A date index has been provided, but it has no associated frequency information and so will be ignored when e.g. forecasting.
2026-02-19 19:46:30,964 - root - ERROR -   self._init_dates(dates, freq)
2026-02-19 19:46:31,008 - root - INFO - 滞后 15: AIC=40.619375, BIC=41.953551, HQIC=41.144274, FPE=309858772207136866304.000000
2026-02-19 19:46:31,009 - root - ERROR - D:\anaconda\Lib\site-packages\statsmodels\tsa\base\tsa_model.py:473: ValueWarning: A date index has been provided, but it has no associated frequency information and so will be ignored when e.g. forecasting.
2026-02-19 19:46:31,009 - root - ERROR -   self._init_dates(dates, freq)
2026-02-19 19:46:31,050 - root - INFO - 滞后 16: AIC=39.321675, BIC=40.746509, HQIC=39.882291, FPE=474200404598073262080.000000
2026-02-19 19:46:31,050 - root - ERROR - D:\anaconda\Lib\site-packages\statsmodels\tsa\base\tsa_model.py:473: ValueWarning: A date index has been provided, but it has no associated frequency information and so will be ignored when e.g. forecasting.
2026-02-19 19:46:31,050 - root - ERROR -   self._init_dates(dates, freq)
2026-02-19 19:46:31,098 - root - INFO - 滞后 17: AIC=38.107881, BIC=39.623667, HQIC=38.704337, FPE=840239593357535739904.000000
2026-02-19 19:46:31,098 - root - ERROR - D:\anaconda\Lib\site-packages\statsmodels\tsa\base\tsa_model.py:473: ValueWarning: A date index has been provided, but it has no associated frequency information and so will be ignored when e.g. forecasting.
2026-02-19 19:46:31,100 - root - ERROR -   self._init_dates(dates, freq)
2026-02-19 19:46:31,153 - root - INFO - 滞后 18: AIC=36.865547, BIC=38.472582, HQIC=37.497965, FPE=1457519905054931550208.000000
2026-02-19 19:46:31,154 - root - ERROR - D:\anaconda\Lib\site-packages\statsmodels\tsa\base\tsa_model.py:473: ValueWarning: A date index has been provided, but it has no associated frequency information and so will be ignored when e.g. forecasting.
2026-02-19 19:46:31,154 - root - ERROR -   self._init_dates(dates, freq)
2026-02-19 19:46:31,213 - root - INFO - 滞后 19: AIC=35.540263, BIC=37.238845, HQIC=36.208768, FPE=2251442942423708991488.000000
2026-02-19 19:46:31,214 - root - ERROR - D:\anaconda\Lib\site-packages\statsmodels\tsa\base\tsa_model.py:473: ValueWarning: A date index has been provided, but it has no associated frequency information and so will be ignored when e.g. forecasting.
2026-02-19 19:46:31,215 - root - ERROR -   self._init_dates(dates, freq)
2026-02-19 19:46:31,272 - root - INFO - 滞后 20: AIC=34.189299, BIC=35.979728, HQIC=34.894015, FPE=3378423379401342189568.000000
2026-02-19 19:46:31,273 - root - ERROR - D:\anaconda\Lib\site-packages\statsmodels\tsa\base\tsa_model.py:473: ValueWarning: A date index has been provided, but it has no associated frequency information and so will be ignored when e.g. forecasting.
2026-02-19 19:46:31,273 - root - ERROR -   self._init_dates(dates, freq)
2026-02-19 19:46:31,336 - root - INFO - 滞后 21: AIC=32.815684, BIC=34.698260, HQIC=33.556736, FPE=4932739855987735789568.000000
2026-02-19 19:46:31,337 - root - ERROR - D:\anaconda\Lib\site-packages\statsmodels\tsa\base\tsa_model.py:473: ValueWarning: A date index has been provided, but it has no associated frequency information and so will be ignored when e.g. forecasting.
2026-02-19 19:46:31,337 - root - ERROR -   self._init_dates(dates, freq)
2026-02-19 19:46:31,409 - root - INFO - 滞后 22: AIC=31.469352, BIC=33.444380, HQIC=32.246866, FPE=7679783977373487071232.000000
2026-02-19 19:46:31,409 - root - ERROR - D:\anaconda\Lib\site-packages\statsmodels\tsa\base\tsa_model.py:473: ValueWarning: A date index has been provided, but it has no associated frequency information and so will be ignored when e.g. forecasting.
2026-02-19 19:46:31,410 - root - ERROR -   self._init_dates(dates, freq)
2026-02-19 19:46:31,477 - root - INFO - 滞后 23: AIC=30.226551, BIC=32.294333, HQIC=31.040653, FPE=14971773029720734564352.000000
2026-02-19 19:46:31,478 - root - ERROR - D:\anaconda\Lib\site-packages\statsmodels\tsa\base\tsa_model.py:473: ValueWarning: A date index has been provided, but it has no associated frequency information and so will be ignored when e.g. forecasting.
2026-02-19 19:46:31,478 - root - ERROR -   self._init_dates(dates, freq)
2026-02-19 19:46:31,553 - root - INFO - 滞后 24: AIC=28.976606, BIC=31.137450, HQIC=29.827424, FPE=29911797827755638259712.000000
2026-02-19 19:46:31,553 - root - ERROR - D:\anaconda\Lib\site-packages\statsmodels\tsa\base\tsa_model.py:473: ValueWarning: A date index has been provided, but it has no associated frequency information and so will be ignored when e.g. forecasting.
2026-02-19 19:46:31,553 - root - ERROR -   self._init_dates(dates, freq)
2026-02-19 19:46:31,636 - root - INFO - 滞后 25: AIC=27.638784, BIC=29.892997, HQIC=28.526446, FPE=51428074680507722366976.000000
2026-02-19 19:46:31,637 - root - ERROR - D:\anaconda\Lib\site-packages\statsmodels\tsa\base\tsa_model.py:473: ValueWarning: A date index has been provided, but it has no associated frequency information and so will be ignored when e.g. forecasting.
2026-02-19 19:46:31,637 - root - ERROR -   self._init_dates(dates, freq)
2026-02-19 19:46:31,712 - root - INFO - 滞后 26: AIC=26.305694, BIC=28.653585, HQIC=27.230327, FPE=92001169397789034020864.000000
2026-02-19 19:46:31,713 - root - ERROR - D:\anaconda\Lib\site-packages\statsmodels\tsa\base\tsa_model.py:473: ValueWarning: A date index has been provided, but it has no associated frequency information and so will be ignored when e.g. forecasting.
2026-02-19 19:46:31,713 - root - ERROR -   self._init_dates(dates, freq)
2026-02-19 19:46:31,796 - root - INFO - 滞后 27: AIC=24.949732, BIC=27.391613, HQIC=25.911467, FPE=160939578224423349518336.000000
2026-02-19 19:46:31,797 - root - ERROR - D:\anaconda\Lib\site-packages\statsmodels\tsa\base\tsa_model.py:473: ValueWarning: A date index has been provided, but it has no associated frequency information and so will be ignored when e.g. forecasting.
2026-02-19 19:46:31,797 - root - ERROR -   self._init_dates(dates, freq)
2026-02-19 19:46:31,886 - root - INFO - 滞后 28: AIC=23.675939, BIC=26.212123, HQIC=24.674906, FPE=359634344993736200552448.000000
2026-02-19 19:46:31,886 - root - ERROR - D:\anaconda\Lib\site-packages\statsmodels\tsa\base\tsa_model.py:473: ValueWarning: A date index has been provided, but it has no associated frequency information and so will be ignored when e.g. forecasting.
2026-02-19 19:46:31,886 - root - ERROR -   self._init_dates(dates, freq)
2026-02-19 19:46:31,978 - root - INFO - 滞后 29: AIC=22.343268, BIC=24.974069, HQIC=23.379597, FPE=727442595325078216376320.000000
2026-02-19 19:46:31,980 - root - ERROR - D:\anaconda\Lib\site-packages\statsmodels\tsa\base\tsa_model.py:473: ValueWarning: A date index has been provided, but it has no associated frequency information and so will be ignored when e.g. forecasting.
2026-02-19 19:46:31,980 - root - ERROR -   self._init_dates(dates, freq)
2026-02-19 19:46:32,079 - root - INFO - 滞后 30: AIC=21.031652, BIC=23.757388, HQIC=22.105476, FPE=1648650536111300965040128.000000
2026-02-19 19:46:32,080 - root - ERROR - D:\anaconda\Lib\site-packages\statsmodels\tsa\base\tsa_model.py:473: ValueWarning: A date index has been provided, but it has no associated frequency information and so will be ignored when e.g. forecasting.
2026-02-19 19:46:32,080 - root - ERROR -   self._init_dates(dates, freq)
2026-02-19 19:46:32,174 - root - INFO - 滞后 31: AIC=19.612183, BIC=22.433170, HQIC=20.723632, FPE=2843681611646622196826112.000000
2026-02-19 19:46:32,174 - root - ERROR - D:\anaconda\Lib\site-packages\statsmodels\tsa\base\tsa_model.py:473: ValueWarning: A date index has been provided, but it has no associated frequency information and so will be ignored when e.g. forecasting.
2026-02-19 19:46:32,184 - root - ERROR -   self._init_dates(dates, freq)
2026-02-19 19:46:32,289 - root - INFO - 滞后 32: AIC=18.246523, BIC=21.163082, HQIC=19.395732, FPE=6061749761669723313930240.000000
2026-02-19 19:46:32,290 - root - ERROR - D:\anaconda\Lib\site-packages\statsmodels\tsa\base\tsa_model.py:473: ValueWarning: A date index has been provided, but it has no associated frequency information and so will be ignored when e.g. forecasting.
2026-02-19 19:46:32,290 - root - ERROR -   self._init_dates(dates, freq)
2026-02-19 19:46:32,396 - root - INFO - 滞后 33: AIC=16.902090, BIC=19.914543, HQIC=18.089192, FPE=14878528499692570926907392.000000
2026-02-19 19:46:32,397 - root - ERROR - D:\anaconda\Lib\site-packages\statsmodels\tsa\base\tsa_model.py:473: ValueWarning: A date index has been provided, but it has no associated frequency information and so will be ignored when e.g. forecasting.
2026-02-19 19:46:32,397 - root - ERROR -   self._init_dates(dates, freq)
2026-02-19 19:46:32,503 - root - INFO - 滞后 34: AIC=15.496945, BIC=18.605615, HQIC=16.722075, FPE=31108153711279447339958272.000000
2026-02-19 19:46:32,503 - root - ERROR - D:\anaconda\Lib\site-packages\statsmodels\tsa\base\tsa_model.py:473: ValueWarning: A date index has been provided, but it has no associated frequency information and so will be ignored when e.g. forecasting.
2026-02-19 19:46:32,503 - root - ERROR -   self._init_dates(dates, freq)
2026-02-19 19:46:32,621 - root - INFO - 滞后 35: AIC=14.182389, BIC=17.387602, HQIC=15.445682, FPE=103657493178942092264603648.000000
2026-02-19 19:46:32,622 - root - ERROR - D:\anaconda\Lib\site-packages\statsmodels\tsa\base\tsa_model.py:473: ValueWarning: A date index has been provided, but it has no associated frequency information and so will be ignored when e.g. forecasting.
2026-02-19 19:46:32,622 - root - ERROR -   self._init_dates(dates, freq)
2026-02-19 19:46:32,733 - root - INFO - 滞后 36: AIC=12.862144, BIC=16.164227, HQIC=14.163737, FPE=394564141405749703140704256.000000
2026-02-19 19:46:32,734 - root - ERROR - D:\anaconda\Lib\site-packages\statsmodels\tsa\base\tsa_model.py:473: ValueWarning: A date index has been provided, but it has no associated frequency information and so will be ignored when e.g. forecasting.
2026-02-19 19:46:32,734 - root - ERROR -   self._init_dates(dates, freq)
2026-02-19 19:46:32,850 - root - INFO - 滞后 37: AIC=11.418453, BIC=14.817735, HQIC=12.758482, FPE=898066076357566782645469184.000000
2026-02-19 19:46:32,851 - root - ERROR - D:\anaconda\Lib\site-packages\statsmodels\tsa\base\tsa_model.py:473: ValueWarning: A date index has been provided, but it has no associated frequency information and so will be ignored when e.g. forecasting.
2026-02-19 19:46:32,851 - root - ERROR -   self._init_dates(dates, freq)
2026-02-19 19:46:32,973 - root - INFO - 滞后 38: AIC=10.067148, BIC=13.563960, HQIC=11.445751, FPE=3981308819327480600331288576.000000
2026-02-19 19:46:32,973 - root - ERROR - D:\anaconda\Lib\site-packages\statsmodels\tsa\base\tsa_model.py:473: ValueWarning: A date index has been provided, but it has no associated frequency information and so will be ignored when e.g. forecasting.
2026-02-19 19:46:32,973 - root - ERROR -   self._init_dates(dates, freq)
2026-02-19 19:46:33,094 - root - INFO - 滞后 39: AIC=8.717876, BIC=12.312550, HQIC=10.135192, FPE=23387692248274365967572664320.000000
2026-02-19 19:46:33,095 - root - ERROR - D:\anaconda\Lib\site-packages\statsmodels\tsa\base\tsa_model.py:473: ValueWarning: A date index has been provided, but it has no associated frequency information and so will be ignored when e.g. forecasting.
2026-02-19 19:46:33,095 - root - ERROR -   self._init_dates(dates, freq)
2026-02-19 19:46:33,219 - root - INFO - 滞后 40: AIC=7.324114, BIC=11.016986, HQIC=8.780282, FPE=129138635364189335855409659904.000000
2026-02-19 19:46:33,219 - root - ERROR - D:\anaconda\Lib\site-packages\statsmodels\tsa\base\tsa_model.py:473: ValueWarning: A date index has been provided, but it has no associated frequency information and so will be ignored when e.g. forecasting.
2026-02-19 19:46:33,219 - root - ERROR -   self._init_dates(dates, freq)
2026-02-19 19:46:33,352 - root - INFO - 滞后 41: AIC=5.924677, BIC=9.716082, HQIC=7.419835, FPE=899744669317929638130616369152.000000
2026-02-19 19:46:33,353 - root - ERROR - D:\anaconda\Lib\site-packages\statsmodels\tsa\base\tsa_model.py:473: ValueWarning: A date index has been provided, but it has no associated frequency information and so will be ignored when e.g. forecasting.
2026-02-19 19:46:33,353 - root - ERROR -   self._init_dates(dates, freq)
2026-02-19 19:46:33,477 - root - INFO - 滞后 42: AIC=4.532036, BIC=8.422313, HQIC=6.066328, FPE=9346291784569714131751411908608.000000
2026-02-19 19:46:33,478 - root - ERROR - D:\anaconda\Lib\site-packages\statsmodels\tsa\base\tsa_model.py:473: ValueWarning: A date index has been provided, but it has no associated frequency information and so will be ignored when e.g. forecasting.
2026-02-19 19:46:33,478 - root - ERROR -   self._init_dates(dates, freq)
2026-02-19 19:46:33,612 - root - INFO - 滞后 43: AIC=3.008285, BIC=6.997775, HQIC=4.581850, FPE=300830587874206136582476398592.000000
2026-02-19 19:46:33,612 - root - ERROR - D:\anaconda\Lib\site-packages\statsmodels\tsa\base\tsa_model.py:473: ValueWarning: A date index has been provided, but it has no associated frequency information and so will be ignored when e.g. forecasting.
2026-02-19 19:46:33,612 - root - ERROR -   self._init_dates(dates, freq)
2026-02-19 19:46:33,752 - root - ERROR - D:\HuaweiMoveData\Users\86180\Desktop\new\Construction.py:41: RuntimeWarning: divide by zero encountered in divide
2026-02-19 19:46:33,752 - root - ERROR -   sigma_u = np.dot(resid.T, resid) / df_resid
2026-02-19 19:46:33,768 - root - ERROR - D:\anaconda\Lib\site-packages\numpy\linalg\linalg.py:2180: RuntimeWarning: invalid value encountered in det
2026-02-19 19:46:33,768 - root - ERROR -   r = _umath_linalg.det(a, signature=signature)
2026-02-19 19:46:33,768 - root - ERROR - Traceback (most recent call last):
2026-02-19 19:46:33,768 - root - ERROR -   File "D:\HuaweiMoveData\Users\86180\Desktop\new\main.py", line 58, in <module>
2026-02-19 19:46:33,769 - root - ERROR - causal_indices, causal_vector, adj_matrix, optimal_lag = con.build_granger_causal_network(earnings)
2026-02-19 19:46:33,769 - root - ERROR - ^
2026-02-19 19:46:33,769 - root - ERROR - ^
2026-02-19 19:46:33,769 - root - ERROR - ^
2026-02-19 19:46:33,770 - root - ERROR - ^
2026-02-19 19:46:33,770 - root - ERROR - ^
2026-02-19 19:46:33,770 - root - ERROR - ^
2026-02-19 19:46:33,770 - root - ERROR - ^
2026-02-19 19:46:33,770 - root - ERROR - ^
2026-02-19 19:46:33,770 - root - ERROR - ^
2026-02-19 19:46:33,770 - root - ERROR - ^
2026-02-19 19:46:33,770 - root - ERROR - ^
2026-02-19 19:46:33,770 - root - ERROR - ^
2026-02-19 19:46:33,770 - root - ERROR - ^
2026-02-19 19:46:33,771 - root - ERROR - ^
2026-02-19 19:46:33,771 - root - ERROR - ^
2026-02-19 19:46:33,771 - root - ERROR - ^
2026-02-19 19:46:33,771 - root - ERROR - ^
2026-02-19 19:46:33,771 - root - ERROR - ^
2026-02-19 19:46:33,771 - root - ERROR - ^
2026-02-19 19:46:33,772 - root - ERROR - ^
2026-02-19 19:46:33,772 - root - ERROR - ^
2026-02-19 19:46:33,772 - root - ERROR - ^
2026-02-19 19:46:33,772 - root - ERROR - ^
2026-02-19 19:46:33,772 - root - ERROR - ^
2026-02-19 19:46:33,772 - root - ERROR - ^
2026-02-19 19:46:33,772 - root - ERROR - ^
2026-02-19 19:46:33,773 - root - ERROR - ^
2026-02-19 19:46:33,773 - root - ERROR - ^
2026-02-19 19:46:33,773 - root - ERROR - ^
2026-02-19 19:46:33,773 - root - ERROR - ^
2026-02-19 19:46:33,773 - root - ERROR - ^
2026-02-19 19:46:33,773 - root - ERROR - ^
2026-02-19 19:46:33,774 - root - ERROR - ^
2026-02-19 19:46:33,774 - root - ERROR - ^
2026-02-19 19:46:33,774 - root - ERROR - ^
2026-02-19 19:46:33,774 - root - ERROR - ^
2026-02-19 19:46:33,774 - root - ERROR - ^
2026-02-19 19:46:33,774 - root - ERROR - ^
2026-02-19 19:46:33,774 - root - ERROR - ^
2026-02-19 19:46:33,774 - root - ERROR - ^
2026-02-19 19:46:33,775 - root - ERROR - ^
2026-02-19 19:46:33,775 - root - ERROR - ^
2026-02-19 19:46:33,775 - root - ERROR -   File "D:\HuaweiMoveData\Users\86180\Desktop\new\Construction.py", line 52, in build_granger_causal_network
2026-02-19 19:46:33,775 - root - ERROR - fpe = det_sigma_u * ((nobs + df_model) / df_resid) ** neqs
2026-02-19 19:46:33,775 - root - ERROR - ~
2026-02-19 19:46:33,776 - root - ERROR - ~
2026-02-19 19:46:33,776 - root - ERROR - ~
2026-02-19 19:46:33,776 - root - ERROR - ~
2026-02-19 19:46:33,776 - root - ERROR - ~
2026-02-19 19:46:33,776 - root - ERROR - ~
2026-02-19 19:46:33,776 - root - ERROR - ~
2026-02-19 19:46:33,776 - root - ERROR - ~
2026-02-19 19:46:33,777 - root - ERROR - ~
2026-02-19 19:46:33,777 - root - ERROR - ~
2026-02-19 19:46:33,778 - root - ERROR - ~
2026-02-19 19:46:33,778 - root - ERROR - ~
2026-02-19 19:46:33,778 - root - ERROR - ~
2026-02-19 19:46:33,778 - root - ERROR - ~
2026-02-19 19:46:33,778 - root - ERROR - ~
2026-02-19 19:46:33,778 - root - ERROR - ~
2026-02-19 19:46:33,778 - root - ERROR - ~
2026-02-19 19:46:33,778 - root - ERROR - ~
2026-02-19 19:46:33,779 - root - ERROR - ^
2026-02-19 19:46:33,779 - root - ERROR - ~
2026-02-19 19:46:33,779 - root - ERROR - ~
2026-02-19 19:46:33,779 - root - ERROR - ~
2026-02-19 19:46:33,779 - root - ERROR - ~
2026-02-19 19:46:33,779 - root - ERROR - ~
2026-02-19 19:46:33,779 - root - ERROR - ~
2026-02-19 19:46:33,779 - root - ERROR - ~
2026-02-19 19:46:33,779 - root - ERROR - ~
2026-02-19 19:46:33,780 - root - ERROR - ~
2026-02-19 19:46:33,780 - root - ERROR - ZeroDivisionError
2026-02-19 19:46:33,780 - root - ERROR - :
2026-02-19 19:46:33,780 - root - ERROR - division by zero
