2026-02-14 12:04:31,755 - root - INFO - 合并后的收益率数据预览：
2026-02-14 12:04:31,763 - root - INFO -                 CATL  market_data_1_上证综指  market_data_2_深证成指  ...  downstream_3_长安汽车  downstream_4_上汽集团        LC
2026-02-14 12:04:31,763 - root - INFO - 日期                                                            ...
2026-02-14 12:04:31,763 - root - INFO - 2024-01-03 -0.006467           -0.000929           -0.000929  ...          -0.024691           0.003058 -0.016151
2026-02-14 12:04:31,763 - root - INFO - 2024-01-04 -0.029132           -0.008369           -0.008369  ...          -0.028081          -0.003049 -0.057692
2026-02-14 12:04:31,763 - root - INFO - 2024-01-05 -0.001957            0.015003            0.015003  ...          -0.023129          -0.003058 -0.017919
2026-02-14 12:04:31,763 - root - INFO - 2024-01-08 -0.005882           -0.011086           -0.011086  ...          -0.005900          -0.008481 -0.014698
2026-02-14 12:04:31,763 - root - INFO - 2024-01-09 -0.008547            0.002803            0.002803  ...           0.001127           0.003913  0.018004
2026-02-14 12:04:31,763 - root - INFO - ...              ...                 ...                 ...  ...                ...                ...       ...
2026-02-14 12:04:31,763 - root - INFO - 2025-12-25 -0.006647            0.001364            0.001364  ...          -0.002071           0.000000 -0.009622
2026-02-14 12:04:31,763 - root - INFO - 2025-12-26  0.003662           -0.001363           -0.001363  ...           0.006226           0.001808  0.056671
2026-02-14 12:04:31,763 - root - INFO - 2025-12-29 -0.013177            0.001364            0.001364  ...          -0.006188          -0.004265 -0.089641
2026-02-14 12:04:31,763 - root - INFO - 2025-12-30 -0.000290           -0.005450           -0.005450  ...           0.000000          -0.000659  0.023228
2026-02-14 12:04:31,763 - root - INFO - 2025-12-31 -0.005061           -0.004795           -0.004795  ...          -0.002681          -0.004533  0.000000
2026-02-14 12:04:31,763 - root - INFO - 
2026-02-14 12:04:31,763 - root - INFO - [484 rows x 10 columns]
2026-02-14 12:04:31,763 - root - ERROR - Traceback (most recent call last):
2026-02-14 12:04:31,763 - root - ERROR -   File "D:\HuaweiMoveData\Users\86180\Desktop\new\main.py", line 44, in <module>
2026-02-14 12:04:31,765 - root - ERROR - causal_vector, adj_matrix = pre.build_granger_causal_network(train_set)
2026-02-14 12:04:31,765 - root - ERROR - ^
2026-02-14 12:04:31,765 - root - ERROR - ^
2026-02-14 12:04:31,765 - root - ERROR - ^
2026-02-14 12:04:31,765 - root - ERROR - ^
2026-02-14 12:04:31,765 - root - ERROR - ^
2026-02-14 12:04:31,765 - root - ERROR - ^
2026-02-14 12:04:31,765 - root - ERROR - ^
2026-02-14 12:04:31,765 - root - ERROR - ^
2026-02-14 12:04:31,765 - root - ERROR - ^
2026-02-14 12:04:31,765 - root - ERROR - ^
2026-02-14 12:04:31,765 - root - ERROR - ^
2026-02-14 12:04:31,765 - root - ERROR - ^
2026-02-14 12:04:31,765 - root - ERROR - ^
2026-02-14 12:04:31,765 - root - ERROR - ^
2026-02-14 12:04:31,765 - root - ERROR - ^
2026-02-14 12:04:31,765 - root - ERROR - ^
2026-02-14 12:04:31,765 - root - ERROR - ^
2026-02-14 12:04:31,765 - root - ERROR - ^
2026-02-14 12:04:31,765 - root - ERROR - ^
2026-02-14 12:04:31,765 - root - ERROR - ^
2026-02-14 12:04:31,765 - root - ERROR - ^
2026-02-14 12:04:31,765 - root - ERROR - ^
2026-02-14 12:04:31,765 - root - ERROR - ^
2026-02-14 12:04:31,765 - root - ERROR - ^
2026-02-14 12:04:31,765 - root - ERROR - ^
2026-02-14 12:04:31,765 - root - ERROR - ^
2026-02-14 12:04:31,765 - root - ERROR - ^
2026-02-14 12:04:31,765 - root - ERROR - ^
2026-02-14 12:04:31,765 - root - ERROR - ^
2026-02-14 12:04:31,765 - root - ERROR - ^
2026-02-14 12:04:31,765 - root - ERROR - ^
2026-02-14 12:04:31,765 - root - ERROR - ^
2026-02-14 12:04:31,765 - root - ERROR - ^
2026-02-14 12:04:31,765 - root - ERROR - ^
2026-02-14 12:04:31,765 - root - ERROR - ^
2026-02-14 12:04:31,765 - root - ERROR - ^
2026-02-14 12:04:31,765 - root - ERROR - ^
2026-02-14 12:04:31,765 - root - ERROR - ^
2026-02-14 12:04:31,765 - root - ERROR - ^
2026-02-14 12:04:31,765 - root - ERROR - ^
2026-02-14 12:04:31,765 - root - ERROR - ^
2026-02-14 12:04:31,765 - root - ERROR - ^
2026-02-14 12:04:31,765 - root - ERROR - ^
2026-02-14 12:04:31,765 - root - ERROR -   File "D:\HuaweiMoveData\Users\86180\Desktop\new\Preprocessing.py", line 194, in build_granger_causal_network
2026-02-14 12:04:31,765 - root - ERROR - variable_list = earnings.columns
2026-02-14 12:04:31,765 - root - ERROR - ^
2026-02-14 12:04:31,765 - root - ERROR - ^
2026-02-14 12:04:31,765 - root - ERROR - ^
2026-02-14 12:04:31,767 - root - ERROR - ^
2026-02-14 12:04:31,767 - root - ERROR - ^
2026-02-14 12:04:31,767 - root - ERROR - ^
2026-02-14 12:04:31,767 - root - ERROR - ^
2026-02-14 12:04:31,767 - root - ERROR - ^
2026-02-14 12:04:31,767 - root - ERROR - ^
2026-02-14 12:04:31,767 - root - ERROR - ^
2026-02-14 12:04:31,767 - root - ERROR - ^
2026-02-14 12:04:31,767 - root - ERROR - ^
2026-02-14 12:04:31,767 - root - ERROR - ^
2026-02-14 12:04:31,767 - root - ERROR - ^
2026-02-14 12:04:31,767 - root - ERROR - ^
2026-02-14 12:04:31,767 - root - ERROR - ^
2026-02-14 12:04:31,767 - root - ERROR - AttributeError
2026-02-14 12:04:31,767 - root - ERROR - :
2026-02-14 12:04:31,767 - root - ERROR - 'DatetimeIndex' object has no attribute 'columns'
