2026-03-01 21:04:02,412 - root - ERROR - Traceback (most recent call last):
2026-03-01 21:04:02,412 - root - ERROR -   File "D:\HuaweiMoveData\Users\86180\Desktop\new\main.py", line 52, in <module>
2026-03-01 21:04:02,412 - root - ERROR - target_price_data, market_price_data, price_related_data = pre.load_data()
2026-03-01 21:04:02,412 - root - ERROR - ^
2026-03-01 21:04:02,412 - root - ERROR - ^
2026-03-01 21:04:02,423 - root - ERROR - ^
2026-03-01 21:04:02,423 - root - ERROR - ^
2026-03-01 21:04:02,423 - root - ERROR - ^
2026-03-01 21:04:02,423 - root - ERROR - ^
2026-03-01 21:04:02,424 - root - ERROR - ^
2026-03-01 21:04:02,424 - root - ERROR - ^
2026-03-01 21:04:02,424 - root - ERROR - ^
2026-03-01 21:04:02,425 - root - ERROR - ^
2026-03-01 21:04:02,425 - root - ERROR - ^
2026-03-01 21:04:02,425 - root - ERROR - ^
2026-03-01 21:04:02,425 - root - ERROR - ^
2026-03-01 21:04:02,426 - root - ERROR - ^
2026-03-01 21:04:02,426 - root - ERROR - ^
2026-03-01 21:04:02,426 - root - ERROR -   File "D:\HuaweiMoveData\Users\86180\Desktop\new\Preprocessing.py", line 105, in load_data
2026-03-01 21:04:02,427 - root - ERROR - df = pd.read_csv(f"{cache_dir}/{filename}", encoding='utf-8-sig')
2026-03-01 21:04:02,427 - root - ERROR - ^
2026-03-01 21:04:02,428 - root - ERROR - ^
2026-03-01 21:04:02,428 - root - ERROR - ^
2026-03-01 21:04:02,428 - root - ERROR - ^
2026-03-01 21:04:02,428 - root - ERROR - ^
2026-03-01 21:04:02,428 - root - ERROR - ^
2026-03-01 21:04:02,428 - root - ERROR - ^
2026-03-01 21:04:02,428 - root - ERROR - ^
2026-03-01 21:04:02,428 - root - ERROR - ^
2026-03-01 21:04:02,428 - root - ERROR - ^
2026-03-01 21:04:02,428 - root - ERROR - ^
2026-03-01 21:04:02,428 - root - ERROR - ^
2026-03-01 21:04:02,428 - root - ERROR - ^
2026-03-01 21:04:02,428 - root - ERROR - ^
2026-03-01 21:04:02,428 - root - ERROR - ^
2026-03-01 21:04:02,428 - root - ERROR - ^
2026-03-01 21:04:02,428 - root - ERROR - ^
2026-03-01 21:04:02,428 - root - ERROR - ^
2026-03-01 21:04:02,428 - root - ERROR - ^
2026-03-01 21:04:02,428 - root - ERROR - ^
2026-03-01 21:04:02,428 - root - ERROR - ^
2026-03-01 21:04:02,428 - root - ERROR - ^
2026-03-01 21:04:02,428 - root - ERROR - ^
2026-03-01 21:04:02,428 - root - ERROR - ^
2026-03-01 21:04:02,428 - root - ERROR - ^
2026-03-01 21:04:02,428 - root - ERROR - ^
2026-03-01 21:04:02,428 - root - ERROR - ^
2026-03-01 21:04:02,428 - root - ERROR - ^
2026-03-01 21:04:02,428 - root - ERROR - ^
2026-03-01 21:04:02,428 - root - ERROR - ^
2026-03-01 21:04:02,428 - root - ERROR - ^
2026-03-01 21:04:02,428 - root - ERROR - ^
2026-03-01 21:04:02,428 - root - ERROR - ^
2026-03-01 21:04:02,428 - root - ERROR - ^
2026-03-01 21:04:02,428 - root - ERROR - ^
2026-03-01 21:04:02,428 - root - ERROR - ^
2026-03-01 21:04:02,428 - root - ERROR - ^
2026-03-01 21:04:02,428 - root - ERROR - ^
2026-03-01 21:04:02,428 - root - ERROR - ^
2026-03-01 21:04:02,428 - root - ERROR - ^
2026-03-01 21:04:02,428 - root - ERROR - ^
2026-03-01 21:04:02,428 - root - ERROR - ^
2026-03-01 21:04:02,428 - root - ERROR - ^
2026-03-01 21:04:02,428 - root - ERROR - ^
2026-03-01 21:04:02,428 - root - ERROR - ^
2026-03-01 21:04:02,428 - root - ERROR - ^
2026-03-01 21:04:02,428 - root - ERROR - ^
2026-03-01 21:04:02,428 - root - ERROR - ^
2026-03-01 21:04:02,428 - root - ERROR - ^
2026-03-01 21:04:02,428 - root - ERROR - ^
2026-03-01 21:04:02,428 - root - ERROR - ^
2026-03-01 21:04:02,428 - root - ERROR - ^
2026-03-01 21:04:02,428 - root - ERROR - ^
2026-03-01 21:04:02,428 - root - ERROR - ^
2026-03-01 21:04:02,428 - root - ERROR - ^
2026-03-01 21:04:02,428 - root - ERROR - ^
2026-03-01 21:04:02,428 - root - ERROR - ^
2026-03-01 21:04:02,428 - root - ERROR - ^
2026-03-01 21:04:02,428 - root - ERROR - ^
2026-03-01 21:04:02,428 - root - ERROR - ^
2026-03-01 21:04:02,428 - root - ERROR -   File "D:\anaconda\Lib\site-packages\pandas\io\parsers\readers.py", line 1026, in read_csv
2026-03-01 21:04:02,472 - root - ERROR - return _read(filepath_or_buffer, kwds)
2026-03-01 21:04:02,473 - root - ERROR - ^
2026-03-01 21:04:02,473 - root - ERROR - ^
2026-03-01 21:04:02,474 - root - ERROR - ^
2026-03-01 21:04:02,474 - root - ERROR - ^
2026-03-01 21:04:02,475 - root - ERROR - ^
2026-03-01 21:04:02,475 - root - ERROR - ^
2026-03-01 21:04:02,475 - root - ERROR - ^
2026-03-01 21:04:02,476 - root - ERROR - ^
2026-03-01 21:04:02,476 - root - ERROR - ^
2026-03-01 21:04:02,476 - root - ERROR - ^
2026-03-01 21:04:02,477 - root - ERROR - ^
2026-03-01 21:04:02,477 - root - ERROR - ^
2026-03-01 21:04:02,477 - root - ERROR - ^
2026-03-01 21:04:02,477 - root - ERROR - ^
2026-03-01 21:04:02,477 - root - ERROR - ^
2026-03-01 21:04:02,478 - root - ERROR - ^
2026-03-01 21:04:02,478 - root - ERROR - ^
2026-03-01 21:04:02,478 - root - ERROR - ^
2026-03-01 21:04:02,478 - root - ERROR - ^
2026-03-01 21:04:02,478 - root - ERROR - ^
2026-03-01 21:04:02,479 - root - ERROR - ^
2026-03-01 21:04:02,479 - root - ERROR - ^
2026-03-01 21:04:02,479 - root - ERROR - ^
2026-03-01 21:04:02,479 - root - ERROR - ^
2026-03-01 21:04:02,480 - root - ERROR - ^
2026-03-01 21:04:02,480 - root - ERROR - ^
2026-03-01 21:04:02,480 - root - ERROR - ^
2026-03-01 21:04:02,480 - root - ERROR - ^
2026-03-01 21:04:02,480 - root - ERROR - ^
2026-03-01 21:04:02,480 - root - ERROR - ^
2026-03-01 21:04:02,481 - root - ERROR - ^
2026-03-01 21:04:02,481 - root - ERROR -   File "D:\anaconda\Lib\site-packages\pandas\io\parsers\readers.py", line 620, in _read
2026-03-01 21:04:02,481 - root - ERROR - parser = TextFileReader(filepath_or_buffer, **kwds)
2026-03-01 21:04:02,482 - root - ERROR - ^
2026-03-01 21:04:02,482 - root - ERROR - ^
2026-03-01 21:04:02,482 - root - ERROR - ^
2026-03-01 21:04:02,482 - root - ERROR - ^
2026-03-01 21:04:02,483 - root - ERROR - ^
2026-03-01 21:04:02,483 - root - ERROR - ^
2026-03-01 21:04:02,483 - root - ERROR - ^
2026-03-01 21:04:02,483 - root - ERROR - ^
2026-03-01 21:04:02,483 - root - ERROR - ^
2026-03-01 21:04:02,483 - root - ERROR - ^
2026-03-01 21:04:02,483 - root - ERROR - ^
2026-03-01 21:04:02,485 - root - ERROR - ^
2026-03-01 21:04:02,485 - root - ERROR - ^
2026-03-01 21:04:02,485 - root - ERROR - ^
2026-03-01 21:04:02,485 - root - ERROR - ^
2026-03-01 21:04:02,485 - root - ERROR - ^
2026-03-01 21:04:02,485 - root - ERROR - ^
2026-03-01 21:04:02,486 - root - ERROR - ^
2026-03-01 21:04:02,486 - root - ERROR - ^
2026-03-01 21:04:02,486 - root - ERROR - ^
2026-03-01 21:04:02,486 - root - ERROR - ^
2026-03-01 21:04:02,486 - root - ERROR - ^
2026-03-01 21:04:02,487 - root - ERROR - ^
2026-03-01 21:04:02,487 - root - ERROR - ^
2026-03-01 21:04:02,487 - root - ERROR - ^
2026-03-01 21:04:02,487 - root - ERROR - ^
2026-03-01 21:04:02,487 - root - ERROR - ^
2026-03-01 21:04:02,487 - root - ERROR - ^
2026-03-01 21:04:02,488 - root - ERROR - ^
2026-03-01 21:04:02,488 - root - ERROR - ^
2026-03-01 21:04:02,488 - root - ERROR - ^
2026-03-01 21:04:02,488 - root - ERROR - ^
2026-03-01 21:04:02,488 - root - ERROR - ^
2026-03-01 21:04:02,488 - root - ERROR - ^
2026-03-01 21:04:02,489 - root - ERROR - ^
2026-03-01 21:04:02,489 - root - ERROR - ^
2026-03-01 21:04:02,489 - root - ERROR - ^
2026-03-01 21:04:02,489 - root - ERROR - ^
2026-03-01 21:04:02,489 - root - ERROR - ^
2026-03-01 21:04:02,489 - root - ERROR - ^
2026-03-01 21:04:02,490 - root - ERROR - ^
2026-03-01 21:04:02,490 - root - ERROR - ^
2026-03-01 21:04:02,490 - root - ERROR -   File "D:\anaconda\Lib\site-packages\pandas\io\parsers\readers.py", line 1620, in __init__
2026-03-01 21:04:02,491 - root - ERROR - self._engine = self._make_engine(f, self.engine)
2026-03-01 21:04:02,491 - root - ERROR - ^
2026-03-01 21:04:02,492 - root - ERROR - ^
2026-03-01 21:04:02,492 - root - ERROR - ^
2026-03-01 21:04:02,492 - root - ERROR - ^
2026-03-01 21:04:02,492 - root - ERROR - ^
2026-03-01 21:04:02,492 - root - ERROR - ^
2026-03-01 21:04:02,493 - root - ERROR - ^
2026-03-01 21:04:02,493 - root - ERROR - ^
2026-03-01 21:04:02,493 - root - ERROR - ^
2026-03-01 21:04:02,493 - root - ERROR - ^
2026-03-01 21:04:02,493 - root - ERROR - ^
2026-03-01 21:04:02,494 - root - ERROR - ^
2026-03-01 21:04:02,494 - root - ERROR - ^
2026-03-01 21:04:02,494 - root - ERROR - ^
2026-03-01 21:04:02,494 - root - ERROR - ^
2026-03-01 21:04:02,494 - root - ERROR - ^
2026-03-01 21:04:02,495 - root - ERROR - ^
2026-03-01 21:04:02,495 - root - ERROR - ^
2026-03-01 21:04:02,495 - root - ERROR - ^
2026-03-01 21:04:02,495 - root - ERROR - ^
2026-03-01 21:04:02,495 - root - ERROR - ^
2026-03-01 21:04:02,496 - root - ERROR - ^
2026-03-01 21:04:02,496 - root - ERROR - ^
2026-03-01 21:04:02,496 - root - ERROR - ^
2026-03-01 21:04:02,496 - root - ERROR - ^
2026-03-01 21:04:02,496 - root - ERROR - ^
2026-03-01 21:04:02,496 - root - ERROR - ^
2026-03-01 21:04:02,497 - root - ERROR - ^
2026-03-01 21:04:02,497 - root - ERROR - ^
2026-03-01 21:04:02,497 - root - ERROR - ^
2026-03-01 21:04:02,497 - root - ERROR - ^
2026-03-01 21:04:02,497 - root - ERROR - ^
2026-03-01 21:04:02,497 - root - ERROR - ^
2026-03-01 21:04:02,498 - root - ERROR -   File "D:\anaconda\Lib\site-packages\pandas\io\parsers\readers.py", line 1880, in _make_engine
2026-03-01 21:04:02,498 - root - ERROR - self.handles = get_handle(
2026-03-01 21:04:02,499 - root - ERROR - ^
2026-03-01 21:04:02,499 - root - ERROR - ^
2026-03-01 21:04:02,499 - root - ERROR - ^
2026-03-01 21:04:02,499 - root - ERROR - ^
2026-03-01 21:04:02,499 - root - ERROR - ^
2026-03-01 21:04:02,500 - root - ERROR - ^
2026-03-01 21:04:02,500 - root - ERROR - ^
2026-03-01 21:04:02,500 - root - ERROR - ^
2026-03-01 21:04:02,500 - root - ERROR - ^
2026-03-01 21:04:02,501 - root - ERROR - ^
2026-03-01 21:04:02,501 - root - ERROR - ^
2026-03-01 21:04:02,501 - root - ERROR -   File "D:\anaconda\Lib\site-packages\pandas\io\common.py", line 873, in get_handle
2026-03-01 21:04:02,527 - root - ERROR - handle = open(
2026-03-01 21:04:02,528 - root - ERROR - ^
2026-03-01 21:04:02,528 - root - ERROR - ^
2026-03-01 21:04:02,528 - root - ERROR - ^
2026-03-01 21:04:02,529 - root - ERROR - ^
2026-03-01 21:04:02,529 - root - ERROR - ^
2026-03-01 21:04:02,529 - root - ERROR - FileNotFoundError
2026-03-01 21:04:02,530 - root - ERROR - :
2026-03-01 21:04:02,530 - root - ERROR - [Errno 2] No such file or directory: './date_cache/market_data_6_科创50.csv'
