2026-02-19 00:22:18,809 - root - ERROR - Traceback (most recent call last):
2026-02-19 00:22:18,811 - root - ERROR -   File "D:\HuaweiMoveData\Users\86180\Desktop\new\main.py", line 50, in <module>
2026-02-19 00:22:18,811 - root - ERROR - target_price_data, market_price_data, futures_price_data, price_upstream_data, price_downstream_data = pre.load_data()
2026-02-19 00:22:18,811 - root - ERROR - ^
2026-02-19 00:22:18,812 - root - ERROR - ^
2026-02-19 00:22:18,812 - root - ERROR - ^
2026-02-19 00:22:18,812 - root - ERROR - ^
2026-02-19 00:22:18,812 - root - ERROR - ^
2026-02-19 00:22:18,813 - root - ERROR - ^
2026-02-19 00:22:18,813 - root - ERROR - ^
2026-02-19 00:22:18,813 - root - ERROR - ^
2026-02-19 00:22:18,814 - root - ERROR - ^
2026-02-19 00:22:18,814 - root - ERROR - ^
2026-02-19 00:22:18,814 - root - ERROR - ^
2026-02-19 00:22:18,814 - root - ERROR - ^
2026-02-19 00:22:18,814 - root - ERROR - ^
2026-02-19 00:22:18,814 - root - ERROR - ^
2026-02-19 00:22:18,815 - root - ERROR - ^
2026-02-19 00:22:18,815 - root - ERROR -   File "D:\HuaweiMoveData\Users\86180\Desktop\new\Preprocessing.py", line 104, in load_data
2026-02-19 00:22:18,815 - root - ERROR - df = pd.read_csv(f"{cache_dir}/{filename}.csv", encoding='utf-8-sig')
2026-02-19 00:22:18,815 - root - ERROR - ^
2026-02-19 00:22:18,816 - root - ERROR - ^
2026-02-19 00:22:18,816 - root - ERROR - ^
2026-02-19 00:22:18,816 - root - ERROR - ^
2026-02-19 00:22:18,816 - root - ERROR - ^
2026-02-19 00:22:18,816 - root - ERROR - ^
2026-02-19 00:22:18,816 - root - ERROR - ^
2026-02-19 00:22:18,817 - root - ERROR - ^
2026-02-19 00:22:18,817 - root - ERROR - ^
2026-02-19 00:22:18,817 - root - ERROR - ^
2026-02-19 00:22:18,817 - root - ERROR - ^
2026-02-19 00:22:18,818 - root - ERROR - ^
2026-02-19 00:22:18,818 - root - ERROR - ^
2026-02-19 00:22:18,818 - root - ERROR - ^
2026-02-19 00:22:18,818 - root - ERROR - ^
2026-02-19 00:22:18,818 - root - ERROR - ^
2026-02-19 00:22:18,819 - root - ERROR - ^
2026-02-19 00:22:18,819 - root - ERROR - ^
2026-02-19 00:22:18,819 - root - ERROR - ^
2026-02-19 00:22:18,819 - root - ERROR - ^
2026-02-19 00:22:18,819 - root - ERROR - ^
2026-02-19 00:22:18,819 - root - ERROR - ^
2026-02-19 00:22:18,819 - root - ERROR - ^
2026-02-19 00:22:18,819 - root - ERROR - ^
2026-02-19 00:22:18,820 - root - ERROR - ^
2026-02-19 00:22:18,820 - root - ERROR - ^
2026-02-19 00:22:18,820 - root - ERROR - ^
2026-02-19 00:22:18,820 - root - ERROR - ^
2026-02-19 00:22:18,820 - root - ERROR - ^
2026-02-19 00:22:18,820 - root - ERROR - ^
2026-02-19 00:22:18,821 - root - ERROR - ^
2026-02-19 00:22:18,821 - root - ERROR - ^
2026-02-19 00:22:18,821 - root - ERROR - ^
2026-02-19 00:22:18,821 - root - ERROR - ^
2026-02-19 00:22:18,822 - root - ERROR - ^
2026-02-19 00:22:18,822 - root - ERROR - ^
2026-02-19 00:22:18,822 - root - ERROR - ^
2026-02-19 00:22:18,822 - root - ERROR - ^
2026-02-19 00:22:18,822 - root - ERROR - ^
2026-02-19 00:22:18,822 - root - ERROR - ^
2026-02-19 00:22:18,822 - root - ERROR - ^
2026-02-19 00:22:18,823 - root - ERROR - ^
2026-02-19 00:22:18,823 - root - ERROR - ^
2026-02-19 00:22:18,823 - root - ERROR - ^
2026-02-19 00:22:18,823 - root - ERROR - ^
2026-02-19 00:22:18,823 - root - ERROR - ^
2026-02-19 00:22:18,823 - root - ERROR - ^
2026-02-19 00:22:18,824 - root - ERROR - ^
2026-02-19 00:22:18,824 - root - ERROR - ^
2026-02-19 00:22:18,824 - root - ERROR - ^
2026-02-19 00:22:18,824 - root - ERROR - ^
2026-02-19 00:22:18,824 - root - ERROR - ^
2026-02-19 00:22:18,824 - root - ERROR - ^
2026-02-19 00:22:18,825 - root - ERROR - ^
2026-02-19 00:22:18,825 - root - ERROR - ^
2026-02-19 00:22:18,825 - root - ERROR - ^
2026-02-19 00:22:18,825 - root - ERROR - ^
2026-02-19 00:22:18,825 - root - ERROR - ^
2026-02-19 00:22:18,825 - root - ERROR - ^
2026-02-19 00:22:18,825 - root - ERROR - ^
2026-02-19 00:22:18,825 - root - ERROR - ^
2026-02-19 00:22:18,827 - root - ERROR - ^
2026-02-19 00:22:18,827 - root - ERROR - ^
2026-02-19 00:22:18,827 - root - ERROR - ^
2026-02-19 00:22:18,827 - root - ERROR -   File "D:\anaconda\Lib\site-packages\pandas\io\parsers\readers.py", line 1026, in read_csv
2026-02-19 00:22:18,850 - root - ERROR - return _read(filepath_or_buffer, kwds)
2026-02-19 00:22:18,851 - root - ERROR - ^
2026-02-19 00:22:18,851 - root - ERROR - ^
2026-02-19 00:22:18,852 - root - ERROR - ^
2026-02-19 00:22:18,852 - root - ERROR - ^
2026-02-19 00:22:18,852 - root - ERROR - ^
2026-02-19 00:22:18,852 - root - ERROR - ^
2026-02-19 00:22:18,852 - root - ERROR - ^
2026-02-19 00:22:18,853 - root - ERROR - ^
2026-02-19 00:22:18,853 - root - ERROR - ^
2026-02-19 00:22:18,853 - root - ERROR - ^
2026-02-19 00:22:18,853 - root - ERROR - ^
2026-02-19 00:22:18,854 - root - ERROR - ^
2026-02-19 00:22:18,854 - root - ERROR - ^
2026-02-19 00:22:18,854 - root - ERROR - ^
2026-02-19 00:22:18,854 - root - ERROR - ^
2026-02-19 00:22:18,854 - root - ERROR - ^
2026-02-19 00:22:18,855 - root - ERROR - ^
2026-02-19 00:22:18,855 - root - ERROR - ^
2026-02-19 00:22:18,855 - root - ERROR - ^
2026-02-19 00:22:18,855 - root - ERROR - ^
2026-02-19 00:22:18,855 - root - ERROR - ^
2026-02-19 00:22:18,855 - root - ERROR - ^
2026-02-19 00:22:18,855 - root - ERROR - ^
2026-02-19 00:22:18,856 - root - ERROR - ^
2026-02-19 00:22:18,856 - root - ERROR - ^
2026-02-19 00:22:18,856 - root - ERROR - ^
2026-02-19 00:22:18,856 - root - ERROR - ^
2026-02-19 00:22:18,856 - root - ERROR - ^
2026-02-19 00:22:18,857 - root - ERROR - ^
2026-02-19 00:22:18,857 - root - ERROR - ^
2026-02-19 00:22:18,857 - root - ERROR - ^
2026-02-19 00:22:18,857 - root - ERROR -   File "D:\anaconda\Lib\site-packages\pandas\io\parsers\readers.py", line 620, in _read
2026-02-19 00:22:18,857 - root - ERROR - parser = TextFileReader(filepath_or_buffer, **kwds)
2026-02-19 00:22:18,859 - root - ERROR - ^
2026-02-19 00:22:18,859 - root - ERROR - ^
2026-02-19 00:22:18,859 - root - ERROR - ^
2026-02-19 00:22:18,859 - root - ERROR - ^
2026-02-19 00:22:18,859 - root - ERROR - ^
2026-02-19 00:22:18,860 - root - ERROR - ^
2026-02-19 00:22:18,860 - root - ERROR - ^
2026-02-19 00:22:18,860 - root - ERROR - ^
2026-02-19 00:22:18,860 - root - ERROR - ^
2026-02-19 00:22:18,860 - root - ERROR - ^
2026-02-19 00:22:18,860 - root - ERROR - ^
2026-02-19 00:22:18,861 - root - ERROR - ^
2026-02-19 00:22:18,861 - root - ERROR - ^
2026-02-19 00:22:18,861 - root - ERROR - ^
2026-02-19 00:22:18,861 - root - ERROR - ^
2026-02-19 00:22:18,861 - root - ERROR - ^
2026-02-19 00:22:18,861 - root - ERROR - ^
2026-02-19 00:22:18,862 - root - ERROR - ^
2026-02-19 00:22:18,862 - root - ERROR - ^
2026-02-19 00:22:18,862 - root - ERROR - ^
2026-02-19 00:22:18,862 - root - ERROR - ^
2026-02-19 00:22:18,862 - root - ERROR - ^
2026-02-19 00:22:18,862 - root - ERROR - ^
2026-02-19 00:22:18,862 - root - ERROR - ^
2026-02-19 00:22:18,863 - root - ERROR - ^
2026-02-19 00:22:18,863 - root - ERROR - ^
2026-02-19 00:22:18,863 - root - ERROR - ^
2026-02-19 00:22:18,863 - root - ERROR - ^
2026-02-19 00:22:18,863 - root - ERROR - ^
2026-02-19 00:22:18,863 - root - ERROR - ^
2026-02-19 00:22:18,864 - root - ERROR - ^
2026-02-19 00:22:18,864 - root - ERROR - ^
2026-02-19 00:22:18,864 - root - ERROR - ^
2026-02-19 00:22:18,864 - root - ERROR - ^
2026-02-19 00:22:18,864 - root - ERROR - ^
2026-02-19 00:22:18,864 - root - ERROR - ^
2026-02-19 00:22:18,865 - root - ERROR - ^
2026-02-19 00:22:18,865 - root - ERROR - ^
2026-02-19 00:22:18,865 - root - ERROR - ^
2026-02-19 00:22:18,865 - root - ERROR - ^
2026-02-19 00:22:18,865 - root - ERROR - ^
2026-02-19 00:22:18,865 - root - ERROR - ^
2026-02-19 00:22:18,866 - root - ERROR -   File "D:\anaconda\Lib\site-packages\pandas\io\parsers\readers.py", line 1620, in __init__
2026-02-19 00:22:18,866 - root - ERROR - self._engine = self._make_engine(f, self.engine)
2026-02-19 00:22:18,866 - root - ERROR - ^
2026-02-19 00:22:18,867 - root - ERROR - ^
2026-02-19 00:22:18,867 - root - ERROR - ^
2026-02-19 00:22:18,867 - root - ERROR - ^
2026-02-19 00:22:18,867 - root - ERROR - ^
2026-02-19 00:22:18,867 - root - ERROR - ^
2026-02-19 00:22:18,868 - root - ERROR - ^
2026-02-19 00:22:18,868 - root - ERROR - ^
2026-02-19 00:22:18,868 - root - ERROR - ^
2026-02-19 00:22:18,868 - root - ERROR - ^
2026-02-19 00:22:18,868 - root - ERROR - ^
2026-02-19 00:22:18,868 - root - ERROR - ^
2026-02-19 00:22:18,868 - root - ERROR - ^
2026-02-19 00:22:18,868 - root - ERROR - ^
2026-02-19 00:22:18,868 - root - ERROR - ^
2026-02-19 00:22:18,869 - root - ERROR - ^
2026-02-19 00:22:18,869 - root - ERROR - ^
2026-02-19 00:22:18,869 - root - ERROR - ^
2026-02-19 00:22:18,869 - root - ERROR - ^
2026-02-19 00:22:18,869 - root - ERROR - ^
2026-02-19 00:22:18,870 - root - ERROR - ^
2026-02-19 00:22:18,870 - root - ERROR - ^
2026-02-19 00:22:18,870 - root - ERROR - ^
2026-02-19 00:22:18,870 - root - ERROR - ^
2026-02-19 00:22:18,870 - root - ERROR - ^
2026-02-19 00:22:18,870 - root - ERROR - ^
2026-02-19 00:22:18,871 - root - ERROR - ^
2026-02-19 00:22:18,871 - root - ERROR - ^
2026-02-19 00:22:18,871 - root - ERROR - ^
2026-02-19 00:22:18,871 - root - ERROR - ^
2026-02-19 00:22:18,871 - root - ERROR - ^
2026-02-19 00:22:18,871 - root - ERROR - ^
2026-02-19 00:22:18,871 - root - ERROR - ^
2026-02-19 00:22:18,872 - root - ERROR -   File "D:\anaconda\Lib\site-packages\pandas\io\parsers\readers.py", line 1880, in _make_engine
2026-02-19 00:22:18,872 - root - ERROR - self.handles = get_handle(
2026-02-19 00:22:18,872 - root - ERROR - ^
2026-02-19 00:22:18,872 - root - ERROR - ^
2026-02-19 00:22:18,873 - root - ERROR - ^
2026-02-19 00:22:18,873 - root - ERROR - ^
2026-02-19 00:22:18,873 - root - ERROR - ^
2026-02-19 00:22:18,873 - root - ERROR - ^
2026-02-19 00:22:18,873 - root - ERROR - ^
2026-02-19 00:22:18,873 - root - ERROR - ^
2026-02-19 00:22:18,873 - root - ERROR - ^
2026-02-19 00:22:18,874 - root - ERROR - ^
2026-02-19 00:22:18,874 - root - ERROR - ^
2026-02-19 00:22:18,874 - root - ERROR -   File "D:\anaconda\Lib\site-packages\pandas\io\common.py", line 873, in get_handle
2026-02-19 00:22:18,899 - root - ERROR - handle = open(
2026-02-19 00:22:18,900 - root - ERROR - ^
2026-02-19 00:22:18,900 - root - ERROR - ^
2026-02-19 00:22:18,901 - root - ERROR - ^
2026-02-19 00:22:18,901 - root - ERROR - ^
2026-02-19 00:22:18,901 - root - ERROR - ^
2026-02-19 00:22:18,901 - root - ERROR - FileNotFoundError
2026-02-19 00:22:18,902 - root - ERROR - :
2026-02-19 00:22:18,902 - root - ERROR - [Errno 2] No such file or directory: './date_cache/market_data_1_上证综指.csv.csv'
