2026-02-19 00:12:40,362 - root - INFO - 合并后的价格数据预览：
2026-02-19 00:12:40,377 - root - INFO -               宁德时代  market_data_1_上证综指  market_data_2_深证成指  upstream_1_湖南裕能  ...  downstream_2_长城汽车  downstream_3_长安汽车  downstream_4_上汽集团        LC
2026-02-19 00:12:40,379 - root - INFO - 日期                                                                           ...
2026-02-19 00:12:40,379 - root - INFO - 2024-01-02  286.07             1345.53             1345.53            33.31  ...              83.29             144.59             111.18  108350.0
2026-02-19 00:12:40,379 - root - INFO - 2024-01-03  284.22             1344.28             1344.28            32.89  ...              81.79             141.02             111.52  106600.0
2026-02-19 00:12:40,381 - root - INFO - 2024-01-04  275.94             1333.03             1333.03            32.45  ...              80.86             137.06             111.18  100450.0
2026-02-19 00:12:40,381 - root - INFO - 2024-01-05  275.40             1353.03             1353.03            32.60  ...              80.26             133.89             110.84   98650.0
2026-02-19 00:12:40,382 - root - INFO - 2024-01-08  273.78             1338.03             1338.03            32.05  ...              78.34             133.10             109.90   97200.0
2026-02-19 00:12:40,382 - root - INFO - ...            ...                 ...                 ...              ...  ...                ...                ...                ...       ...
2026-02-19 00:12:40,382 - root - INFO - 2025-12-25  696.42             1834.74             1834.74            67.57  ...              78.10             115.64             121.71  123520.0
2026-02-19 00:12:40,383 - root - INFO - 2025-12-26  698.97             1832.24             1832.24            71.89  ...              79.93             116.36             121.93  130520.0
2026-02-19 00:12:40,383 - root - INFO - 2025-12-29  689.76             1834.74             1834.74            68.05  ...              79.42             115.64             121.41  118820.0
2026-02-19 00:12:40,383 - root - INFO - 2025-12-30  689.56             1824.74             1824.74            67.58  ...              79.09             115.64             121.33  121580.0
2026-02-19 00:12:40,383 - root - INFO - 2025-12-31  686.07             1815.99             1815.99            65.63  ...              79.48             115.33             120.78  121580.0
2026-02-19 00:12:40,383 - root - INFO - 
2026-02-19 00:12:40,383 - root - INFO - [485 rows x 10 columns]
2026-02-19 00:12:40,386 - root - INFO - 相关系数：
2026-02-19 00:12:40,391 - root - INFO - 宁德时代                宁德时代                  1.0
2026-02-19 00:12:40,391 - root - INFO - market_data_1_上证综指  market_data_1_上证综指    1.0
2026-02-19 00:12:40,391 - root - INFO - downstream_4_上汽集团   downstream_4_上汽集团     1.0
2026-02-19 00:12:40,392 - root - INFO - downstream_3_长安汽车   downstream_3_长安汽车     1.0
2026-02-19 00:12:40,392 - root - INFO - downstream_2_长城汽车   downstream_2_长城汽车     1.0
2026-02-19 00:12:40,392 - root - INFO - downstream_1_比亚迪    downstream_1_比亚迪      1.0
2026-02-19 00:12:40,392 - root - INFO - upstream_2_盛新锂能     upstream_2_盛新锂能       1.0
2026-02-19 00:12:40,392 - root - INFO - upstream_1_湖南裕能     upstream_1_湖南裕能       1.0
2026-02-19 00:12:40,392 - root - INFO - market_data_2_深证成指  market_data_2_深证成指    1.0
2026-02-19 00:12:40,393 - root - INFO -                     market_data_1_上证综指    1.0
2026-02-19 00:12:40,393 - root - INFO - dtype: float64
2026-02-19 00:12:40,394 - root - ERROR - D:\anaconda\Lib\site-packages\statsmodels\tsa\base\tsa_model.py:473: ValueWarning: A date index has been provided, but it has no associated frequency information and so will be ignored when e.g. forecasting.
2026-02-19 00:12:40,394 - root - ERROR -   self._init_dates(dates, freq)
2026-02-19 00:12:40,399 - root - ERROR - D:\anaconda\Lib\site-packages\statsmodels\tsa\base\tsa_model.py:473: ValueWarning: A date index has been provided, but it has no associated frequency information and so will be ignored when e.g. forecasting.
2026-02-19 00:12:40,400 - root - ERROR -   self._init_dates(dates, freq)
2026-02-19 00:12:40,402 - root - ERROR - D:\anaconda\Lib\site-packages\statsmodels\tsa\base\tsa_model.py:473: ValueWarning: A date index has been provided, but it has no associated frequency information and so will be ignored when e.g. forecasting.
2026-02-19 00:12:40,403 - root - ERROR -   self._init_dates(dates, freq)
2026-02-19 00:12:40,407 - root - ERROR - Traceback (most recent call last):
2026-02-19 00:12:40,407 - root - ERROR -   File "D:\HuaweiMoveData\Users\86180\Desktop\new\main.py", line 56, in <module>
2026-02-19 00:12:40,408 - root - ERROR - causal_indices, causal_vector, adj_matrix = con.build_granger_causal_network(earnings)
2026-02-19 00:12:40,408 - root - ERROR - ^
2026-02-19 00:12:40,408 - root - ERROR - ^
2026-02-19 00:12:40,408 - root - ERROR - ^
2026-02-19 00:12:40,408 - root - ERROR - ^
2026-02-19 00:12:40,409 - root - ERROR - ^
2026-02-19 00:12:40,409 - root - ERROR - ^
2026-02-19 00:12:40,409 - root - ERROR - ^
2026-02-19 00:12:40,409 - root - ERROR - ^
2026-02-19 00:12:40,409 - root - ERROR - ^
2026-02-19 00:12:40,409 - root - ERROR - ^
2026-02-19 00:12:40,409 - root - ERROR - ^
2026-02-19 00:12:40,410 - root - ERROR - ^
2026-02-19 00:12:40,410 - root - ERROR - ^
2026-02-19 00:12:40,410 - root - ERROR - ^
2026-02-19 00:12:40,410 - root - ERROR - ^
2026-02-19 00:12:40,410 - root - ERROR - ^
2026-02-19 00:12:40,411 - root - ERROR - ^
2026-02-19 00:12:40,411 - root - ERROR - ^
2026-02-19 00:12:40,411 - root - ERROR - ^
2026-02-19 00:12:40,411 - root - ERROR - ^
2026-02-19 00:12:40,411 - root - ERROR - ^
2026-02-19 00:12:40,411 - root - ERROR - ^
2026-02-19 00:12:40,412 - root - ERROR - ^
2026-02-19 00:12:40,412 - root - ERROR - ^
2026-02-19 00:12:40,412 - root - ERROR - ^
2026-02-19 00:12:40,412 - root - ERROR - ^
2026-02-19 00:12:40,412 - root - ERROR - ^
2026-02-19 00:12:40,412 - root - ERROR - ^
2026-02-19 00:12:40,413 - root - ERROR - ^
2026-02-19 00:12:40,413 - root - ERROR - ^
2026-02-19 00:12:40,413 - root - ERROR - ^
2026-02-19 00:12:40,413 - root - ERROR - ^
2026-02-19 00:12:40,413 - root - ERROR - ^
2026-02-19 00:12:40,414 - root - ERROR - ^
2026-02-19 00:12:40,414 - root - ERROR - ^
2026-02-19 00:12:40,414 - root - ERROR - ^
2026-02-19 00:12:40,414 - root - ERROR - ^
2026-02-19 00:12:40,414 - root - ERROR - ^
2026-02-19 00:12:40,414 - root - ERROR - ^
2026-02-19 00:12:40,415 - root - ERROR - ^
2026-02-19 00:12:40,415 - root - ERROR - ^
2026-02-19 00:12:40,416 - root - ERROR - ^
2026-02-19 00:12:40,416 - root - ERROR -   File "D:\HuaweiMoveData\Users\86180\Desktop\new\Construction.py", line 39, in build_granger_causal_network
2026-02-19 00:12:40,416 - root - ERROR - aic_values.append(var_result.aic)
2026-02-19 00:12:40,417 - root - ERROR - ^
2026-02-19 00:12:40,417 - root - ERROR - ^
2026-02-19 00:12:40,417 - root - ERROR - ^
2026-02-19 00:12:40,417 - root - ERROR - ^
2026-02-19 00:12:40,417 - root - ERROR - ^
2026-02-19 00:12:40,417 - root - ERROR - ^
2026-02-19 00:12:40,417 - root - ERROR - ^
2026-02-19 00:12:40,418 - root - ERROR - ^
2026-02-19 00:12:40,418 - root - ERROR - ^
2026-02-19 00:12:40,418 - root - ERROR - ^
2026-02-19 00:12:40,418 - root - ERROR - ^
2026-02-19 00:12:40,418 - root - ERROR - ^
2026-02-19 00:12:40,419 - root - ERROR - ^
2026-02-19 00:12:40,419 - root - ERROR - ^
2026-02-19 00:12:40,419 - root - ERROR -   File "D:\anaconda\Lib\site-packages\statsmodels\base\wrapper.py", line 34, in __getattribute__
2026-02-19 00:12:40,419 - root - ERROR - obj = getattr(results, attr)
2026-02-19 00:12:40,420 - root - ERROR - ^
2026-02-19 00:12:40,420 - root - ERROR - ^
2026-02-19 00:12:40,420 - root - ERROR - ^
2026-02-19 00:12:40,420 - root - ERROR - ^
2026-02-19 00:12:40,420 - root - ERROR - ^
2026-02-19 00:12:40,420 - root - ERROR - ^
2026-02-19 00:12:40,421 - root - ERROR - ^
2026-02-19 00:12:40,421 - root - ERROR - ^
2026-02-19 00:12:40,421 - root - ERROR - ^
2026-02-19 00:12:40,422 - root - ERROR - ^
2026-02-19 00:12:40,422 - root - ERROR - ^
2026-02-19 00:12:40,422 - root - ERROR - ^
2026-02-19 00:12:40,422 - root - ERROR - ^
2026-02-19 00:12:40,423 - root - ERROR - ^
2026-02-19 00:12:40,423 - root - ERROR - ^
2026-02-19 00:12:40,423 - root - ERROR - ^
2026-02-19 00:12:40,423 - root - ERROR - ^
2026-02-19 00:12:40,424 - root - ERROR - ^
2026-02-19 00:12:40,424 - root - ERROR - ^
2026-02-19 00:12:40,424 - root - ERROR - ^
2026-02-19 00:12:40,424 - root - ERROR - ^
2026-02-19 00:12:40,424 - root - ERROR - ^
2026-02-19 00:12:40,424 - root - ERROR -   File "D:\anaconda\Lib\site-packages\statsmodels\tsa\vector_ar\var_model.py", line 2308, in aic
2026-02-19 00:12:40,425 - root - ERROR - return self.info_criteria["aic"]
2026-02-19 00:12:40,425 - root - ERROR - ^
2026-02-19 00:12:40,425 - root - ERROR - ^
2026-02-19 00:12:40,425 - root - ERROR - ^
2026-02-19 00:12:40,426 - root - ERROR - ^
2026-02-19 00:12:40,426 - root - ERROR - ^
2026-02-19 00:12:40,426 - root - ERROR - ^
2026-02-19 00:12:40,426 - root - ERROR - ^
2026-02-19 00:12:40,428 - root - ERROR - ^
2026-02-19 00:12:40,428 - root - ERROR - ^
2026-02-19 00:12:40,428 - root - ERROR - ^
2026-02-19 00:12:40,428 - root - ERROR - ^
2026-02-19 00:12:40,428 - root - ERROR - ^
2026-02-19 00:12:40,429 - root - ERROR - ^
2026-02-19 00:12:40,429 - root - ERROR - ^
2026-02-19 00:12:40,429 - root - ERROR - ^
2026-02-19 00:12:40,429 - root - ERROR - ^
2026-02-19 00:12:40,429 - root - ERROR - ^
2026-02-19 00:12:40,429 - root - ERROR - ^
2026-02-19 00:12:40,429 - root - ERROR -   File "properties.pyx", line 36, in pandas._libs.properties.CachedProperty.__get__
2026-02-19 00:12:40,430 - root - ERROR -   File "D:\anaconda\Lib\site-packages\statsmodels\tsa\vector_ar\var_model.py", line 2289, in info_criteria
2026-02-19 00:12:40,431 - root - ERROR - ld = logdet_symm(self.sigma_u_mle)
2026-02-19 00:12:40,431 - root - ERROR - ^
2026-02-19 00:12:40,432 - root - ERROR - ^
2026-02-19 00:12:40,432 - root - ERROR - ^
2026-02-19 00:12:40,432 - root - ERROR - ^
2026-02-19 00:12:40,432 - root - ERROR - ^
2026-02-19 00:12:40,432 - root - ERROR - ^
2026-02-19 00:12:40,432 - root - ERROR - ^
2026-02-19 00:12:40,432 - root - ERROR - ^
2026-02-19 00:12:40,433 - root - ERROR - ^
2026-02-19 00:12:40,433 - root - ERROR - ^
2026-02-19 00:12:40,433 - root - ERROR - ^
2026-02-19 00:12:40,433 - root - ERROR - ^
2026-02-19 00:12:40,433 - root - ERROR - ^
2026-02-19 00:12:40,433 - root - ERROR - ^
2026-02-19 00:12:40,433 - root - ERROR - ^
2026-02-19 00:12:40,433 - root - ERROR - ^
2026-02-19 00:12:40,434 - root - ERROR - ^
2026-02-19 00:12:40,434 - root - ERROR - ^
2026-02-19 00:12:40,434 - root - ERROR - ^
2026-02-19 00:12:40,434 - root - ERROR - ^
2026-02-19 00:12:40,434 - root - ERROR - ^
2026-02-19 00:12:40,434 - root - ERROR - ^
2026-02-19 00:12:40,434 - root - ERROR - ^
2026-02-19 00:12:40,434 - root - ERROR - ^
2026-02-19 00:12:40,434 - root - ERROR - ^
2026-02-19 00:12:40,435 - root - ERROR - ^
2026-02-19 00:12:40,435 - root - ERROR - ^
2026-02-19 00:12:40,435 - root - ERROR - ^
2026-02-19 00:12:40,435 - root - ERROR - ^
2026-02-19 00:12:40,435 - root - ERROR -   File "D:\anaconda\Lib\site-packages\statsmodels\tools\linalg.py", line 28, in logdet_symm
2026-02-19 00:12:40,435 - root - ERROR - c, _ = linalg.cho_factor(m, lower=True)
2026-02-19 00:12:40,435 - root - ERROR - ^
2026-02-19 00:12:40,435 - root - ERROR - ^
2026-02-19 00:12:40,435 - root - ERROR - ^
2026-02-19 00:12:40,435 - root - ERROR - ^
2026-02-19 00:12:40,436 - root - ERROR - ^
2026-02-19 00:12:40,436 - root - ERROR - ^
2026-02-19 00:12:40,436 - root - ERROR - ^
2026-02-19 00:12:40,436 - root - ERROR - ^
2026-02-19 00:12:40,436 - root - ERROR - ^
2026-02-19 00:12:40,436 - root - ERROR - ^
2026-02-19 00:12:40,436 - root - ERROR - ^
2026-02-19 00:12:40,436 - root - ERROR - ^
2026-02-19 00:12:40,437 - root - ERROR - ^
2026-02-19 00:12:40,437 - root - ERROR - ^
2026-02-19 00:12:40,437 - root - ERROR - ^
2026-02-19 00:12:40,437 - root - ERROR - ^
2026-02-19 00:12:40,437 - root - ERROR - ^
2026-02-19 00:12:40,437 - root - ERROR - ^
2026-02-19 00:12:40,437 - root - ERROR - ^
2026-02-19 00:12:40,438 - root - ERROR - ^
2026-02-19 00:12:40,438 - root - ERROR - ^
2026-02-19 00:12:40,438 - root - ERROR - ^
2026-02-19 00:12:40,438 - root - ERROR - ^
2026-02-19 00:12:40,438 - root - ERROR - ^
2026-02-19 00:12:40,438 - root - ERROR - ^
2026-02-19 00:12:40,438 - root - ERROR - ^
2026-02-19 00:12:40,438 - root - ERROR - ^
2026-02-19 00:12:40,438 - root - ERROR - ^
2026-02-19 00:12:40,439 - root - ERROR - ^
2026-02-19 00:12:40,439 - root - ERROR - ^
2026-02-19 00:12:40,439 - root - ERROR - ^
2026-02-19 00:12:40,439 - root - ERROR - ^
2026-02-19 00:12:40,439 - root - ERROR -   File "D:\anaconda\Lib\site-packages\scipy\linalg\_decomp_cholesky.py", line 153, in cho_factor
2026-02-19 00:12:40,439 - root - ERROR - c, lower = _cholesky(a, lower=lower, overwrite_a=overwrite_a, clean=False,
2026-02-19 00:12:40,440 - root - ERROR - ^
2026-02-19 00:12:40,440 - root - ERROR - ^
2026-02-19 00:12:40,440 - root - ERROR - ^
2026-02-19 00:12:40,440 - root - ERROR - ^
2026-02-19 00:12:40,440 - root - ERROR - ^
2026-02-19 00:12:40,440 - root - ERROR - ^
2026-02-19 00:12:40,440 - root - ERROR - ^
2026-02-19 00:12:40,440 - root - ERROR - ^
2026-02-19 00:12:40,441 - root - ERROR - ^
2026-02-19 00:12:40,441 - root - ERROR - ^
2026-02-19 00:12:40,441 - root - ERROR - ^
2026-02-19 00:12:40,441 - root - ERROR - ^
2026-02-19 00:12:40,441 - root - ERROR - ^
2026-02-19 00:12:40,441 - root - ERROR - ^
2026-02-19 00:12:40,441 - root - ERROR - ^
2026-02-19 00:12:40,441 - root - ERROR - ^
2026-02-19 00:12:40,441 - root - ERROR - ^
2026-02-19 00:12:40,441 - root - ERROR - ^
2026-02-19 00:12:40,441 - root - ERROR - ^
2026-02-19 00:12:40,443 - root - ERROR - ^
2026-02-19 00:12:40,443 - root - ERROR - ^
2026-02-19 00:12:40,443 - root - ERROR - ^
2026-02-19 00:12:40,443 - root - ERROR - ^
2026-02-19 00:12:40,443 - root - ERROR - ^
2026-02-19 00:12:40,443 - root - ERROR - ^
2026-02-19 00:12:40,443 - root - ERROR - ^
2026-02-19 00:12:40,444 - root - ERROR - ^
2026-02-19 00:12:40,444 - root - ERROR - ^
2026-02-19 00:12:40,444 - root - ERROR - ^
2026-02-19 00:12:40,444 - root - ERROR - ^
2026-02-19 00:12:40,444 - root - ERROR - ^
2026-02-19 00:12:40,444 - root - ERROR - ^
2026-02-19 00:12:40,444 - root - ERROR - ^
2026-02-19 00:12:40,445 - root - ERROR - ^
2026-02-19 00:12:40,445 - root - ERROR - ^
2026-02-19 00:12:40,445 - root - ERROR - ^
2026-02-19 00:12:40,445 - root - ERROR - ^
2026-02-19 00:12:40,445 - root - ERROR - ^
2026-02-19 00:12:40,445 - root - ERROR - ^
2026-02-19 00:12:40,446 - root - ERROR - ^
2026-02-19 00:12:40,446 - root - ERROR - ^
2026-02-19 00:12:40,446 - root - ERROR - ^
2026-02-19 00:12:40,446 - root - ERROR - ^
2026-02-19 00:12:40,446 - root - ERROR - ^
2026-02-19 00:12:40,446 - root - ERROR - ^
2026-02-19 00:12:40,446 - root - ERROR - ^
2026-02-19 00:12:40,446 - root - ERROR - ^
2026-02-19 00:12:40,447 - root - ERROR - ^
2026-02-19 00:12:40,447 - root - ERROR - ^
2026-02-19 00:12:40,447 - root - ERROR - ^
2026-02-19 00:12:40,447 - root - ERROR - ^
2026-02-19 00:12:40,447 - root - ERROR - ^
2026-02-19 00:12:40,447 - root - ERROR - ^
2026-02-19 00:12:40,448 - root - ERROR - ^
2026-02-19 00:12:40,448 - root - ERROR - ^
2026-02-19 00:12:40,448 - root - ERROR - ^
2026-02-19 00:12:40,448 - root - ERROR - ^
2026-02-19 00:12:40,448 - root - ERROR - ^
2026-02-19 00:12:40,448 - root - ERROR - ^
2026-02-19 00:12:40,448 - root - ERROR - ^
2026-02-19 00:12:40,448 - root - ERROR - ^
2026-02-19 00:12:40,449 - root - ERROR - ^
2026-02-19 00:12:40,449 - root - ERROR - ^
2026-02-19 00:12:40,449 - root - ERROR -   File "D:\anaconda\Lib\site-packages\scipy\linalg\_decomp_cholesky.py", line 36, in _cholesky
2026-02-19 00:12:40,449 - root - ERROR - raise LinAlgError("%d-th leading minor of the array is not positive "
2026-02-19 00:12:40,450 - root - ERROR - numpy.linalg
2026-02-19 00:12:40,450 - root - ERROR - .
2026-02-19 00:12:40,450 - root - ERROR - LinAlgError
2026-02-19 00:12:40,450 - root - ERROR - :
2026-02-19 00:12:40,450 - root - ERROR - 3-th leading minor of the array is not positive definite
