2026-02-19 19:34:56,915 - root - INFO - 合并后的价格数据预览：
2026-02-19 19:34:56,920 - root - INFO -               宁德时代  market_data_1_上证综指  market_data_2_深证成指  upstream_1_湖南裕能  \
2026-02-19 19:34:56,921 - root - INFO - 日期
2026-02-19 19:34:56,921 - root - INFO - 2024-01-02  286.07             1345.53             9401.35            33.31
2026-02-19 19:34:56,921 - root - INFO - 2024-01-03  284.22             1344.28             9330.86            32.89
2026-02-19 19:34:56,922 - root - INFO - 2024-01-04  275.94             1333.03             9215.25            32.45
2026-02-19 19:34:56,922 - root - INFO - 2024-01-05  275.40             1353.03             9116.44            32.60
2026-02-19 19:34:56,922 - root - INFO - 2024-01-08  273.78             1338.03             8947.72            32.05
2026-02-19 19:34:56,922 - root - INFO - ...            ...                 ...                 ...              ...
2026-02-19 19:34:56,922 - root - INFO - 2025-12-25  696.42             1834.74            13531.41            67.57
2026-02-19 19:34:56,922 - root - INFO - 2025-12-26  698.97             1832.24            13603.89            71.89
2026-02-19 19:34:56,924 - root - INFO - 2025-12-29  689.76             1834.74            13537.10            68.05
2026-02-19 19:34:56,924 - root - INFO - 2025-12-30  689.56             1824.74            13604.07            67.58
2026-02-19 19:34:56,924 - root - INFO - 2025-12-31  686.07             1815.99            13525.02            65.63
2026-02-19 19:34:56,925 - root - INFO - 
2026-02-19 19:34:56,925 - root - INFO -             upstream_2_盛新锂能  downstream_1_比亚迪  downstream_2_长城汽车  \
2026-02-19 19:34:56,925 - root - INFO - 日期
2026-02-19 19:34:56,925 - root - INFO - 2024-01-02            37.03            195.00              83.29
2026-02-19 19:34:56,925 - root - INFO - 2024-01-03            37.32            195.57              81.79
2026-02-19 19:34:56,925 - root - INFO - 2024-01-04            36.48            195.42              80.86
2026-02-19 19:34:56,926 - root - INFO - 2024-01-05            36.15            195.08              80.26
2026-02-19 19:34:56,926 - root - INFO - 2024-01-08            36.21            191.80              78.34
2026-02-19 19:34:56,926 - root - INFO - ...                     ...               ...                ...
2026-02-19 19:34:56,926 - root - INFO - 2025-12-25            56.56            293.99              78.10
2026-02-19 19:34:56,926 - root - INFO - 2025-12-26            58.02            309.50              79.93
2026-02-19 19:34:56,926 - root - INFO - 2025-12-29            54.53            310.10              79.42
2026-02-19 19:34:56,926 - root - INFO - 2025-12-30            55.12            308.72              79.09
2026-02-19 19:34:56,927 - root - INFO - 2025-12-31            56.77            302.63              79.48
2026-02-19 19:34:56,927 - root - INFO - 
2026-02-19 19:34:56,927 - root - INFO -             downstream_3_长安汽车  downstream_4_上汽集团        LC
2026-02-19 19:34:56,927 - root - INFO - 日期
2026-02-19 19:34:56,927 - root - INFO - 2024-01-02             144.59             111.18  108350.0
2026-02-19 19:34:56,927 - root - INFO - 2024-01-03             141.02             111.52  106600.0
2026-02-19 19:34:56,927 - root - INFO - 2024-01-04             137.06             111.18  100450.0
2026-02-19 19:34:56,927 - root - INFO - 2024-01-05             133.89             110.84   98650.0
2026-02-19 19:34:56,928 - root - INFO - 2024-01-08             133.10             109.90   97200.0
2026-02-19 19:34:56,928 - root - INFO - ...                       ...                ...       ...
2026-02-19 19:34:56,928 - root - INFO - 2025-12-25             115.64             121.71  123520.0
2026-02-19 19:34:56,928 - root - INFO - 2025-12-26             116.36             121.93  130520.0
2026-02-19 19:34:56,928 - root - INFO - 2025-12-29             115.64             121.41  118820.0
2026-02-19 19:34:56,928 - root - INFO - 2025-12-30             115.64             121.33  121580.0
2026-02-19 19:34:56,929 - root - INFO - 2025-12-31             115.33             120.78  121580.0
2026-02-19 19:34:56,929 - root - INFO - 
2026-02-19 19:34:56,929 - root - INFO - [485 rows x 10 columns]
2026-02-19 19:34:56,931 - root - ERROR - D:\anaconda\Lib\site-packages\statsmodels\tsa\base\tsa_model.py:473: ValueWarning: A date index has been provided, but it has no associated frequency information and so will be ignored when e.g. forecasting.
2026-02-19 19:34:56,932 - root - ERROR -   self._init_dates(dates, freq)
2026-02-19 19:34:56,932 - root - ERROR - Traceback (most recent call last):
2026-02-19 19:34:56,932 - root - ERROR -   File "D:\HuaweiMoveData\Users\86180\Desktop\new\main.py", line 58, in <module>
2026-02-19 19:34:56,933 - root - ERROR - causal_indices, causal_vector, adj_matrix, optimal_lag = con.build_granger_causal_network(earnings)
2026-02-19 19:34:56,933 - root - ERROR - ^
2026-02-19 19:34:56,933 - root - ERROR - ^
2026-02-19 19:34:56,933 - root - ERROR - ^
2026-02-19 19:34:56,933 - root - ERROR - ^
2026-02-19 19:34:56,934 - root - ERROR - ^
2026-02-19 19:34:56,934 - root - ERROR - ^
2026-02-19 19:34:56,934 - root - ERROR - ^
2026-02-19 19:34:56,934 - root - ERROR - ^
2026-02-19 19:34:56,934 - root - ERROR - ^
2026-02-19 19:34:56,934 - root - ERROR - ^
2026-02-19 19:34:56,934 - root - ERROR - ^
2026-02-19 19:34:56,935 - root - ERROR - ^
2026-02-19 19:34:56,935 - root - ERROR - ^
2026-02-19 19:34:56,935 - root - ERROR - ^
2026-02-19 19:34:56,935 - root - ERROR - ^
2026-02-19 19:34:56,935 - root - ERROR - ^
2026-02-19 19:34:56,935 - root - ERROR - ^
2026-02-19 19:34:56,935 - root - ERROR - ^
2026-02-19 19:34:56,936 - root - ERROR - ^
2026-02-19 19:34:56,936 - root - ERROR - ^
2026-02-19 19:34:56,936 - root - ERROR - ^
2026-02-19 19:34:56,936 - root - ERROR - ^
2026-02-19 19:34:56,936 - root - ERROR - ^
2026-02-19 19:34:56,936 - root - ERROR - ^
2026-02-19 19:34:56,936 - root - ERROR - ^
2026-02-19 19:34:56,937 - root - ERROR - ^
2026-02-19 19:34:56,937 - root - ERROR - ^
2026-02-19 19:34:56,937 - root - ERROR - ^
2026-02-19 19:34:56,937 - root - ERROR - ^
2026-02-19 19:34:56,937 - root - ERROR - ^
2026-02-19 19:34:56,937 - root - ERROR - ^
2026-02-19 19:34:56,937 - root - ERROR - ^
2026-02-19 19:34:56,937 - root - ERROR - ^
2026-02-19 19:34:56,937 - root - ERROR - ^
2026-02-19 19:34:56,937 - root - ERROR - ^
2026-02-19 19:34:56,937 - root - ERROR - ^
2026-02-19 19:34:56,938 - root - ERROR - ^
2026-02-19 19:34:56,938 - root - ERROR - ^
2026-02-19 19:34:56,938 - root - ERROR - ^
2026-02-19 19:34:56,938 - root - ERROR - ^
2026-02-19 19:34:56,938 - root - ERROR - ^
2026-02-19 19:34:56,938 - root - ERROR - ^
2026-02-19 19:34:56,938 - root - ERROR -   File "D:\HuaweiMoveData\Users\86180\Desktop\new\Construction.py", line 32, in build_granger_causal_network
2026-02-19 19:34:56,939 - root - ERROR - fitted_model = model.fit(maxlags=lag, method='ols', trend='nc')
2026-02-19 19:34:56,939 - root - ERROR - ^
2026-02-19 19:34:56,939 - root - ERROR - ^
2026-02-19 19:34:56,939 - root - ERROR - ^
2026-02-19 19:34:56,940 - root - ERROR - ^
2026-02-19 19:34:56,940 - root - ERROR - ^
2026-02-19 19:34:56,940 - root - ERROR - ^
2026-02-19 19:34:56,940 - root - ERROR - ^
2026-02-19 19:34:56,940 - root - ERROR - ^
2026-02-19 19:34:56,940 - root - ERROR - ^
2026-02-19 19:34:56,940 - root - ERROR - ^
2026-02-19 19:34:56,940 - root - ERROR - ^
2026-02-19 19:34:56,941 - root - ERROR - ^
2026-02-19 19:34:56,941 - root - ERROR - ^
2026-02-19 19:34:56,941 - root - ERROR - ^
2026-02-19 19:34:56,941 - root - ERROR - ^
2026-02-19 19:34:56,941 - root - ERROR - ^
2026-02-19 19:34:56,941 - root - ERROR - ^
2026-02-19 19:34:56,941 - root - ERROR - ^
2026-02-19 19:34:56,941 - root - ERROR - ^
2026-02-19 19:34:56,942 - root - ERROR - ^
2026-02-19 19:34:56,942 - root - ERROR - ^
2026-02-19 19:34:56,942 - root - ERROR - ^
2026-02-19 19:34:56,942 - root - ERROR - ^
2026-02-19 19:34:56,942 - root - ERROR - ^
2026-02-19 19:34:56,942 - root - ERROR - ^
2026-02-19 19:34:56,942 - root - ERROR - ^
2026-02-19 19:34:56,942 - root - ERROR - ^
2026-02-19 19:34:56,943 - root - ERROR - ^
2026-02-19 19:34:56,943 - root - ERROR - ^
2026-02-19 19:34:56,943 - root - ERROR - ^
2026-02-19 19:34:56,943 - root - ERROR - ^
2026-02-19 19:34:56,943 - root - ERROR - ^
2026-02-19 19:34:56,943 - root - ERROR - ^
2026-02-19 19:34:56,943 - root - ERROR - ^
2026-02-19 19:34:56,943 - root - ERROR - ^
2026-02-19 19:34:56,943 - root - ERROR - ^
2026-02-19 19:34:56,944 - root - ERROR - ^
2026-02-19 19:34:56,944 - root - ERROR - ^
2026-02-19 19:34:56,944 - root - ERROR - ^
2026-02-19 19:34:56,944 - root - ERROR - ^
2026-02-19 19:34:56,944 - root - ERROR - ^
2026-02-19 19:34:56,944 - root - ERROR - ^
2026-02-19 19:34:56,944 - root - ERROR - ^
2026-02-19 19:34:56,944 - root - ERROR - ^
2026-02-19 19:34:56,944 - root - ERROR - ^
2026-02-19 19:34:56,945 - root - ERROR - ^
2026-02-19 19:34:56,945 - root - ERROR - ^
2026-02-19 19:34:56,945 - root - ERROR - ^
2026-02-19 19:34:56,945 - root - ERROR -   File "D:\anaconda\Lib\site-packages\statsmodels\tsa\vector_ar\var_model.py", line 655, in fit
2026-02-19 19:34:56,945 - root - ERROR - raise ValueError(f"trend '{trend}' not supported for VAR")
2026-02-19 19:34:56,946 - root - ERROR - ValueError
2026-02-19 19:34:56,946 - root - ERROR - :
2026-02-19 19:34:56,946 - root - ERROR - trend 'nc' not supported for VAR
