2026-02-19 17:20:44,779 - root - INFO - 合并后的价格数据预览：
2026-02-19 17:20:44,790 - root - INFO -               宁德时代  market_data_1_上证综指  market_data_2_深证成指  ...  downstream_3_长安汽车  downstream_4_上汽集团        LC
2026-02-19 17:20:44,790 - root - INFO - 日期                                                          ...
2026-02-19 17:20:44,790 - root - INFO - 2024-01-02  286.07             1345.53             9401.35  ...             144.59             111.18  108350.0
2026-02-19 17:20:44,790 - root - INFO - 2024-01-03  284.22             1344.28             9330.86  ...             141.02             111.52  106600.0
2026-02-19 17:20:44,790 - root - INFO - 2024-01-04  275.94             1333.03             9215.25  ...             137.06             111.18  100450.0
2026-02-19 17:20:44,838 - root - INFO - 2024-01-05  275.40             1353.03             9116.44  ...             133.89             110.84   98650.0
2026-02-19 17:20:44,838 - root - INFO - 2024-01-08  273.78             1338.03             8947.72  ...             133.10             109.90   97200.0
2026-02-19 17:20:44,839 - root - INFO - ...            ...                 ...                 ...  ...                ...                ...       ...
2026-02-19 17:20:44,839 - root - INFO - 2025-12-25  696.42             1834.74            13531.41  ...             115.64             121.71  123520.0
2026-02-19 17:20:44,839 - root - INFO - 2025-12-26  698.97             1832.24            13603.89  ...             116.36             121.93  130520.0
2026-02-19 17:20:44,840 - root - INFO - 2025-12-29  689.76             1834.74            13537.10  ...             115.64             121.41  118820.0
2026-02-19 17:20:44,840 - root - INFO - 2025-12-30  689.56             1824.74            13604.07  ...             115.64             121.33  121580.0
2026-02-19 17:20:44,841 - root - INFO - 2025-12-31  686.07             1815.99            13525.02  ...             115.33             120.78  121580.0
2026-02-19 17:20:44,841 - root - INFO - 
2026-02-19 17:20:44,841 - root - INFO - [485 rows x 10 columns]
2026-02-19 17:20:44,843 - root - ERROR - D:\anaconda\Lib\site-packages\statsmodels\tsa\base\tsa_model.py:473: ValueWarning: A date index has been provided, but it has no associated frequency information and so will be ignored when e.g. forecasting.
2026-02-19 17:20:44,843 - root - ERROR -   self._init_dates(dates, freq)
2026-02-19 17:20:44,843 - root - ERROR - Traceback (most recent call last):
2026-02-19 17:20:44,843 - root - ERROR -   File "D:\HuaweiMoveData\Users\86180\Desktop\new\main.py", line 56, in <module>
2026-02-19 17:20:44,844 - root - ERROR - causal_indices, causal_vector, adj_matrix, optimal_lag = con.build_granger_causal_network(earnings)
2026-02-19 17:20:44,844 - root - ERROR - ^
2026-02-19 17:20:44,845 - root - ERROR - ^
2026-02-19 17:20:44,845 - root - ERROR - ^
2026-02-19 17:20:44,845 - root - ERROR - ^
2026-02-19 17:20:44,846 - root - ERROR - ^
2026-02-19 17:20:44,846 - root - ERROR - ^
2026-02-19 17:20:44,846 - root - ERROR - ^
2026-02-19 17:20:44,846 - root - ERROR - ^
2026-02-19 17:20:44,847 - root - ERROR - ^
2026-02-19 17:20:44,847 - root - ERROR - ^
2026-02-19 17:20:44,847 - root - ERROR - ^
2026-02-19 17:20:44,847 - root - ERROR - ^
2026-02-19 17:20:44,847 - root - ERROR - ^
2026-02-19 17:20:44,848 - root - ERROR - ^
2026-02-19 17:20:44,848 - root - ERROR - ^
2026-02-19 17:20:44,848 - root - ERROR - ^
2026-02-19 17:20:44,848 - root - ERROR - ^
2026-02-19 17:20:44,848 - root - ERROR - ^
2026-02-19 17:20:44,848 - root - ERROR - ^
2026-02-19 17:20:44,849 - root - ERROR - ^
2026-02-19 17:20:44,849 - root - ERROR - ^
2026-02-19 17:20:44,849 - root - ERROR - ^
2026-02-19 17:20:44,849 - root - ERROR - ^
2026-02-19 17:20:44,849 - root - ERROR - ^
2026-02-19 17:20:44,850 - root - ERROR - ^
2026-02-19 17:20:44,850 - root - ERROR - ^
2026-02-19 17:20:44,850 - root - ERROR - ^
2026-02-19 17:20:44,850 - root - ERROR - ^
2026-02-19 17:20:44,850 - root - ERROR - ^
2026-02-19 17:20:44,851 - root - ERROR - ^
2026-02-19 17:20:44,851 - root - ERROR - ^
2026-02-19 17:20:44,851 - root - ERROR - ^
2026-02-19 17:20:44,851 - root - ERROR - ^
2026-02-19 17:20:44,851 - root - ERROR - ^
2026-02-19 17:20:44,851 - root - ERROR - ^
2026-02-19 17:20:44,852 - root - ERROR - ^
2026-02-19 17:20:44,852 - root - ERROR - ^
2026-02-19 17:20:44,852 - root - ERROR - ^
2026-02-19 17:20:44,852 - root - ERROR - ^
2026-02-19 17:20:44,852 - root - ERROR - ^
2026-02-19 17:20:44,852 - root - ERROR - ^
2026-02-19 17:20:44,852 - root - ERROR - ^
2026-02-19 17:20:44,852 - root - ERROR -   File "D:\HuaweiMoveData\Users\86180\Desktop\new\Construction.py", line 26, in build_granger_causal_network
2026-02-19 17:20:44,854 - root - ERROR - lag_results = model.select_order(maxlags=max_lag)
2026-02-19 17:20:44,854 - root - ERROR - ^
2026-02-19 17:20:44,854 - root - ERROR - ^
2026-02-19 17:20:44,855 - root - ERROR - ^
2026-02-19 17:20:44,855 - root - ERROR - ^
2026-02-19 17:20:44,855 - root - ERROR - ^
2026-02-19 17:20:44,855 - root - ERROR - ^
2026-02-19 17:20:44,855 - root - ERROR - ^
2026-02-19 17:20:44,856 - root - ERROR - ^
2026-02-19 17:20:44,856 - root - ERROR - ^
2026-02-19 17:20:44,856 - root - ERROR - ^
2026-02-19 17:20:44,856 - root - ERROR - ^
2026-02-19 17:20:44,856 - root - ERROR - ^
2026-02-19 17:20:44,856 - root - ERROR - ^
2026-02-19 17:20:44,856 - root - ERROR - ^
2026-02-19 17:20:44,857 - root - ERROR - ^
2026-02-19 17:20:44,857 - root - ERROR - ^
2026-02-19 17:20:44,857 - root - ERROR - ^
2026-02-19 17:20:44,857 - root - ERROR - ^
2026-02-19 17:20:44,857 - root - ERROR - ^
2026-02-19 17:20:44,858 - root - ERROR - ^
2026-02-19 17:20:44,858 - root - ERROR - ^
2026-02-19 17:20:44,858 - root - ERROR - ^
2026-02-19 17:20:44,858 - root - ERROR - ^
2026-02-19 17:20:44,858 - root - ERROR - ^
2026-02-19 17:20:44,858 - root - ERROR - ^
2026-02-19 17:20:44,858 - root - ERROR - ^
2026-02-19 17:20:44,859 - root - ERROR - ^
2026-02-19 17:20:44,859 - root - ERROR - ^
2026-02-19 17:20:44,859 - root - ERROR - ^
2026-02-19 17:20:44,859 - root - ERROR - ^
2026-02-19 17:20:44,859 - root - ERROR - ^
2026-02-19 17:20:44,859 - root - ERROR - ^
2026-02-19 17:20:44,859 - root - ERROR - ^
2026-02-19 17:20:44,860 - root - ERROR - ^
2026-02-19 17:20:44,860 - root - ERROR - ^
2026-02-19 17:20:44,860 - root - ERROR -   File "D:\anaconda\Lib\site-packages\statsmodels\tsa\vector_ar\var_model.py", line 810, in select_order
2026-02-19 17:20:44,897 - root - ERROR - raise ValueError(
2026-02-19 17:20:44,898 - root - ERROR - ValueError
2026-02-19 17:20:44,899 - root - ERROR - :
2026-02-19 17:20:44,899 - root - ERROR - maxlags is too large for the number of observations and the number of equations. The largest model cannot be estimated.
