2026-02-19 20:12:23,552 - root - INFO - 合并后的价格数据预览：
2026-02-19 20:12:23,557 - root - INFO -               宁德时代  market_data_1_上证综指  market_data_2_深证成指  upstream_1_湖南裕能  \
2026-02-19 20:12:23,557 - root - INFO - 日期
2026-02-19 20:12:23,557 - root - INFO - 2024-01-02  286.07             1345.53             9401.35            33.31
2026-02-19 20:12:23,558 - root - INFO - 2024-01-03  284.22             1344.28             9330.86            32.89
2026-02-19 20:12:23,558 - root - INFO - 2024-01-04  275.94             1333.03             9215.25            32.45
2026-02-19 20:12:23,558 - root - INFO - 2024-01-05  275.40             1353.03             9116.44            32.60
2026-02-19 20:12:23,558 - root - INFO - 2024-01-08  273.78             1338.03             8947.72            32.05
2026-02-19 20:12:23,558 - root - INFO - ...            ...                 ...                 ...              ...
2026-02-19 20:12:23,559 - root - INFO - 2025-12-25  696.42             1834.74            13531.41            67.57
2026-02-19 20:12:23,559 - root - INFO - 2025-12-26  698.97             1832.24            13603.89            71.89
2026-02-19 20:12:23,559 - root - INFO - 2025-12-29  689.76             1834.74            13537.10            68.05
2026-02-19 20:12:23,559 - root - INFO - 2025-12-30  689.56             1824.74            13604.07            67.58
2026-02-19 20:12:23,560 - root - INFO - 2025-12-31  686.07             1815.99            13525.02            65.63
2026-02-19 20:12:23,560 - root - INFO - 
2026-02-19 20:12:23,560 - root - INFO -             upstream_2_盛新锂能  downstream_1_比亚迪  downstream_2_长城汽车  \
2026-02-19 20:12:23,560 - root - INFO - 日期
2026-02-19 20:12:23,560 - root - INFO - 2024-01-02            37.03            195.00              83.29
2026-02-19 20:12:23,560 - root - INFO - 2024-01-03            37.32            195.57              81.79
2026-02-19 20:12:23,561 - root - INFO - 2024-01-04            36.48            195.42              80.86
2026-02-19 20:12:23,561 - root - INFO - 2024-01-05            36.15            195.08              80.26
2026-02-19 20:12:23,561 - root - INFO - 2024-01-08            36.21            191.80              78.34
2026-02-19 20:12:23,561 - root - INFO - ...                     ...               ...                ...
2026-02-19 20:12:23,561 - root - INFO - 2025-12-25            56.56            293.99              78.10
2026-02-19 20:12:23,562 - root - INFO - 2025-12-26            58.02            309.50              79.93
2026-02-19 20:12:23,562 - root - INFO - 2025-12-29            54.53            310.10              79.42
2026-02-19 20:12:23,562 - root - INFO - 2025-12-30            55.12            308.72              79.09
2026-02-19 20:12:23,562 - root - INFO - 2025-12-31            56.77            302.63              79.48
2026-02-19 20:12:23,562 - root - INFO - 
2026-02-19 20:12:23,562 - root - INFO -             downstream_3_长安汽车  downstream_4_上汽集团        LC
2026-02-19 20:12:23,563 - root - INFO - 日期
2026-02-19 20:12:23,563 - root - INFO - 2024-01-02             144.59             111.18  108350.0
2026-02-19 20:12:23,564 - root - INFO - 2024-01-03             141.02             111.52  106600.0
2026-02-19 20:12:23,564 - root - INFO - 2024-01-04             137.06             111.18  100450.0
2026-02-19 20:12:23,564 - root - INFO - 2024-01-05             133.89             110.84   98650.0
2026-02-19 20:12:23,564 - root - INFO - 2024-01-08             133.10             109.90   97200.0
2026-02-19 20:12:23,564 - root - INFO - ...                       ...                ...       ...
2026-02-19 20:12:23,565 - root - INFO - 2025-12-25             115.64             121.71  123520.0
2026-02-19 20:12:23,565 - root - INFO - 2025-12-26             116.36             121.93  130520.0
2026-02-19 20:12:23,565 - root - INFO - 2025-12-29             115.64             121.41  118820.0
2026-02-19 20:12:23,565 - root - INFO - 2025-12-30             115.64             121.33  121580.0
2026-02-19 20:12:23,565 - root - INFO - 2025-12-31             115.33             120.78  121580.0
2026-02-19 20:12:23,565 - root - INFO - 
2026-02-19 20:12:23,565 - root - INFO - [485 rows x 10 columns]
2026-02-19 20:12:23,567 - root - ERROR - D:\anaconda\Lib\site-packages\statsmodels\tsa\stattools.py:1545: FutureWarning: verbose is deprecated since functions should not print results
2026-02-19 20:12:23,567 - root - ERROR -   warnings.warn(
2026-02-19 20:12:24,256 - root - ERROR - Traceback (most recent call last):
2026-02-19 20:12:24,256 - root - ERROR -   File "D:\HuaweiMoveData\Users\86180\Desktop\new\main.py", line 58, in <module>
2026-02-19 20:12:24,256 - root - ERROR - causal_indices, causal_vector, adj_matrix = con.build_granger_causal_network(earnings)
2026-02-19 20:12:24,256 - root - ERROR - ^
2026-02-19 20:12:24,256 - root - ERROR - ^
2026-02-19 20:12:24,256 - root - ERROR - ^
2026-02-19 20:12:24,256 - root - ERROR - ^
2026-02-19 20:12:24,256 - root - ERROR - ^
2026-02-19 20:12:24,256 - root - ERROR - ^
2026-02-19 20:12:24,256 - root - ERROR - ^
2026-02-19 20:12:24,256 - root - ERROR - ^
2026-02-19 20:12:24,256 - root - ERROR - ^
2026-02-19 20:12:24,256 - root - ERROR - ^
2026-02-19 20:12:24,256 - root - ERROR - ^
2026-02-19 20:12:24,256 - root - ERROR - ^
2026-02-19 20:12:24,256 - root - ERROR - ^
2026-02-19 20:12:24,256 - root - ERROR - ^
2026-02-19 20:12:24,256 - root - ERROR - ^
2026-02-19 20:12:24,256 - root - ERROR - ^
2026-02-19 20:12:24,268 - root - ERROR - ^
2026-02-19 20:12:24,268 - root - ERROR - ^
2026-02-19 20:12:24,268 - root - ERROR - ^
2026-02-19 20:12:24,268 - root - ERROR - ^
2026-02-19 20:12:24,268 - root - ERROR - ^
2026-02-19 20:12:24,268 - root - ERROR - ^
2026-02-19 20:12:24,268 - root - ERROR - ^
2026-02-19 20:12:24,268 - root - ERROR - ^
2026-02-19 20:12:24,268 - root - ERROR - ^
2026-02-19 20:12:24,268 - root - ERROR - ^
2026-02-19 20:12:24,268 - root - ERROR - ^
2026-02-19 20:12:24,268 - root - ERROR - ^
2026-02-19 20:12:24,268 - root - ERROR - ^
2026-02-19 20:12:24,268 - root - ERROR - ^
2026-02-19 20:12:24,268 - root - ERROR - ^
2026-02-19 20:12:24,268 - root - ERROR - ^
2026-02-19 20:12:24,268 - root - ERROR - ^
2026-02-19 20:12:24,268 - root - ERROR - ^
2026-02-19 20:12:24,268 - root - ERROR - ^
2026-02-19 20:12:24,271 - root - ERROR - ^
2026-02-19 20:12:24,271 - root - ERROR - ^
2026-02-19 20:12:24,271 - root - ERROR - ^
2026-02-19 20:12:24,271 - root - ERROR - ^
2026-02-19 20:12:24,271 - root - ERROR - ^
2026-02-19 20:12:24,271 - root - ERROR - ^
2026-02-19 20:12:24,271 - root - ERROR - ^
2026-02-19 20:12:24,273 - root - ERROR -   File "D:\HuaweiMoveData\Users\86180\Desktop\new\Construction.py", line 41, in build_granger_causal_network
2026-02-19 20:12:24,273 - root - ERROR - adj_matrix.iloc[reason, result] = True
2026-02-19 20:12:24,273 - root - ERROR - ~
2026-02-19 20:12:24,273 - root - ERROR - ~
2026-02-19 20:12:24,273 - root - ERROR - ~
2026-02-19 20:12:24,274 - root - ERROR - ~
2026-02-19 20:12:24,274 - root - ERROR - ~
2026-02-19 20:12:24,274 - root - ERROR - ~
2026-02-19 20:12:24,274 - root - ERROR - ~
2026-02-19 20:12:24,274 - root - ERROR - ~
2026-02-19 20:12:24,275 - root - ERROR - ~
2026-02-19 20:12:24,275 - root - ERROR - ~
2026-02-19 20:12:24,275 - root - ERROR - ~
2026-02-19 20:12:24,275 - root - ERROR - ~
2026-02-19 20:12:24,275 - root - ERROR - ~
2026-02-19 20:12:24,276 - root - ERROR - ~
2026-02-19 20:12:24,276 - root - ERROR - ~
2026-02-19 20:12:24,276 - root - ERROR - ^
2026-02-19 20:12:24,276 - root - ERROR - ^
2026-02-19 20:12:24,276 - root - ERROR - ^
2026-02-19 20:12:24,276 - root - ERROR - ^
2026-02-19 20:12:24,277 - root - ERROR - ^
2026-02-19 20:12:24,277 - root - ERROR - ^
2026-02-19 20:12:24,277 - root - ERROR - ^
2026-02-19 20:12:24,277 - root - ERROR - ^
2026-02-19 20:12:24,277 - root - ERROR - ^
2026-02-19 20:12:24,277 - root - ERROR - ^
2026-02-19 20:12:24,277 - root - ERROR - ^
2026-02-19 20:12:24,278 - root - ERROR - ^
2026-02-19 20:12:24,279 - root - ERROR - ^
2026-02-19 20:12:24,279 - root - ERROR - ^
2026-02-19 20:12:24,279 - root - ERROR - ^
2026-02-19 20:12:24,279 - root - ERROR - ^
2026-02-19 20:12:24,279 - root - ERROR -   File "D:\anaconda\Lib\site-packages\pandas\core\indexing.py", line 911, in __setitem__
2026-02-19 20:12:24,280 - root - ERROR - iloc._setitem_with_indexer(indexer, value, self.name)
2026-02-19 20:12:24,280 - root - ERROR -   File "D:\anaconda\Lib\site-packages\pandas\core\indexing.py", line 1944, in _setitem_with_indexer
2026-02-19 20:12:24,281 - root - ERROR - self._setitem_single_block(indexer, value, name)
2026-02-19 20:12:24,281 - root - ERROR -   File "D:\anaconda\Lib\site-packages\pandas\core\indexing.py", line 2218, in _setitem_single_block
2026-02-19 20:12:24,281 - root - ERROR - self.obj._mgr = self.obj._mgr.setitem(indexer=indexer, value=value)
2026-02-19 20:12:24,282 - root - ERROR - ^
2026-02-19 20:12:24,282 - root - ERROR - ^
2026-02-19 20:12:24,282 - root - ERROR - ^
2026-02-19 20:12:24,282 - root - ERROR - ^
2026-02-19 20:12:24,282 - root - ERROR - ^
2026-02-19 20:12:24,282 - root - ERROR - ^
2026-02-19 20:12:24,282 - root - ERROR - ^
2026-02-19 20:12:24,283 - root - ERROR - ^
2026-02-19 20:12:24,283 - root - ERROR - ^
2026-02-19 20:12:24,283 - root - ERROR - ^
2026-02-19 20:12:24,283 - root - ERROR - ^
2026-02-19 20:12:24,283 - root - ERROR - ^
2026-02-19 20:12:24,283 - root - ERROR - ^
2026-02-19 20:12:24,283 - root - ERROR - ^
2026-02-19 20:12:24,283 - root - ERROR - ^
2026-02-19 20:12:24,284 - root - ERROR - ^
2026-02-19 20:12:24,284 - root - ERROR - ^
2026-02-19 20:12:24,284 - root - ERROR - ^
2026-02-19 20:12:24,284 - root - ERROR - ^
2026-02-19 20:12:24,284 - root - ERROR - ^
2026-02-19 20:12:24,284 - root - ERROR - ^
2026-02-19 20:12:24,284 - root - ERROR - ^
2026-02-19 20:12:24,285 - root - ERROR - ^
2026-02-19 20:12:24,285 - root - ERROR - ^
2026-02-19 20:12:24,285 - root - ERROR - ^
2026-02-19 20:12:24,285 - root - ERROR - ^
2026-02-19 20:12:24,285 - root - ERROR - ^
2026-02-19 20:12:24,285 - root - ERROR - ^
2026-02-19 20:12:24,285 - root - ERROR - ^
2026-02-19 20:12:24,285 - root - ERROR - ^
2026-02-19 20:12:24,286 - root - ERROR - ^
2026-02-19 20:12:24,286 - root - ERROR - ^
2026-02-19 20:12:24,286 - root - ERROR - ^
2026-02-19 20:12:24,286 - root - ERROR - ^
2026-02-19 20:12:24,286 - root - ERROR - ^
2026-02-19 20:12:24,286 - root - ERROR - ^
2026-02-19 20:12:24,286 - root - ERROR - ^
2026-02-19 20:12:24,286 - root - ERROR - ^
2026-02-19 20:12:24,286 - root - ERROR - ^
2026-02-19 20:12:24,286 - root - ERROR - ^
2026-02-19 20:12:24,286 - root - ERROR - ^
2026-02-19 20:12:24,286 - root - ERROR - ^
2026-02-19 20:12:24,287 - root - ERROR - ^
2026-02-19 20:12:24,287 - root - ERROR - ^
2026-02-19 20:12:24,287 - root - ERROR - ^
2026-02-19 20:12:24,287 - root - ERROR - ^
2026-02-19 20:12:24,287 - root - ERROR - ^
2026-02-19 20:12:24,287 - root - ERROR - ^
2026-02-19 20:12:24,288 - root - ERROR - ^
2026-02-19 20:12:24,288 - root - ERROR - ^
2026-02-19 20:12:24,288 - root - ERROR - ^
2026-02-19 20:12:24,288 - root - ERROR -   File "D:\anaconda\Lib\site-packages\pandas\core\internals\managers.py", line 415, in setitem
2026-02-19 20:12:24,302 - root - ERROR - return self.apply("setitem", indexer=indexer, value=value)
2026-02-19 20:12:24,303 - root - ERROR - ^
2026-02-19 20:12:24,303 - root - ERROR - ^
2026-02-19 20:12:24,303 - root - ERROR - ^
2026-02-19 20:12:24,303 - root - ERROR - ^
2026-02-19 20:12:24,304 - root - ERROR - ^
2026-02-19 20:12:24,304 - root - ERROR - ^
2026-02-19 20:12:24,304 - root - ERROR - ^
2026-02-19 20:12:24,304 - root - ERROR - ^
2026-02-19 20:12:24,304 - root - ERROR - ^
2026-02-19 20:12:24,304 - root - ERROR - ^
2026-02-19 20:12:24,305 - root - ERROR - ^
2026-02-19 20:12:24,305 - root - ERROR - ^
2026-02-19 20:12:24,305 - root - ERROR - ^
2026-02-19 20:12:24,305 - root - ERROR - ^
2026-02-19 20:12:24,305 - root - ERROR - ^
2026-02-19 20:12:24,306 - root - ERROR - ^
2026-02-19 20:12:24,306 - root - ERROR - ^
2026-02-19 20:12:24,306 - root - ERROR - ^
2026-02-19 20:12:24,306 - root - ERROR - ^
2026-02-19 20:12:24,306 - root - ERROR - ^
2026-02-19 20:12:24,306 - root - ERROR - ^
2026-02-19 20:12:24,306 - root - ERROR - ^
2026-02-19 20:12:24,307 - root - ERROR - ^
2026-02-19 20:12:24,307 - root - ERROR - ^
2026-02-19 20:12:24,307 - root - ERROR - ^
2026-02-19 20:12:24,307 - root - ERROR - ^
2026-02-19 20:12:24,307 - root - ERROR - ^
2026-02-19 20:12:24,307 - root - ERROR - ^
2026-02-19 20:12:24,308 - root - ERROR - ^
2026-02-19 20:12:24,308 - root - ERROR - ^
2026-02-19 20:12:24,308 - root - ERROR - ^
2026-02-19 20:12:24,308 - root - ERROR - ^
2026-02-19 20:12:24,308 - root - ERROR - ^
2026-02-19 20:12:24,308 - root - ERROR - ^
2026-02-19 20:12:24,309 - root - ERROR - ^
2026-02-19 20:12:24,309 - root - ERROR - ^
2026-02-19 20:12:24,309 - root - ERROR - ^
2026-02-19 20:12:24,309 - root - ERROR - ^
2026-02-19 20:12:24,309 - root - ERROR - ^
2026-02-19 20:12:24,309 - root - ERROR - ^
2026-02-19 20:12:24,309 - root - ERROR - ^
2026-02-19 20:12:24,310 - root - ERROR - ^
2026-02-19 20:12:24,310 - root - ERROR - ^
2026-02-19 20:12:24,310 - root - ERROR - ^
2026-02-19 20:12:24,310 - root - ERROR - ^
2026-02-19 20:12:24,310 - root - ERROR - ^
2026-02-19 20:12:24,310 - root - ERROR - ^
2026-02-19 20:12:24,310 - root - ERROR - ^
2026-02-19 20:12:24,310 - root - ERROR - ^
2026-02-19 20:12:24,312 - root - ERROR - ^
2026-02-19 20:12:24,312 - root - ERROR - ^
2026-02-19 20:12:24,312 - root - ERROR -   File "D:\anaconda\Lib\site-packages\pandas\core\internals\managers.py", line 363, in apply
2026-02-19 20:12:24,312 - root - ERROR - applied = getattr(b, f)(**kwargs)
2026-02-19 20:12:24,313 - root - ERROR - ^
2026-02-19 20:12:24,313 - root - ERROR - ^
2026-02-19 20:12:24,313 - root - ERROR - ^
2026-02-19 20:12:24,313 - root - ERROR - ^
2026-02-19 20:12:24,313 - root - ERROR - ^
2026-02-19 20:12:24,314 - root - ERROR - ^
2026-02-19 20:12:24,314 - root - ERROR - ^
2026-02-19 20:12:24,314 - root - ERROR - ^
2026-02-19 20:12:24,314 - root - ERROR - ^
2026-02-19 20:12:24,314 - root - ERROR - ^
2026-02-19 20:12:24,314 - root - ERROR - ^
2026-02-19 20:12:24,314 - root - ERROR - ^
2026-02-19 20:12:24,314 - root - ERROR - ^
2026-02-19 20:12:24,314 - root - ERROR - ^
2026-02-19 20:12:24,315 - root - ERROR - ^
2026-02-19 20:12:24,315 - root - ERROR - ^
2026-02-19 20:12:24,315 - root - ERROR - ^
2026-02-19 20:12:24,316 - root - ERROR - ^
2026-02-19 20:12:24,316 - root - ERROR - ^
2026-02-19 20:12:24,316 - root - ERROR - ^
2026-02-19 20:12:24,316 - root - ERROR - ^
2026-02-19 20:12:24,316 - root - ERROR - ^
2026-02-19 20:12:24,316 - root - ERROR - ^
2026-02-19 20:12:24,317 - root - ERROR -   File "D:\anaconda\Lib\site-packages\pandas\core\internals\blocks.py", line 1429, in setitem
2026-02-19 20:12:24,339 - root - ERROR - values[indexer] = casted
2026-02-19 20:12:24,340 - root - ERROR - ~
2026-02-19 20:12:24,341 - root - ERROR - ~
2026-02-19 20:12:24,341 - root - ERROR - ~
2026-02-19 20:12:24,341 - root - ERROR - ~
2026-02-19 20:12:24,342 - root - ERROR - ~
2026-02-19 20:12:24,342 - root - ERROR - ~
2026-02-19 20:12:24,342 - root - ERROR - ^
2026-02-19 20:12:24,342 - root - ERROR - ^
2026-02-19 20:12:24,343 - root - ERROR - ^
2026-02-19 20:12:24,343 - root - ERROR - ^
2026-02-19 20:12:24,343 - root - ERROR - ^
2026-02-19 20:12:24,344 - root - ERROR - ^
2026-02-19 20:12:24,344 - root - ERROR - ^
2026-02-19 20:12:24,344 - root - ERROR - ^
2026-02-19 20:12:24,344 - root - ERROR - ^
2026-02-19 20:12:24,344 - root - ERROR - IndexError
2026-02-19 20:12:24,345 - root - ERROR - :
2026-02-19 20:12:24,345 - root - ERROR - only integers, slices (`:`), ellipsis (`...`), numpy.newaxis (`None`) and integer or boolean arrays are valid indices
